###############################################################################
#
# IAR ELF Linker V8.40.2.214/W32 for ARM                  13/Oct/2023  16:04:13
# Copyright 2007-2019 IAR Systems AB.
#
#    Output file  =
#        D:\Saoviet_Bitbucket\Saoviet_Container\EWARM\GSM_Container\Exe\GSM_Container.out
#    Map file     =
#        D:\Saoviet_Bitbucket\Saoviet_Container\EWARM\GSM_Container\List\GSM_Container.map
#    Command line =
#        -f C:\Users\PC\AppData\Local\Temp\EW4139.tmp
#        (D:\Saoviet_Bitbucket\Saoviet_Container\EWARM\GSM_Container\Obj\adc.o
#        D:\Saoviet_Bitbucket\Saoviet_Container\EWARM\GSM_Container\Obj\cat24mxx.o
#        D:\Saoviet_Bitbucket\Saoviet_Container\EWARM\GSM_Container\Obj\event_driven.o
#        D:\Saoviet_Bitbucket\Saoviet_Container\EWARM\GSM_Container\Obj\gpio.o
#        D:\Saoviet_Bitbucket\Saoviet_Container\EWARM\GSM_Container\Obj\i2c.o
#        D:\Saoviet_Bitbucket\Saoviet_Container\EWARM\GSM_Container\Obj\main.o
#        D:\Saoviet_Bitbucket\Saoviet_Container\EWARM\GSM_Container\Obj\MQTTConnectClient.o
#        D:\Saoviet_Bitbucket\Saoviet_Container\EWARM\GSM_Container\Obj\MQTTConnectServer.o
#        D:\Saoviet_Bitbucket\Saoviet_Container\EWARM\GSM_Container\Obj\MQTTDeserializePublish.o
#        D:\Saoviet_Bitbucket\Saoviet_Container\EWARM\GSM_Container\Obj\MQTTFormat.o
#        D:\Saoviet_Bitbucket\Saoviet_Container\EWARM\GSM_Container\Obj\MQTTPacket.o
#        D:\Saoviet_Bitbucket\Saoviet_Container\EWARM\GSM_Container\Obj\MQTTSerializePublish.o
#        D:\Saoviet_Bitbucket\Saoviet_Container\EWARM\GSM_Container\Obj\MQTTSubscribeClient.o
#        D:\Saoviet_Bitbucket\Saoviet_Container\EWARM\GSM_Container\Obj\MQTTSubscribeServer.o
#        D:\Saoviet_Bitbucket\Saoviet_Container\EWARM\GSM_Container\Obj\MQTTUnsubscribeClient.o
#        D:\Saoviet_Bitbucket\Saoviet_Container\EWARM\GSM_Container\Obj\MQTTUnsubscribeServer.o
#        D:\Saoviet_Bitbucket\Saoviet_Container\EWARM\GSM_Container\Obj\onchipflash.o
#        D:\Saoviet_Bitbucket\Saoviet_Container\EWARM\GSM_Container\Obj\queue_p.o
#        D:\Saoviet_Bitbucket\Saoviet_Container\EWARM\GSM_Container\Obj\rtc.o
#        D:\Saoviet_Bitbucket\Saoviet_Container\EWARM\GSM_Container\Obj\S25FL216K.o
#        D:\Saoviet_Bitbucket\Saoviet_Container\EWARM\GSM_Container\Obj\spi.o
#        D:\Saoviet_Bitbucket\Saoviet_Container\EWARM\GSM_Container\Obj\startup_stm32l151xc.o
#        D:\Saoviet_Bitbucket\Saoviet_Container\EWARM\GSM_Container\Obj\stm32l1xx_hal.o
#        D:\Saoviet_Bitbucket\Saoviet_Container\EWARM\GSM_Container\Obj\stm32l1xx_hal_adc.o
#        D:\Saoviet_Bitbucket\Saoviet_Container\EWARM\GSM_Container\Obj\stm32l1xx_hal_adc_ex.o
#        D:\Saoviet_Bitbucket\Saoviet_Container\EWARM\GSM_Container\Obj\stm32l1xx_hal_cortex.o
#        D:\Saoviet_Bitbucket\Saoviet_Container\EWARM\GSM_Container\Obj\stm32l1xx_hal_dma.o
#        D:\Saoviet_Bitbucket\Saoviet_Container\EWARM\GSM_Container\Obj\stm32l1xx_hal_exti.o
#        D:\Saoviet_Bitbucket\Saoviet_Container\EWARM\GSM_Container\Obj\stm32l1xx_hal_flash.o
#        D:\Saoviet_Bitbucket\Saoviet_Container\EWARM\GSM_Container\Obj\stm32l1xx_hal_flash_ex.o
#        D:\Saoviet_Bitbucket\Saoviet_Container\EWARM\GSM_Container\Obj\stm32l1xx_hal_flash_ramfunc.o
#        D:\Saoviet_Bitbucket\Saoviet_Container\EWARM\GSM_Container\Obj\stm32l1xx_hal_gpio.o
#        D:\Saoviet_Bitbucket\Saoviet_Container\EWARM\GSM_Container\Obj\stm32l1xx_hal_i2c.o
#        D:\Saoviet_Bitbucket\Saoviet_Container\EWARM\GSM_Container\Obj\stm32l1xx_hal_msp.o
#        D:\Saoviet_Bitbucket\Saoviet_Container\EWARM\GSM_Container\Obj\stm32l1xx_hal_pwr.o
#        D:\Saoviet_Bitbucket\Saoviet_Container\EWARM\GSM_Container\Obj\stm32l1xx_hal_pwr_ex.o
#        D:\Saoviet_Bitbucket\Saoviet_Container\EWARM\GSM_Container\Obj\stm32l1xx_hal_rcc.o
#        D:\Saoviet_Bitbucket\Saoviet_Container\EWARM\GSM_Container\Obj\stm32l1xx_hal_rcc_ex.o
#        D:\Saoviet_Bitbucket\Saoviet_Container\EWARM\GSM_Container\Obj\stm32l1xx_hal_rtc.o
#        D:\Saoviet_Bitbucket\Saoviet_Container\EWARM\GSM_Container\Obj\stm32l1xx_hal_rtc_ex.o
#        D:\Saoviet_Bitbucket\Saoviet_Container\EWARM\GSM_Container\Obj\stm32l1xx_hal_spi.o
#        D:\Saoviet_Bitbucket\Saoviet_Container\EWARM\GSM_Container\Obj\stm32l1xx_hal_tim.o
#        D:\Saoviet_Bitbucket\Saoviet_Container\EWARM\GSM_Container\Obj\stm32l1xx_hal_tim_ex.o
#        D:\Saoviet_Bitbucket\Saoviet_Container\EWARM\GSM_Container\Obj\stm32l1xx_hal_uart.o
#        D:\Saoviet_Bitbucket\Saoviet_Container\EWARM\GSM_Container\Obj\stm32l1xx_it.o
#        D:\Saoviet_Bitbucket\Saoviet_Container\EWARM\GSM_Container\Obj\system_stm32l1xx.o
#        D:\Saoviet_Bitbucket\Saoviet_Container\EWARM\GSM_Container\Obj\usart.o
#        D:\Saoviet_Bitbucket\Saoviet_Container\EWARM\GSM_Container\Obj\user_adc.o
#        D:\Saoviet_Bitbucket\Saoviet_Container\EWARM\GSM_Container\Obj\user_app_comm.o
#        D:\Saoviet_Bitbucket\Saoviet_Container\EWARM\GSM_Container\Obj\user_app_inverter.o
#        D:\Saoviet_Bitbucket\Saoviet_Container\EWARM\GSM_Container\Obj\user_app_mem.o
#        D:\Saoviet_Bitbucket\Saoviet_Container\EWARM\GSM_Container\Obj\user_app_sim.o
#        D:\Saoviet_Bitbucket\Saoviet_Container\EWARM\GSM_Container\Obj\user_at_serial.o
#        D:\Saoviet_Bitbucket\Saoviet_Container\EWARM\GSM_Container\Obj\user_ec200u.o
#        D:\Saoviet_Bitbucket\Saoviet_Container\EWARM\GSM_Container\Obj\user_external_eeprom.o
#        D:\Saoviet_Bitbucket\Saoviet_Container\EWARM\GSM_Container\Obj\user_external_flash.o
#        D:\Saoviet_Bitbucket\Saoviet_Container\EWARM\GSM_Container\Obj\user_internal_mem.o
#        D:\Saoviet_Bitbucket\Saoviet_Container\EWARM\GSM_Container\Obj\user_log.o
#        D:\Saoviet_Bitbucket\Saoviet_Container\EWARM\GSM_Container\Obj\user_lpm.o
#        D:\Saoviet_Bitbucket\Saoviet_Container\EWARM\GSM_Container\Obj\user_modbus_rtu.o
#        D:\Saoviet_Bitbucket\Saoviet_Container\EWARM\GSM_Container\Obj\user_modem.o
#        D:\Saoviet_Bitbucket\Saoviet_Container\EWARM\GSM_Container\Obj\user_modem_init.o
#        D:\Saoviet_Bitbucket\Saoviet_Container\EWARM\GSM_Container\Obj\user_mqtt.o
#        D:\Saoviet_Bitbucket\Saoviet_Container\EWARM\GSM_Container\Obj\user_obis_sv.o
#        D:\Saoviet_Bitbucket\Saoviet_Container\EWARM\GSM_Container\Obj\user_rtc.o
#        D:\Saoviet_Bitbucket\Saoviet_Container\EWARM\GSM_Container\Obj\user_sim.o
#        D:\Saoviet_Bitbucket\Saoviet_Container\EWARM\GSM_Container\Obj\user_sim_common.o
#        D:\Saoviet_Bitbucket\Saoviet_Container\EWARM\GSM_Container\Obj\user_string.o
#        D:\Saoviet_Bitbucket\Saoviet_Container\EWARM\GSM_Container\Obj\user_time.o
#        D:\Saoviet_Bitbucket\Saoviet_Container\EWARM\GSM_Container\Obj\user_timer.o
#        D:\Saoviet_Bitbucket\Saoviet_Container\EWARM\GSM_Container\Obj\user_uart.o
#        D:\Saoviet_Bitbucket\Saoviet_Container\EWARM\GSM_Container\Obj\user_util.o
#        --no_out_extension -o
#        D:\Saoviet_Bitbucket\Saoviet_Container\EWARM\GSM_Container\Exe\GSM_Container.out
#        --redirect _Printf=_PrintfFullNoMb --redirect _Scanf=_ScanfFullNoMb
#        --map
#        D:\Saoviet_Bitbucket\Saoviet_Container\EWARM\GSM_Container\List\GSM_Container.map
#        --config
#        D:\Saoviet_Bitbucket\Saoviet_Container\EWARM/stm32l151xc_flash.icf
#        --semihosting --entry __iar_program_start --vfe --text_out locale)
#
###############################################################################

*******************************************************************************
*** RUNTIME MODEL ATTRIBUTES
***

CppFlavor       = *
__SystemLibrary = DLib
__dlib_version  = 6


*******************************************************************************
*** HEAP SELECTION
***

The basic heap was selected because no calls to memory allocation
functions were found in the application outside of system library
functions, and there are calls to deallocation functions in the
application.


*******************************************************************************
*** PLACEMENT SUMMARY
***

"A0":  place at address 0x800'0000 { ro section .intvec };
"P1":  place in [from 0x800'0000 to 0x803'ffff] { ro };
define block CSTACK with size = 1K, alignment = 8 { };
define block HEAP with size = 512, alignment = 8 { };
"P2":  place in [from 0x2000'0000 to 0x2000'7fff] {
          rw, block CSTACK, block HEAP };
initialize by copy { rw };

  Section            Kind         Address      Size  Object
  -------            ----         -------      ----  ------
"A0":                                         0x124
  .intvec            ro code   0x800'0000     0x124  startup_stm32l151xc.o [1]
                             - 0x800'0124     0x124

"P1":                                      0x1'49c3
  .text              ro code   0x800'0124    0x1c0c  user_at_serial.o [1]
  .text              ro code   0x800'1d30     0x204  user_modem.o [1]
  .text              ro code   0x800'1f34     0x570  user_util.o [1]
  .text              ro code   0x800'24a4     0x1ac  user_modem_init.o [1]
  .text              ro code   0x800'2650    0x1368  user_sim.o [1]
  .text              ro code   0x800'39b8      0x14  memset.o [4]
  .text              ro code   0x800'39cc      0x54  event_driven.o [1]
  .text              ro code   0x800'3a20     0x498  user_app_comm.o [1]
  .text              ro code   0x800'3eb8      0xa6  ABImemcpy.o [4]
  .text              ro code   0x800'3f5e      0x3a  zero_init3.o [4]
  .text              ro code   0x800'3f98     0x29c  user_time.o [1]
  .text              ro code   0x800'4234     0x740  stm32l1xx_hal_rtc.o [1]
  .text              ro code   0x800'4974     0x314  user_string.o [1]
  .text              ro code   0x800'4c88     0xe3c  user_app_mem.o [1]
  .text              ro code   0x800'5ac4    0x1270  user_app_inverter.o [1]
  .text              ro code   0x800'6d34     0x394  stm32l1xx_hal_gpio.o [1]
  .text              ro code   0x800'70c8     0x7f8  stm32l1xx_hal_uart.o [1]
  .text              ro code   0x800'78c0       0x2  user_adc.o [1]
  .rodata            const     0x800'78c2       0x2  user_ec200u.o [1]
  .text              ro code   0x800'78c4     0x534  stm32l1xx_hal_adc.o [1]
  .text              ro code   0x800'7df8     0x114  user_uart.o [1]
  .text              ro code   0x800'7f0c     0x268  usart.o [1]
  .text              ro code   0x800'8174      0x66  ABImemset.o [4]
  .rodata            const     0x800'81da       0x2  user_ec200u.o [1]
  .text              ro code   0x800'81dc     0x230  I64DivMod.o [4]
  .text              ro code   0x800'840c      0x36  strlen.o [4]
  .text              ro code   0x800'8444     0x2d0  user_internal_mem.o [1]
  .text              ro code   0x800'8714     0x1d0  onchipflash.o [1]
  .text              ro code   0x800'88e4     0x3c4  user_timer.o [1]
  .text              ro code   0x800'8ca8     0xc40  user_ec200u.o [1]
  .text              ro code   0x800'98e8     0x7c4  user_sim_common.o [1]
  .text              ro code   0x800'a0ac     0x1b8  queue_p.o [1]
  .text              ro code   0x800'a264       0xc  stm32l1xx_hal.o [1]
  .text              ro code   0x800'a270     0xbbc  user_external_flash.o [1]
  .text              ro code   0x800'ae2c     0xa80  user_app_sim.o [1]
  .text              ro code   0x800'b8ac     0x184  user_lpm.o [1]
  .text              ro code   0x800'ba30      0x28  stm32l1xx_hal.o [1]
  .text              ro code   0x800'ba58      0x2c  rtc.o [1]
  .text              ro code   0x800'ba84     0x3a8  user_rtc.o [1]
  .text              ro code   0x800'be2c       0x2  stm32l1xx_hal_rtc_ex.o [1]
  .text              ro code   0x800'be30     0x3ac  user_external_eeprom.o [1]
  .text              ro code   0x800'c1dc      0xbc  spi.o [1]
  .text              ro code   0x800'c298      0xd8  user_modbus_rtu.o [1]
  .text              ro code   0x800'c370      0xb2  stm32l1xx_hal_dma.o [1]
  .text              ro code   0x800'c422       0x2  stm32l1xx_hal_uart.o [1]
  .text              ro code   0x800'c424       0x2  stm32l1xx_hal_uart.o [1]
  .text              ro code   0x800'c426       0x2  stm32l1xx_hal_uart.o [1]
  .text              ro code   0x800'c428     0x86c  stm32l1xx_hal_rcc.o [1]
  .text              ro code   0x800'cc94     0x1a4  adc.o [1]
  .text              ro code   0x800'ce38      0xd8  main.o [1]
  .text              ro code   0x800'cf10     0x190  stm32l1xx_hal_cortex.o [1]
  .text              ro code   0x800'd0a0       0x2  I64DivZer.o [4]
  .text              ro code   0x800'd0a4     0x1a8  stm32l1xx_hal_flash.o [1]
  .text              ro code   0x800'd24c      0x2c  stm32l1xx_hal_flash_ex.o [1]
  .text              ro code   0x800'd278      0x2c  strstr.o [2]
  .text              ro code   0x800'd2a4      0x92  S25FL216K.o [1]
  .text              ro code   0x800'd338    0x1458  user_mqtt.o [1]
  .text              ro code   0x800'e790       0x6  ABImemclr4.o [4]
  .text              ro code   0x800'e798      0x1a  U32ToDbl.o [3]
  .text              ro code   0x800'e7b4     0x758  pow64.o [3]
  .text              ro code   0x800'ef0c     0x246  DblDiv.o [3]
  .text              ro code   0x800'f154      0x54  stm32l1xx_hal_pwr_ex.o [1]
  .text              ro code   0x800'f1a8      0x7c  stm32l1xx_hal_pwr.o [1]
  .text              ro code   0x800'f224      0x10  stm32l1xx_hal.o [1]
  .text              ro code   0x800'f234      0x10  stm32l1xx_hal.o [1]
  .text              ro code   0x800'f244      0x4c  stm32l1xx_hal.o [1]
  .text              ro code   0x800'f290      0x3e  stm32l1xx_hal_rtc_ex.o [1]
  .text              ro code   0x800'f2d0     0x1a0  cat24mxx.o [1]
  .text              ro code   0x800'f470     0x44c  stm32l1xx_hal_spi.o [1]
  .text              ro code   0x800'f8bc      0x60  stm32l1xx_hal.o [1]
  .text              ro code   0x800'f91c     0x1c8  gpio.o [1]
  .text              ro code   0x800'fae4      0xb0  i2c.o [1]
  .text              ro code   0x800'fb94     0x160  stm32l1xx_hal_rcc_ex.o [1]
  .text              ro code   0x800'fcf4      0x16  strchr.o [4]
  .text              ro code   0x800'fd0c      0xe0  MQTTSerializePublish.o [1]
  .text              ro code   0x800'fdec      0xe8  MQTTSubscribeClient.o [1]
  .text              ro code   0x800'fed4     0x200  MQTTConnectClient.o [1]
  .text              ro code   0x801'00d4      0x32  ABImemset48.o [4]
  .text              ro code   0x801'0108      0x20  DblCmpEq.o [3]
  .text              ro code   0x801'0128      0x70  frexp.o [3]
  .text              ro code   0x801'0198      0x2e  DblCmpLe.o [3]
  .text              ro code   0x801'01c8     0x13a  ldexp.o [3]
  .text              ro code   0x801'0304     0x1a2  DblMul.o [3]
  .text              ro code   0x801'04a8     0x17a  DblAdd.o [3]
  .text              ro code   0x801'0624      0x3a  DblToS32.o [3]
  .text              ro code   0x801'0660      0x22  S32ToDbl.o [3]
  .text              ro code   0x801'0684      0xe2  DblSub.o [3]
  .text              ro code   0x801'0768      0x2e  DblCmpGe.o [3]
  .text              ro code   0x801'0798     0x374  iar_Exp64.o [3]
  .text              ro code   0x801'0b0c      0x48  stm32l1xx_hal_msp.o [1]
  .text              ro code   0x801'0b54     0xb66  stm32l1xx_hal_i2c.o [1]
  .text              ro code   0x801'16bc     0x11c  MQTTPacket.o [1]
  .rodata            const     0x801'17d8     0x758  user_ec200u.o [1]
  .rodata            const     0x801'1f30      0x6c  user_mqtt.o [1]
  .rodata            const     0x801'1fa0     0x420  pow64.o [3]
  .rodata            const     0x801'23c0     0x350  user_at_serial.o [1]
  .text              ro code   0x801'2710     0x1f0  user_log.o [1]
  .rodata            const     0x801'2900     0x1b0  user_mqtt.o [1]
  .rodata            const     0x801'2ab0      0xf0  user_ec200u.o [1]
  .rodata            const     0x801'2ba0      0x90  user_mqtt.o [1]
  .text              ro code   0x801'2c30      0x78  lz77_init_single.o [4]
  .text              ro code   0x801'2ca8      0x5c  stm32l1xx_it.o [1]
  .text              ro code   0x801'2d04      0x18  stm32l1xx_hal.o [1]
  .rodata            const     0x801'2d1c      0x2c  user_ec200u.o [1]
  .rodata            const     0x801'2d48      0x2c  user_rtc.o [1]
  .rodata            const     0x801'2d74      0x28  user_app_mem.o [1]
  .rodata            const     0x801'2d9c      0x28  user_app_mem.o [1]
  .rodata            const     0x801'2dc4      0x28  user_ec200u.o [1]
  .rodata            const     0x801'2dec      0x28  user_external_eeprom.o [1]
  .rodata            const     0x801'2e14      0x28  user_external_eeprom.o [1]
  .rodata            const     0x801'2e3c      0x28  user_external_eeprom.o [1]
  .rodata            const     0x801'2e64      0x28  user_external_flash.o [1]
  .rodata            const     0x801'2e8c      0x28  user_external_flash.o [1]
  .rodata            const     0x801'2eb4      0x28  user_external_flash.o [1]
  .rodata            const     0x801'2edc      0x28  user_external_flash.o [1]
  .rodata            const     0x801'2f04      0x28  user_external_flash.o [1]
  .rodata            const     0x801'2f2c      0x28  user_external_flash.o [1]
  .rodata            const     0x801'2f54      0x28  user_internal_mem.o [1]
  .rodata            const     0x801'2f7c      0x28  user_internal_mem.o [1]
  .rodata            const     0x801'2fa4      0x28  user_internal_mem.o [1]
  .text              ro code   0x801'2fcc      0x28  data_init.o [4]
  .rodata            const     0x801'2ff4      0x24  user_app_inverter.o [1]
  .rodata            const     0x801'3018      0x24  user_app_mem.o [1]
  .rodata            const     0x801'303c      0x24  user_app_mem.o [1]
  .rodata            const     0x801'3060      0x24  user_app_mem.o [1]
  .rodata            const     0x801'3084      0x24  user_app_mem.o [1]
  .rodata            const     0x801'30a8      0x24  user_app_mem.o [1]
  .rodata            const     0x801'30cc      0x24  user_app_mem.o [1]
  .rodata            const     0x801'30f0      0x24  user_app_mem.o [1]
  .rodata            const     0x801'3114      0x24  user_app_mem.o [1]
  .rodata            const     0x801'3138      0x24  user_app_mem.o [1]
  .rodata            const     0x801'315c      0x24  user_app_mem.o [1]
  .rodata            const     0x801'3180      0x24  user_app_mem.o [1]
  .rodata            const     0x801'31a4      0x24  user_app_mem.o [1]
  .rodata            const     0x801'31c8      0x24  user_app_mem.o [1]
  .rodata            const     0x801'31ec      0x24  user_app_mem.o [1]
  .rodata            const     0x801'3210      0x24  user_app_mem.o [1]
  .rodata            const     0x801'3234      0x24  user_app_mem.o [1]
  .rodata            const     0x801'3258      0x24  user_app_mem.o [1]
  .rodata            const     0x801'327c      0x24  user_app_mem.o [1]
  .rodata            const     0x801'32a0      0x24  user_app_mem.o [1]
  .rodata            const     0x801'32c4      0x24  user_app_mem.o [1]
  .rodata            const     0x801'32e8      0x24  user_app_mem.o [1]
  .rodata            const     0x801'330c      0x24  user_app_mem.o [1]
  .rodata            const     0x801'3330      0x24  user_external_eeprom.o [1]
  .rodata            const     0x801'3354      0x24  user_external_eeprom.o [1]
  .rodata            const     0x801'3378      0x24  user_external_flash.o [1]
  .rodata            const     0x801'339c      0x24  user_external_flash.o [1]
  .rodata            const     0x801'33c0      0x24  user_mqtt.o [1]
  .iar.init_table    const     0x801'33e4      0x20  - Linker created -
  .rodata            const     0x801'3404      0x20  user_app_mem.o [1]
  .rodata            const     0x801'3424      0x20  user_app_sim.o [1]
  .rodata            const     0x801'3444      0x20  user_at_serial.o [1]
  .rodata            const     0x801'3464      0x20  user_ec200u.o [1]
  .rodata            const     0x801'3484      0x20  user_ec200u.o [1]
  .rodata            const     0x801'34a4      0x20  user_ec200u.o [1]
  .rodata            const     0x801'34c4      0x20  user_ec200u.o [1]
  .rodata            const     0x801'34e4      0x20  user_ec200u.o [1]
  .rodata            const     0x801'3504      0x20  user_modem.o [1]
  .rodata            const     0x801'3524      0x20  user_mqtt.o [1]
  .text              ro code   0x801'3544      0x1e  cmain.o [4]
  .text              ro code   0x801'3562       0x4  low_level_init.o [2]
  .text              ro code   0x801'3566       0x4  exit.o [2]
  .text              ro code   0x801'356c       0xa  cexit.o [4]
  .text              ro code   0x801'3578      0x14  exit.o [5]
  .rodata            const     0x801'358c      0x1c  user_app_comm.o [1]
  .rodata            const     0x801'35a8      0x1c  user_app_inverter.o [1]
  .rodata            const     0x801'35c4      0x1c  user_app_sim.o [1]
  .rodata            const     0x801'35e0      0x1c  user_ec200u.o [1]
  .rodata            const     0x801'35fc      0x1c  user_ec200u.o [1]
  .rodata            const     0x801'3618      0x1c  user_ec200u.o [1]
  .rodata            const     0x801'3634      0x1c  user_ec200u.o [1]
  .rodata            const     0x801'3650      0x1c  user_external_flash.o [1]
  .rodata            const     0x801'366c      0x1c  user_external_flash.o [1]
  .rodata            const     0x801'3688      0x1c  user_mqtt.o [1]
  .rodata            const     0x801'36a4      0x18  user_ec200u.o [1]
  .rodata            const     0x801'36bc      0x18  user_ec200u.o [1]
  .rodata            const     0x801'36d4      0x18  user_ec200u.o [1]
  .rodata            const     0x801'36ec      0x18  user_ec200u.o [1]
  .rodata            const     0x801'3704      0x18  user_ec200u.o [1]
  .rodata            const     0x801'371c      0x18  user_lpm.o [1]
  .rodata            const     0x801'3734      0x18  user_lpm.o [1]
  .rodata            const     0x801'374c      0x18  user_mqtt.o [1]
  .rodata            const     0x801'3764      0x18  user_sim.o [1]
  .rodata            const     0x801'377c      0x18  user_sim.o [1]
  .rodata            const     0x801'3794      0x14  user_app_comm.o [1]
  .rodata            const     0x801'37a8      0x14  user_app_mem.o [1]
  .rodata            const     0x801'37bc      0x14  user_at_serial.o [1]
  .rodata            const     0x801'37d0      0x14  user_at_serial.o [1]
  .rodata            const     0x801'37e4      0x14  user_at_serial.o [1]
  .rodata            const     0x801'37f8      0x14  user_at_serial.o [1]
  .rodata            const     0x801'380c      0x14  user_ec200u.o [1]
  .rodata            const     0x801'3820      0x14  user_ec200u.o [1]
  .rodata            const     0x801'3834      0x14  user_ec200u.o [1]
  .rodata            const     0x801'3848      0x14  user_ec200u.o [1]
  .rodata            const     0x801'385c      0x14  user_ec200u.o [1]
  .rodata            const     0x801'3870      0x14  user_ec200u.o [1]
  .rodata            const     0x801'3884      0x14  user_ec200u.o [1]
  .rodata            const     0x801'3898      0x14  user_ec200u.o [1]
  .rodata            const     0x801'38ac      0x14  user_ec200u.o [1]
  .rodata            const     0x801'38c0      0x14  user_ec200u.o [1]
  .rodata            const     0x801'38d4      0x14  user_ec200u.o [1]
  .rodata            const     0x801'38e8      0x14  user_ec200u.o [1]
  .rodata            const     0x801'38fc      0x14  user_external_flash.o [1]
  .rodata            const     0x801'3910      0x14  user_external_flash.o [1]
  .rodata            const     0x801'3924      0x14  user_external_flash.o [1]
  .rodata            const     0x801'3938      0x14  user_external_flash.o [1]
  .rodata            const     0x801'394c      0x14  user_external_flash.o [1]
  .rodata            const     0x801'3960      0x14  user_modem.o [1]
  .rodata            const     0x801'3974      0x14  user_mqtt.o [1]
  .rodata            const     0x801'3988      0x14  user_mqtt.o [1]
  .rodata            const     0x801'399c      0x14  user_mqtt.o [1]
  .rodata            const     0x801'39b0      0x14  user_mqtt.o [1]
  .rodata            const     0x801'39c4      0x14  user_mqtt.o [1]
  .rodata            const     0x801'39d8      0x14  user_mqtt.o [1]
  .rodata            const     0x801'39ec      0x14  user_mqtt.o [1]
  .rodata            const     0x801'3a00      0x14  user_mqtt.o [1]
  .rodata            const     0x801'3a14      0x14  user_sim.o [1]
  .rodata            const     0x801'3a28      0x14  user_sim.o [1]
  .rodata            const     0x801'3a3c      0x14  user_sim.o [1]
  .rodata            const     0x801'3a50      0x14  user_sim.o [1]
  .rodata            const     0x801'3a64      0x14  user_sim.o [1]
  .rodata            const     0x801'3a78      0x14  user_sim.o [1]
  .rodata            const     0x801'3a8c      0x10  system_stm32l1xx.o [1]
  .rodata            const     0x801'3a9c      0x10  user_app_comm.o [1]
  .rodata            const     0x801'3aac      0x10  user_app_comm.o [1]
  .rodata            const     0x801'3abc      0x10  user_app_mem.o [1]
  .rodata            const     0x801'3acc      0x10  user_at_serial.o [1]
  .rodata            const     0x801'3adc      0x10  user_at_serial.o [1]
  .rodata            const     0x801'3aec      0x10  user_at_serial.o [1]
  .rodata            const     0x801'3afc      0x10  user_at_serial.o [1]
  .rodata            const     0x801'3b0c      0x10  user_at_serial.o [1]
  .rodata            const     0x801'3b1c      0x10  user_at_serial.o [1]
  .rodata            const     0x801'3b2c      0x10  user_at_serial.o [1]
  .rodata            const     0x801'3b3c      0x10  user_at_serial.o [1]
  .rodata            const     0x801'3b4c      0x10  user_at_serial.o [1]
  .rodata            const     0x801'3b5c      0x10  user_at_serial.o [1]
  .rodata            const     0x801'3b6c      0x10  user_at_serial.o [1]
  .rodata            const     0x801'3b7c      0x10  user_at_serial.o [1]
  .rodata            const     0x801'3b8c      0x10  user_at_serial.o [1]
  .rodata            const     0x801'3b9c      0x10  user_at_serial.o [1]
  .rodata            const     0x801'3bac      0x10  user_at_serial.o [1]
  .rodata            const     0x801'3bbc      0x10  user_at_serial.o [1]
  .rodata            const     0x801'3bcc      0x10  user_at_serial.o [1]
  .rodata            const     0x801'3bdc      0x10  user_at_serial.o [1]
  .rodata            const     0x801'3bec      0x10  user_at_serial.o [1]
  .rodata            const     0x801'3bfc      0x10  user_at_serial.o [1]
  .rodata            const     0x801'3c0c      0x10  user_at_serial.o [1]
  .rodata            const     0x801'3c1c      0x10  user_at_serial.o [1]
  .rodata            const     0x801'3c2c      0x10  user_at_serial.o [1]
  .rodata            const     0x801'3c3c      0x10  user_at_serial.o [1]
  .rodata            const     0x801'3c4c      0x10  user_at_serial.o [1]
  .rodata            const     0x801'3c5c      0x10  user_at_serial.o [1]
  .rodata            const     0x801'3c6c      0x10  user_at_serial.o [1]
  .rodata            const     0x801'3c7c      0x10  user_ec200u.o [1]
  .rodata            const     0x801'3c8c      0x10  user_ec200u.o [1]
  .rodata            const     0x801'3c9c      0x10  user_ec200u.o [1]
  .rodata            const     0x801'3cac      0x10  user_ec200u.o [1]
  .rodata            const     0x801'3cbc      0x10  user_ec200u.o [1]
  .rodata            const     0x801'3ccc      0x10  user_ec200u.o [1]
  .rodata            const     0x801'3cdc      0x10  user_ec200u.o [1]
  .rodata            const     0x801'3cec      0x10  user_ec200u.o [1]
  .rodata            const     0x801'3cfc      0x10  user_ec200u.o [1]
  .rodata            const     0x801'3d0c      0x10  user_ec200u.o [1]
  .rodata            const     0x801'3d1c      0x10  user_ec200u.o [1]
  .rodata            const     0x801'3d2c      0x10  user_ec200u.o [1]
  .rodata            const     0x801'3d3c      0x10  user_ec200u.o [1]
  .rodata            const     0x801'3d4c      0x10  user_ec200u.o [1]
  .rodata            const     0x801'3d5c      0x10  user_ec200u.o [1]
  .rodata            const     0x801'3d6c      0x10  user_ec200u.o [1]
  .rodata            const     0x801'3d7c      0x10  user_ec200u.o [1]
  .rodata            const     0x801'3d8c      0x10  user_ec200u.o [1]
  .rodata            const     0x801'3d9c      0x10  user_ec200u.o [1]
  .rodata            const     0x801'3dac      0x10  user_external_flash.o [1]
  .rodata            const     0x801'3dbc      0x10  user_external_flash.o [1]
  .rodata            const     0x801'3dcc      0x10  user_external_flash.o [1]
  .rodata            const     0x801'3ddc      0x10  user_external_flash.o [1]
  .rodata            const     0x801'3dec      0x10  user_mqtt.o [1]
  .rodata            const     0x801'3dfc      0x10  user_mqtt.o [1]
  .rodata            const     0x801'3e0c      0x10  user_mqtt.o [1]
  .rodata            const     0x801'3e1c      0x10  user_mqtt.o [1]
  .rodata            const     0x801'3e2c      0x10  user_mqtt.o [1]
  .rodata            const     0x801'3e3c      0x10  user_mqtt.o [1]
  .rodata            const     0x801'3e4c      0x10  user_mqtt.o [1]
  .rodata            const     0x801'3e5c      0x10  user_mqtt.o [1]
  .rodata            const     0x801'3e6c      0x10  user_mqtt.o [1]
  .rodata            const     0x801'3e7c      0x10  user_mqtt.o [1]
  .rodata            const     0x801'3e8c      0x10  user_mqtt.o [1]
  .rodata            const     0x801'3e9c      0x10  user_mqtt.o [1]
  .rodata            const     0x801'3eac      0x10  user_mqtt.o [1]
  .rodata            const     0x801'3ebc      0x10  user_mqtt.o [1]
  .rodata            const     0x801'3ecc      0x10  user_sim.o [1]
  .rodata            const     0x801'3edc      0x10  user_sim_common.o [1]
  .text              ro code   0x801'3eec      0x10  startup_stm32l151xc.o [1]
  .rodata            const     0x801'3efc       0xc  system_stm32l1xx.o [1]
  .rodata            const     0x801'3f08       0xc  user_at_serial.o [1]
  .rodata            const     0x801'3f14       0xc  user_at_serial.o [1]
  .rodata            const     0x801'3f20       0xc  user_at_serial.o [1]
  .rodata            const     0x801'3f2c       0xc  user_at_serial.o [1]
  .rodata            const     0x801'3f38       0xc  user_at_serial.o [1]
  .rodata            const     0x801'3f44       0xc  user_at_serial.o [1]
  .rodata            const     0x801'3f50       0xc  user_at_serial.o [1]
  .rodata            const     0x801'3f5c       0xc  user_at_serial.o [1]
  .rodata            const     0x801'3f68       0xc  user_at_serial.o [1]
  .rodata            const     0x801'3f74       0xc  user_at_serial.o [1]
  .rodata            const     0x801'3f80       0xc  user_at_serial.o [1]
  .rodata            const     0x801'3f8c       0xc  user_at_serial.o [1]
  .rodata            const     0x801'3f98       0xc  user_at_serial.o [1]
  .rodata            const     0x801'3fa4       0xc  user_at_serial.o [1]
  .rodata            const     0x801'3fb0       0xc  user_at_serial.o [1]
  .rodata            const     0x801'3fbc       0xc  user_at_serial.o [1]
  .rodata            const     0x801'3fc8       0xc  user_at_serial.o [1]
  .rodata            const     0x801'3fd4       0xc  user_at_serial.o [1]
  .rodata            const     0x801'3fe0       0xc  user_at_serial.o [1]
  .rodata            const     0x801'3fec       0xc  user_at_serial.o [1]
  .rodata            const     0x801'3ff8       0xc  user_at_serial.o [1]
  .rodata            const     0x801'4004       0xc  user_at_serial.o [1]
  .rodata            const     0x801'4010       0xc  user_at_serial.o [1]
  .rodata            const     0x801'401c       0xc  user_ec200u.o [1]
  .rodata            const     0x801'4028       0xc  user_ec200u.o [1]
  .rodata            const     0x801'4034       0xc  user_ec200u.o [1]
  .rodata            const     0x801'4040       0xc  user_ec200u.o [1]
  .rodata            const     0x801'404c       0xc  user_ec200u.o [1]
  .rodata            const     0x801'4058       0xc  user_ec200u.o [1]
  .rodata            const     0x801'4064       0xc  user_ec200u.o [1]
  .rodata            const     0x801'4070       0xc  user_ec200u.o [1]
  .rodata            const     0x801'407c       0xc  user_ec200u.o [1]
  .rodata            const     0x801'4088       0xc  user_ec200u.o [1]
  .rodata            const     0x801'4094       0xc  user_ec200u.o [1]
  .rodata            const     0x801'40a0       0xc  user_ec200u.o [1]
  .rodata            const     0x801'40ac       0xc  user_ec200u.o [1]
  .rodata            const     0x801'40b8       0xc  user_ec200u.o [1]
  .rodata            const     0x801'40c4       0xc  user_ec200u.o [1]
  .rodata            const     0x801'40d0       0xc  user_ec200u.o [1]
  .rodata            const     0x801'40dc       0xc  user_ec200u.o [1]
  .rodata            const     0x801'40e8       0xc  user_ec200u.o [1]
  .rodata            const     0x801'40f4       0xc  user_ec200u.o [1]
  .rodata            const     0x801'4100       0xc  user_ec200u.o [1]
  .rodata            const     0x801'410c       0xc  user_ec200u.o [1]
  .rodata            const     0x801'4118       0xc  user_ec200u.o [1]
  .rodata            const     0x801'4124       0xc  user_ec200u.o [1]
  .rodata            const     0x801'4130       0xc  user_ec200u.o [1]
  .rodata            const     0x801'413c       0xc  user_ec200u.o [1]
  .rodata            const     0x801'4148       0xc  user_ec200u.o [1]
  .rodata            const     0x801'4154       0xc  user_ec200u.o [1]
  .rodata            const     0x801'4160       0xc  user_ec200u.o [1]
  .rodata            const     0x801'416c       0xc  user_ec200u.o [1]
  .rodata            const     0x801'4178       0xc  user_ec200u.o [1]
  .rodata            const     0x801'4184       0xc  user_ec200u.o [1]
  .rodata            const     0x801'4190       0xc  user_ec200u.o [1]
  .rodata            const     0x801'419c       0xc  user_ec200u.o [1]
  .rodata            const     0x801'41a8       0xc  user_ec200u.o [1]
  .rodata            const     0x801'41b4       0xc  user_ec200u.o [1]
  .rodata            const     0x801'41c0       0xc  user_mqtt.o [1]
  .rodata            const     0x801'41cc       0xc  user_rtc.o [1]
  .rodata            const     0x801'41d8       0xc  user_rtc.o [1]
  .rodata            const     0x801'41e4       0xc  user_sim_common.o [1]
  .text              ro code   0x801'41f0       0xc  cstartup_M.o [4]
  .rodata            const     0x801'41fc       0x8  MQTTConnectClient.o [1]
  .rodata            const     0x801'4204       0x8  system_stm32l1xx.o [1]
  .rodata            const     0x801'420c       0x8  user_app_inverter.o [1]
  .rodata            const     0x801'4214       0x8  user_app_inverter.o [1]
  .rodata            const     0x801'421c       0x8  user_app_mem.o [1]
  .rodata            const     0x801'4224       0x8  user_app_sim.o [1]
  .rodata            const     0x801'422c       0x8  user_at_serial.o [1]
  .rodata            const     0x801'4234       0x8  user_at_serial.o [1]
  .rodata            const     0x801'423c       0x8  user_at_serial.o [1]
  .rodata            const     0x801'4244       0x8  user_at_serial.o [1]
  .rodata            const     0x801'424c       0x8  user_at_serial.o [1]
  .rodata            const     0x801'4254       0x8  user_at_serial.o [1]
  .rodata            const     0x801'425c       0x8  user_at_serial.o [1]
  .rodata            const     0x801'4264       0x8  user_at_serial.o [1]
  .rodata            const     0x801'426c       0x8  user_at_serial.o [1]
  .rodata            const     0x801'4274       0x8  user_at_serial.o [1]
  .rodata            const     0x801'427c       0x8  user_at_serial.o [1]
  .rodata            const     0x801'4284       0x8  user_at_serial.o [1]
  .rodata            const     0x801'428c       0x8  user_at_serial.o [1]
  .rodata            const     0x801'4294       0x8  user_at_serial.o [1]
  .rodata            const     0x801'429c       0x8  user_at_serial.o [1]
  .rodata            const     0x801'42a4       0x8  user_at_serial.o [1]
  .rodata            const     0x801'42ac       0x8  user_at_serial.o [1]
  .rodata            const     0x801'42b4       0x8  user_at_serial.o [1]
  .rodata            const     0x801'42bc       0x8  user_at_serial.o [1]
  .rodata            const     0x801'42c4       0x8  user_at_serial.o [1]
  .rodata            const     0x801'42cc       0x8  user_at_serial.o [1]
  .rodata            const     0x801'42d4       0x8  user_at_serial.o [1]
  .rodata            const     0x801'42dc       0x8  user_at_serial.o [1]
  .rodata            const     0x801'42e4       0x8  user_at_serial.o [1]
  .rodata            const     0x801'42ec       0x8  user_at_serial.o [1]
  .rodata            const     0x801'42f4       0x8  user_ec200u.o [1]
  .rodata            const     0x801'42fc       0x8  user_ec200u.o [1]
  .rodata            const     0x801'4304       0x8  user_ec200u.o [1]
  .rodata            const     0x801'430c       0x8  user_ec200u.o [1]
  .rodata            const     0x801'4314       0x8  user_ec200u.o [1]
  .rodata            const     0x801'431c       0x8  user_ec200u.o [1]
  .rodata            const     0x801'4324       0x8  user_ec200u.o [1]
  .rodata            const     0x801'432c       0x8  user_ec200u.o [1]
  .rodata            const     0x801'4334       0x8  user_ec200u.o [1]
  .rodata            const     0x801'433c       0x8  user_ec200u.o [1]
  .rodata            const     0x801'4344       0x8  user_ec200u.o [1]
  .rodata            const     0x801'434c       0x8  user_ec200u.o [1]
  .rodata            const     0x801'4354       0x8  user_ec200u.o [1]
  .rodata            const     0x801'435c       0x8  user_ec200u.o [1]
  .rodata            const     0x801'4364       0x8  user_ec200u.o [1]
  .rodata            const     0x801'436c       0x8  user_ec200u.o [1]
  .rodata            const     0x801'4374       0x8  user_ec200u.o [1]
  .rodata            const     0x801'437c       0x8  user_ec200u.o [1]
  .rodata            const     0x801'4384       0x8  user_ec200u.o [1]
  .rodata            const     0x801'438c       0x8  user_ec200u.o [1]
  .rodata            const     0x801'4394       0x8  user_ec200u.o [1]
  .rodata            const     0x801'439c       0x8  user_ec200u.o [1]
  .rodata            const     0x801'43a4       0x8  user_ec200u.o [1]
  .rodata            const     0x801'43ac       0x8  user_ec200u.o [1]
  .rodata            const     0x801'43b4       0x8  user_ec200u.o [1]
  .rodata            const     0x801'43bc       0x8  user_ec200u.o [1]
  .rodata            const     0x801'43c4       0x8  user_ec200u.o [1]
  .rodata            const     0x801'43cc       0x8  user_ec200u.o [1]
  .rodata            const     0x801'43d4       0x8  user_log.o [1]
  .rodata            const     0x801'43dc       0x8  user_mqtt.o [1]
  .rodata            const     0x801'43e4       0x8  user_mqtt.o [1]
  .rodata            const     0x801'43ec       0x8  user_mqtt.o [1]
  .rodata            const     0x801'43f4       0x8  user_mqtt.o [1]
  .rodata            const     0x801'43fc       0x8  user_mqtt.o [1]
  .rodata            const     0x801'4404       0x8  user_mqtt.o [1]
  .rodata            const     0x801'440c       0x8  user_mqtt.o [1]
  .rodata            const     0x801'4414       0x8  user_mqtt.o [1]
  .rodata            const     0x801'441c       0x8  user_mqtt.o [1]
  .rodata            const     0x801'4424       0x8  user_mqtt.o [1]
  .rodata            const     0x801'442c       0x8  user_mqtt.o [1]
  .rodata            const     0x801'4434       0x8  user_mqtt.o [1]
  .rodata            const     0x801'443c       0x8  user_mqtt.o [1]
  .rodata            const     0x801'4444       0x8  user_mqtt.o [1]
  .rodata            const     0x801'444c       0x8  user_mqtt.o [1]
  .rodata            const     0x801'4454       0x8  user_mqtt.o [1]
  .rodata            const     0x801'445c       0x8  user_mqtt.o [1]
  .rodata            const     0x801'4464       0x8  user_mqtt.o [1]
  .rodata            const     0x801'446c       0x8  user_mqtt.o [1]
  .rodata            const     0x801'4474       0x8  user_mqtt.o [1]
  .rodata            const     0x801'447c       0x8  user_mqtt.o [1]
  .rodata            const     0x801'4484       0x8  user_mqtt.o [1]
  .rodata            const     0x801'448c       0x8  user_mqtt.o [1]
  .rodata            const     0x801'4494       0x8  user_mqtt.o [1]
  .rodata            const     0x801'449c       0x8  user_mqtt.o [1]
  .rodata            const     0x801'44a4       0x8  user_mqtt.o [1]
  .rodata            const     0x801'44ac       0x8  user_mqtt.o [1]
  .rodata            const     0x801'44b4       0x8  user_mqtt.o [1]
  .rodata            const     0x801'44bc       0x8  user_mqtt.o [1]
  .rodata            const     0x801'44c4       0x8  user_mqtt.o [1]
  .rodata            const     0x801'44cc       0x8  user_mqtt.o [1]
  .rodata            const     0x801'44d4       0x8  user_mqtt.o [1]
  .rodata            const     0x801'44dc       0x8  user_mqtt.o [1]
  .rodata            const     0x801'44e4       0x8  user_mqtt.o [1]
  .rodata            const     0x801'44ec       0x8  user_mqtt.o [1]
  .rodata            const     0x801'44f4       0x8  user_mqtt.o [1]
  .rodata            const     0x801'44fc       0x8  user_sim.o [1]
  .rodata            const     0x801'4504       0x8  user_sim_common.o [1]
  .rodata            const     0x801'450c       0x8  user_sim_common.o [1]
  .rodata            const     0x801'4514       0x8  user_sim_common.o [1]
  .rodata            const     0x801'451c       0x8  user_sim_common.o [1]
  .rodata            const     0x801'4524       0x8  user_util.o [1]
  .rodata            const     0x801'452c       0x8  user_util.o [1]
  .rodata            const     0x801'4534       0x8  user_util.o [1]
  .rodata            const     0x801'453c       0x4  MQTTConnectClient.o [1]
  .rodata            const     0x801'4540       0x4  MQTTConnectClient.o [1]
  .rodata            const     0x801'4544       0x4  MQTTSerializePublish.o [1]
  .rodata            const     0x801'4548       0x4  MQTTSubscribeClient.o [1]
  .rodata            const     0x801'454c       0x4  user_at_serial.o [1]
  .rodata            const     0x801'4550       0x4  user_ec200u.o [1]
  .rodata            const     0x801'4554       0x4  user_ec200u.o [1]
  .rodata            const     0x801'4558       0x4  user_ec200u.o [1]
  .rodata            const     0x801'455c       0x4  user_ec200u.o [1]
  .rodata            const     0x801'4560       0x4  user_ec200u.o [1]
  .rodata            const     0x801'4564       0x4  user_mqtt.o [1]
  .rodata            const     0x801'4568       0x4  user_sim_common.o [1]
  .text              ro code   0x801'456c       0x4  startup_stm32l151xc.o [1]
  .text              ro code   0x801'4570       0x4  startup_stm32l151xc.o [1]
  .text              ro code   0x801'4574       0x4  startup_stm32l151xc.o [1]
  .text              ro code   0x801'4578       0x4  startup_stm32l151xc.o [1]
  .text              ro code   0x801'457c       0x4  startup_stm32l151xc.o [1]
  .text              ro code   0x801'4580       0x4  startup_stm32l151xc.o [1]
  .text              ro code   0x801'4584       0x4  startup_stm32l151xc.o [1]
  .text              ro code   0x801'4588       0x4  startup_stm32l151xc.o [1]
  .text              ro code   0x801'458c       0x4  startup_stm32l151xc.o [1]
  .text              ro code   0x801'4590       0x4  startup_stm32l151xc.o [1]
  .text              ro code   0x801'4594       0x4  startup_stm32l151xc.o [1]
  .text              ro code   0x801'4598       0x4  startup_stm32l151xc.o [1]
  .text              ro code   0x801'459c       0x4  startup_stm32l151xc.o [1]
  .text              ro code   0x801'45a0       0x4  startup_stm32l151xc.o [1]
  .text              ro code   0x801'45a4       0x4  startup_stm32l151xc.o [1]
  .text              ro code   0x801'45a8       0x4  startup_stm32l151xc.o [1]
  .text              ro code   0x801'45ac       0x4  startup_stm32l151xc.o [1]
  .text              ro code   0x801'45b0       0x4  startup_stm32l151xc.o [1]
  .text              ro code   0x801'45b4       0x4  startup_stm32l151xc.o [1]
  .text              ro code   0x801'45b8       0x4  startup_stm32l151xc.o [1]
  .text              ro code   0x801'45bc       0x4  startup_stm32l151xc.o [1]
  .text              ro code   0x801'45c0       0x4  startup_stm32l151xc.o [1]
  .text              ro code   0x801'45c4       0x4  startup_stm32l151xc.o [1]
  .text              ro code   0x801'45c8       0x4  startup_stm32l151xc.o [1]
  .text              ro code   0x801'45cc       0x4  startup_stm32l151xc.o [1]
  .text              ro code   0x801'45d0       0x4  startup_stm32l151xc.o [1]
  .text              ro code   0x801'45d4       0x4  startup_stm32l151xc.o [1]
  .text              ro code   0x801'45d8       0x4  startup_stm32l151xc.o [1]
  .text              ro code   0x801'45dc       0x4  startup_stm32l151xc.o [1]
  .text              ro code   0x801'45e0       0x4  startup_stm32l151xc.o [1]
  .text              ro code   0x801'45e4       0x4  startup_stm32l151xc.o [1]
  .text              ro code   0x801'45e8       0x4  startup_stm32l151xc.o [1]
  .text              ro code   0x801'45ec       0x4  startup_stm32l151xc.o [1]
  .text              ro code   0x801'45f0       0x4  startup_stm32l151xc.o [1]
  .text              ro code   0x801'45f4       0x4  startup_stm32l151xc.o [1]
  .text              ro code   0x801'45f8       0x4  startup_stm32l151xc.o [1]
  .text              ro code   0x801'45fc       0x4  startup_stm32l151xc.o [1]
  .text              ro code   0x801'4600       0x4  startup_stm32l151xc.o [1]
  .text              ro code   0x801'4604       0x4  startup_stm32l151xc.o [1]
  .text              ro code   0x801'4608       0x4  startup_stm32l151xc.o [1]
  .text              ro code   0x801'460c       0x4  startup_stm32l151xc.o [1]
  .text              ro code   0x801'4610       0x4  startup_stm32l151xc.o [1]
  .text              ro code   0x801'4614       0x4  startup_stm32l151xc.o [1]
  .text              ro code   0x801'4618       0x4  startup_stm32l151xc.o [1]
  .text              ro code   0x801'461c       0x4  startup_stm32l151xc.o [1]
  .text              ro code   0x801'4620       0x4  startup_stm32l151xc.o [1]
  .text              ro code   0x801'4624       0x4  startup_stm32l151xc.o [1]
  .text              ro code   0x801'4628       0x4  startup_stm32l151xc.o [1]
  .text              ro code   0x801'462c       0x2  system_stm32l1xx.o [1]
  .rodata            const     0x801'462e       0x0  zero_init3.o [4]
  .rodata            const     0x801'462e       0x0  lz77_init_single.o [4]
  Initializer bytes  const     0x801'462e     0x4b9  <for P2-1>
                             - 0x801'4ae7  0x1'49c3

"P2", part 1 of 3:                           0x10b2
  P2-1                        0x2000'0000    0x10b2  <Init block>
    .data            inited   0x2000'0000     0x290  user_app_sim.o [1]
    .data            inited   0x2000'0290       0x4  stm32l1xx_hal.o [1]
    .data            inited   0x2000'0294       0x4  stm32l1xx_hal.o [1]
    .data            inited   0x2000'0298       0x4  system_stm32l1xx.o [1]
    .data            inited   0x2000'029c      0x60  user_app_comm.o [1]
    .data            inited   0x2000'02fc       0x8  user_app_comm.o [1]
    .data            inited   0x2000'0304      0x80  user_app_inverter.o [1]
    .data            inited   0x2000'0384      0x18  user_app_inverter.o [1]
    .data            inited   0x2000'039c       0x8  user_app_inverter.o [1]
    .data            inited   0x2000'03a4      0x28  user_app_inverter.o [1]
    .data            inited   0x2000'03cc      0x54  user_app_inverter.o [1]
    .data            inited   0x2000'0420       0x8  user_app_inverter.o [1]
    .data            inited   0x2000'0428       0xc  user_app_inverter.o [1]
    .data            inited   0x2000'0434      0x60  user_app_mem.o [1]
    .data            inited   0x2000'0494      0x40  user_app_sim.o [1]
    .data            inited   0x2000'04d4      0x18  user_app_sim.o [1]
    .data            inited   0x2000'04ec      0x10  user_ec200u.o [1]
    .data            inited   0x2000'04fc       0xc  user_ec200u.o [1]
    .data            inited   0x2000'0508       0xc  user_ec200u.o [1]
    .data            inited   0x2000'0514       0x4  user_ec200u.o [1]
    .data            inited   0x2000'0518       0x4  user_ec200u.o [1]
    .data            inited   0x2000'051c       0x4  user_ec200u.o [1]
    .data            inited   0x2000'0520      0x14  user_ec200u.o [1]
    .data            inited   0x2000'0534       0x4  user_ec200u.o [1]
    .data            inited   0x2000'0538       0x4  user_ec200u.o [1]
    .data            inited   0x2000'053c       0x4  user_ec200u.o [1]
    .data            inited   0x2000'0540       0x4  user_ec200u.o [1]
    .data            inited   0x2000'0544      0x30  user_external_eeprom.o [1]
    .data            inited   0x2000'0574     0x140  user_external_eeprom.o [1]
    .data            inited   0x2000'06b4      0x40  user_external_flash.o [1]
    .data            inited   0x2000'06f4      0xb4  user_external_flash.o [1]
    .data            inited   0x2000'07a8      0x10  user_external_flash.o [1]
    .data            inited   0x2000'07b8      0x14  user_external_flash.o [1]
    .data            inited   0x2000'07cc       0x4  user_external_flash.o [1]
    .data            inited   0x2000'07d0      0x10  user_external_flash.o [1]
    .data            inited   0x2000'07e0     0x140  user_external_flash.o [1]
    .data            inited   0x2000'0920      0x30  user_internal_mem.o [1]
    .data            inited   0x2000'0950     0x140  user_internal_mem.o [1]
    .data            inited   0x2000'0a90      0x14  user_modem.o [1]
    .data            inited   0x2000'0aa4      0x38  user_modem.o [1]
    .data            inited   0x2000'0adc      0x38  user_modem.o [1]
    .data            inited   0x2000'0b14      0x38  user_modem.o [1]
    .data            inited   0x2000'0b4c      0x38  user_modem.o [1]
    .data            inited   0x2000'0b84      0x4c  user_modem.o [1]
    .data            inited   0x2000'0bd0       0xc  user_modem.o [1]
    .data            inited   0x2000'0bdc      0x10  user_modem.o [1]
    .data            inited   0x2000'0bec      0x58  user_mqtt.o [1]
    .data            inited   0x2000'0c44      0x90  user_sim.o [1]
    .data            inited   0x2000'0cd4       0x8  user_sim.o [1]
    .data            inited   0x2000'0cdc      0x1c  user_sim.o [1]
    .data            inited   0x2000'0cf8      0x10  user_sim.o [1]
    .data            inited   0x2000'0d08      0x18  user_sim_common.o [1]
    .data            inited   0x2000'0d20      0x20  user_sim_common.o [1]
    .data            inited   0x2000'0d40      0x20  user_sim_common.o [1]
    .data            inited   0x2000'0d60      0x20  user_sim_common.o [1]
    .data            inited   0x2000'0d80      0x20  user_sim_common.o [1]
    .data            inited   0x2000'0da0      0x28  user_sim_common.o [1]
    .data            inited   0x2000'0dc8       0xc  user_sim_common.o [1]
    .data            inited   0x2000'0dd4      0x28  user_sim_common.o [1]
    .data            inited   0x2000'0dfc      0x28  user_sim_common.o [1]
    .data            inited   0x2000'0e24      0x28  user_sim_common.o [1]
    .data            inited   0x2000'0e4c       0xc  user_sim_common.o [1]
    .data            inited   0x2000'0e58      0x28  user_sim_common.o [1]
    .data            inited   0x2000'0e80      0x28  user_sim_common.o [1]
    .data            inited   0x2000'0ea8      0x20  user_sim_common.o [1]
    .data            inited   0x2000'0ec8      0x20  user_sim_common.o [1]
    .data            inited   0x2000'0ee8      0x20  user_sim_common.o [1]
    .data            inited   0x2000'0f08      0x20  user_sim_common.o [1]
    .data            inited   0x2000'0f28      0x50  user_sim_common.o [1]
    .data            inited   0x2000'0f78      0x84  user_sim_common.o [1]
    .data            inited   0x2000'0ffc      0x50  user_sim_common.o [1]
    .data            inited   0x2000'104c      0x44  user_sim_common.o [1]
    .data            inited   0x2000'1090       0xc  user_time.o [1]
    .data            inited   0x2000'109c       0xc  user_time.o [1]
    .data            inited   0x2000'10a8       0x8  user_uart.o [1]
    .data            inited   0x2000'10b0       0x2  user_ec200u.o [1]
                            - 0x2000'10b2    0x10b2

"P2", part 2 of 3:                           0x3324
  .bss               zero     0x2000'10b4     0xa50  user_external_flash.o [1]
  .bss               zero     0x2000'1b04     0x4b0  user_mqtt.o [1]
  .bss               zero     0x2000'1fb4     0x4b0  user_mqtt.o [1]
  .bss               zero     0x2000'2464     0x4b0  user_sim.o [1]
  .bss               zero     0x2000'2914     0x4b0  user_uart.o [1]
  .bss               zero     0x2000'2dc4     0x400  user_external_flash.o [1]
  .bss               zero     0x2000'31c4     0x400  user_modem.o [1]
  .bss               zero     0x2000'35c4     0x100  user_app_sim.o [1]
  .bss               zero     0x2000'36c4     0x100  user_app_sim.o [1]
  .bss               zero     0x2000'37c4     0x100  user_external_eeprom.o [1]
  .bss               zero     0x2000'38c4     0x100  user_internal_mem.o [1]
  .bss               zero     0x2000'39c4     0x100  user_modem.o [1]
  .bss               zero     0x2000'3ac4     0x100  user_modem.o [1]
  .bss               zero     0x2000'3bc4      0xc4  user_mqtt.o [1]
  .bss               zero     0x2000'3c88      0xa0  user_external_flash.o [1]
  .bss               zero     0x2000'3d28      0x80  user_at_serial.o [1]
  .bss               zero     0x2000'3da8      0x70  user_sim_common.o [1]
  .bss               zero     0x2000'3e18      0x64  user_external_flash.o [1]
  .bss               zero     0x2000'3e7c      0x58  spi.o [1]
  .bss               zero     0x2000'3ed4      0x54  adc.o [1]
  .bss               zero     0x2000'3f28      0x54  i2c.o [1]
  .bss               zero     0x2000'3f7c      0x44  usart.o [1]
  .bss               zero     0x2000'3fc0      0x44  usart.o [1]
  .bss               zero     0x2000'4004      0x44  usart.o [1]
  .bss               zero     0x2000'4048      0x40  user_app_inverter.o [1]
  .bss               zero     0x2000'4088      0x34  user_mqtt.o [1]
  .bss               zero     0x2000'40bc      0x34  user_mqtt.o [1]
  .bss               zero     0x2000'40f0      0x34  user_sim.o [1]
  .bss               zero     0x2000'4124      0x2c  user_app_inverter.o [1]
  .bss               zero     0x2000'4150      0x28  user_rtc.o [1]
  .bss               zero     0x2000'4178      0x20  rtc.o [1]
  .bss               zero     0x2000'4198      0x1c  user_rtc.o [1]
  .bss               zero     0x2000'41b4      0x18  stm32l1xx_hal_flash.o [1]
  .bss               zero     0x2000'41cc      0x18  user_app_comm.o [1]
  .bss               zero     0x2000'41e4      0x18  user_external_eeprom.o [1]
  .bss               zero     0x2000'41fc      0x18  user_external_eeprom.o [1]
  .bss               zero     0x2000'4214      0x18  user_external_flash.o [1]
  .bss               zero     0x2000'422c      0x18  user_external_flash.o [1]
  .bss               zero     0x2000'4244      0x18  user_external_flash.o [1]
  .bss               zero     0x2000'425c      0x18  user_internal_mem.o [1]
  .bss               zero     0x2000'4274      0x18  user_internal_mem.o [1]
  .bss               zero     0x2000'428c      0x18  user_sim.o [1]
  .bss               zero     0x2000'42a4      0x18  user_sim.o [1]
  .bss               zero     0x2000'42bc      0x18  user_sim.o [1]
  .bss               zero     0x2000'42d4      0x18  user_sim.o [1]
  .bss               zero     0x2000'42ec      0x18  user_sim_common.o [1]
  .bss               zero     0x2000'4304      0x10  user_app_mem.o [1]
  .bss               zero     0x2000'4314       0xc  user_external_flash.o [1]
  .bss               zero     0x2000'4320       0xc  user_modem.o [1]
  .bss               zero     0x2000'432c       0xc  user_mqtt.o [1]
  .bss               zero     0x2000'4338       0xc  user_util.o [1]
  .bss               zero     0x2000'4344       0x8  user_app_inverter.o [1]
  .bss               zero     0x2000'434c       0x8  user_app_inverter.o [1]
  .bss               zero     0x2000'4354       0x8  user_app_inverter.o [1]
  .bss               zero     0x2000'435c       0x8  user_app_inverter.o [1]
  .bss               zero     0x2000'4364       0x8  user_app_inverter.o [1]
  .bss               zero     0x2000'436c       0x4  cat24mxx.o [1]
  .bss               zero     0x2000'4370       0x4  stm32l1xx_hal.o [1]
  .bss               zero     0x2000'4374       0x4  user_app_inverter.o [1]
  .bss               zero     0x2000'4378       0x4  user_app_inverter.o [1]
  .bss               zero     0x2000'437c       0x4  user_app_inverter.o [1]
  .bss               zero     0x2000'4380       0x4  user_app_inverter.o [1]
  .bss               zero     0x2000'4384       0x4  user_app_inverter.o [1]
  .bss               zero     0x2000'4388       0x4  user_lpm.o [1]
  .bss               zero     0x2000'438c       0x4  user_rtc.o [1]
  .bss               zero     0x2000'4390       0x4  user_sim.o [1]
  .bss               zero     0x2000'4394       0x4  user_sim_common.o [1]
  .bss               zero     0x2000'4398       0x4  user_timer.o [1]
  .bss               zero     0x2000'439c       0x4  user_util.o [1]
  .bss               zero     0x2000'43a0       0x4  user_util.o [1]
  .bss               zero     0x2000'43a4       0x2  user_app_comm.o [1]
  .bss               zero     0x2000'43a6       0x2  user_app_inverter.o [1]
  .bss               zero     0x2000'43a8       0x2  user_app_inverter.o [1]
  .bss               zero     0x2000'43aa       0x2  user_app_inverter.o [1]
  .bss               zero     0x2000'43ac       0x2  user_app_inverter.o [1]
  .bss               zero     0x2000'43ae       0x2  user_app_mem.o [1]
  .bss               zero     0x2000'43b0       0x2  user_external_flash.o [1]
  .bss               zero     0x2000'43b2       0x2  user_sim.o [1]
  .bss               zero     0x2000'43b4       0x1  user_adc.o [1]
  .bss               zero     0x2000'43b5       0x1  user_app_comm.o [1]
  .bss               zero     0x2000'43b6       0x1  user_app_comm.o [1]
  .bss               zero     0x2000'43b7       0x1  user_app_comm.o [1]
  .bss               zero     0x2000'43b8       0x1  user_app_comm.o [1]
  .bss               zero     0x2000'43b9       0x1  user_app_comm.o [1]
  .bss               zero     0x2000'43ba       0x1  user_app_inverter.o [1]
  .bss               zero     0x2000'43bb       0x1  user_app_inverter.o [1]
  .bss               zero     0x2000'43bc       0x1  user_app_inverter.o [1]
  .bss               zero     0x2000'43bd       0x1  user_app_inverter.o [1]
  .bss               zero     0x2000'43be       0x1  user_app_inverter.o [1]
  .bss               zero     0x2000'43bf       0x1  user_app_inverter.o [1]
  .bss               zero     0x2000'43c0       0x1  user_app_inverter.o [1]
  .bss               zero     0x2000'43c1       0x1  user_app_inverter.o [1]
  .bss               zero     0x2000'43c2       0x1  user_app_inverter.o [1]
  .bss               zero     0x2000'43c3       0x1  user_app_inverter.o [1]
  .bss               zero     0x2000'43c4       0x1  user_app_mem.o [1]
  .bss               zero     0x2000'43c5       0x1  user_app_mem.o [1]
  .bss               zero     0x2000'43c6       0x1  user_app_sim.o [1]
  .bss               zero     0x2000'43c7       0x1  user_app_sim.o [1]
  .bss               zero     0x2000'43c8       0x1  user_at_serial.o [1]
  .bss               zero     0x2000'43c9       0x1  user_external_eeprom.o [1]
  .bss               zero     0x2000'43ca       0x1  user_external_eeprom.o [1]
  .bss               zero     0x2000'43cb       0x1  user_external_flash.o [1]
  .bss               zero     0x2000'43cc       0x1  user_external_flash.o [1]
  .bss               zero     0x2000'43cd       0x1  user_external_flash.o [1]
  .bss               zero     0x2000'43ce       0x1  user_lpm.o [1]
  .bss               zero     0x2000'43cf       0x1  user_rtc.o [1]
  .bss               zero     0x2000'43d0       0x1  user_sim.o [1]
  .bss               zero     0x2000'43d1       0x1  user_sim.o [1]
  .bss               zero     0x2000'43d2       0x1  user_sim.o [1]
  .bss               zero     0x2000'43d3       0x1  user_uart.o [1]
  .bss               zero     0x2000'43d4       0x1  user_uart.o [1]
  .bss               zero     0x2000'43d5       0x1  user_uart.o [1]
                            - 0x2000'43d6    0x3322

"P2", part 3 of 3:                            0x400
  CSTACK                      0x2000'43d8     0x400  <Block>
    CSTACK           uninit   0x2000'43d8     0x400  <Block tail>
                            - 0x2000'47d8     0x400

Unused ranges:

         From           To      Size
         ----           --      ----
   0x801'4ae7   0x803'ffff  0x2'b519
  0x2000'10b2  0x2000'10b3       0x2
  0x2000'47d8  0x2000'7fff    0x3828


*******************************************************************************
*** INIT TABLE
***

          Address      Size
          -------      ----
Zero (__iar_zero_init3)
    1 destination range, total size 0x3322:
          0x2000'10b4  0x3322

Copy/lz77 (__iar_lz77_init_single3)
    1 source range, total size 0x4b9 (28% of destination):
           0x801'462e   0x4b9
    1 destination range, total size 0x10b2:
          0x2000'0000  0x10b2



*******************************************************************************
*** MODULE SUMMARY
***

    Module                    ro code  ro data  rw data
    ------                    -------  -------  -------
command line/config:
    ---------------------------------------------------
    Total:

D:\Saoviet_Bitbucket\Saoviet_Container\EWARM\GSM_Container\Obj: [1]
    MQTTConnectClient.o           512       16
    MQTTPacket.o                  284
    MQTTSerializePublish.o        224        4
    MQTTSubscribeClient.o         232        4
    S25FL216K.o                   146
    adc.o                         420                84
    cat24mxx.o                    416                 4
    event_driven.o                 84
    gpio.o                        456
    i2c.o                         176                84
    main.o                        216
    onchipflash.o                 464
    queue_p.o                     440
    rtc.o                          44                32
    spi.o                         188                88
    startup_stm32l151xc.o         500
    stm32l1xx_hal.o               280        2       12
    stm32l1xx_hal_adc.o         1'332
    stm32l1xx_hal_cortex.o        400
    stm32l1xx_hal_dma.o           178
    stm32l1xx_hal_flash.o         424                24
    stm32l1xx_hal_flash_ex.o       44
    stm32l1xx_hal_gpio.o          916
    stm32l1xx_hal_i2c.o         2'918
    stm32l1xx_hal_msp.o            72
    stm32l1xx_hal_pwr.o           124
    stm32l1xx_hal_pwr_ex.o         84
    stm32l1xx_hal_rcc.o         2'156
    stm32l1xx_hal_rcc_ex.o        352
    stm32l1xx_hal_rtc.o         1'856
    stm32l1xx_hal_rtc_ex.o         64
    stm32l1xx_hal_spi.o         1'100
    stm32l1xx_hal_uart.o        2'046
    stm32l1xx_it.o                 92
    system_stm32l1xx.o              2       37        4
    usart.o                       616               204
    user_adc.o                      2                 1
    user_app_comm.o             1'176      110      135
    user_app_inverter.o         4'720      166      490
    user_app_mem.o              3'644      975      116
    user_app_sim.o              2'688      278    1'258
    user_at_serial.o            7'180    1'872      129
    user_ec200u.o               3'136    3'834       90
    user_external_eeprom.o        940      296      674
    user_external_flash.o       3'004      707    4'633
    user_internal_mem.o           720      224      672
    user_log.o                    496        8
    user_lpm.o                    388       48        5
    user_modbus_rtu.o             216
    user_modem.o                  516      151    1'896
    user_modem_init.o             428
    user_mqtt.o                 5'208    1'517    2'800
    user_rtc.o                    936       68       73
    user_sim.o                  4'968      247    1'553
    user_sim_common.o           1'988      320    1'044
    user_string.o                 788
    user_time.o                   668        7       24
    user_timer.o                  964                 4
    user_uart.o                   276        2    1'211
    user_util.o                 1'392       24       20
    ---------------------------------------------------
    Total:                     66'300   10'917   17'364

dl7M_tlf.a: [2]
    exit.o                          4
    low_level_init.o                4
    strstr.o                       44
    ---------------------------------------------------
    Total:                         52

m7M_tl.a: [3]
    DblAdd.o                      378
    DblCmpEq.o                     32
    DblCmpGe.o                     46
    DblCmpLe.o                     46
    DblDiv.o                      582
    DblMul.o                      418
    DblSub.o                      226
    DblToS32.o                     58
    S32ToDbl.o                     34
    U32ToDbl.o                     26
    frexp.o                       112
    iar_Exp64.o                   884
    ldexp.o                       314
    pow64.o                     1'880    1'056
    ---------------------------------------------------
    Total:                      5'036    1'056

rt7M_tl.a: [4]
    ABImemclr4.o                    6
    ABImemcpy.o                   166
    ABImemset.o                   102
    ABImemset48.o                  50
    I64DivMod.o                   560
    I64DivZer.o                     2
    cexit.o                        10
    cmain.o                        30
    cstartup_M.o                   12
    data_init.o                    40
    lz77_init_single.o            120
    memset.o                       20
    strchr.o                       22
    strlen.o                       54
    zero_init3.o                   58
    ---------------------------------------------------
    Total:                      1'252

shb_l.a: [5]
    exit.o                         20
    ---------------------------------------------------
    Total:                         20

    Gaps                           42        4
    Linker created                          32    1'024
-------------------------------------------------------
    Grand Total:               72'702   12'009   18'388


*******************************************************************************
*** ENTRY LIST
***

Entry                       Address   Size  Type      Object
-----                       -------   ----  ----      ------
.iar.init_table$$Base    0x801'33e4          --   Gb  - Linker created -
.iar.init_table$$Limit   0x801'3404          --   Gb  - Linker created -
?main                    0x801'3545         Code  Gb  cmain.o [4]
ADC_ConversionStop_Disable
                         0x800'7da5   0x52  Code  Gb  stm32l1xx_hal_adc.o [1]
ADC_Desequence_Powerhungry_Channels
                         0x800'78c1    0x2  Code  Gb  user_adc.o [1]
AHBPrescTable            0x801'3a8c   0x10  Data  Gb  system_stm32l1xx.o [1]
APBPrescTable            0x801'4204    0x8  Data  Gb  system_stm32l1xx.o [1]
AdcInitialized          0x2000'43b4    0x1  Data  Gb  user_adc.o [1]
AppCom_Calcu_Period_To_RoudTime
                         0x800'3d61   0x3a  Code  Lc  user_app_comm.o [1]
AppComm_IRQ_Timer_CallBack
                         0x800'3d55    0xc  Code  Gb  user_app_comm.o [1]
AppComm_Init             0x800'3c87   0x2a  Code  Gb  user_app_comm.o [1]
AppComm_Set_Next_TxTimer
                         0x800'3dc9   0x78  Code  Gb  user_app_comm.o [1]
AppComm_Set_Next_TxTimer::CountMessInit
                        0x2000'43b9    0x1  Data  Lc  user_app_comm.o [1]
AppComm_Task             0x800'3cb5   0x9e  Code  Gb  user_app_comm.o [1]
AppIVT_Clear_Before_Recv
                         0x800'6c39    0xa  Code  Gb  user_app_inverter.o [1]
AppIVT_Init              0x800'6b89   0x1c  Code  Gb  user_app_inverter.o [1]
AppIVT_Log_Data_TSVH     0x800'6ae1   0x2c  Code  Gb  user_app_inverter.o [1]
AppIVT_Packet_TSVH       0x800'685d  0x11e  Code  Gb  user_app_inverter.o [1]
AppIVT_Save_Slave_ID     0x800'6b19   0x70  Code  Gb  user_app_inverter.o [1]
AppIVT_Set_Mode_Led      0x800'6a85   0x4c  Code  Gb  user_app_inverter.o [1]
AppIVT_Task              0x800'6519   0x84  Code  Gb  user_app_inverter.o [1]
AppMem_Cb_Check_Mess_Invalid
                         0x800'57f5   0x60  Code  Gb  user_app_mem.o [1]
AppMem_Cb_Erase_Chip_Fail
                         0x800'5619    0xe  Code  Gb  user_app_mem.o [1]
AppMem_Cb_Erase_Chip_OK
                         0x800'55c5   0x52  Code  Gb  user_app_mem.o [1]
AppMem_Cb_Get_Addr_From_TypeData
                         0x800'5649   0xac  Code  Gb  user_app_mem.o [1]
AppMem_Cb_Read_OK        0x800'5219  0x172  Code  Gb  user_app_mem.o [1]
AppMem_Cb_Write_OK       0x800'50f9  0x120  Code  Gb  user_app_mem.o [1]
AppMem_Cb_Wrtie_ERROR    0x800'5541   0x7e  Code  Gb  user_app_mem.o [1]
AppMem_Check_New_Record
                         0x800'5a3b   0x1c  Code  Gb  user_app_mem.o [1]
AppMem_Erase_New_Sector
                         0x800'5627   0x22  Code  Gb  user_app_mem.o [1]
AppMem_Forward_Data_To_Sim
                         0x800'59a5   0x42  Code  Gb  user_app_mem.o [1]
AppMem_Inc_Index_Save    0x800'5875   0x7a  Code  Gb  user_app_mem.o [1]
AppMem_Inc_Index_Send_1
                         0x800'58ef   0x50  Code  Gb  user_app_mem.o [1]
AppMem_Inc_Index_Send_2
                         0x800'5949   0x52  Code  Gb  user_app_mem.o [1]
AppMem_Init              0x800'50a9   0x4e  Code  Gb  user_app_mem.o [1]
AppMem_PowerOff_ExFlash
                         0x800'59e7   0x26  Code  Gb  user_app_mem.o [1]
AppMem_PowerOn_ExFlash   0x800'5a11   0x2a  Code  Gb  user_app_mem.o [1]
AppMem_Process_Resp_AT   0x800'56f5   0x18  Code  Gb  user_app_mem.o [1]
AppMem_Push_Mess_To_Queue_Write
                         0x800'538b  0x10a  Code  Gb  user_app_mem.o [1]
AppMem_Push_To_Read_Queue
                         0x800'5495   0x60  Code  Gb  user_app_mem.o [1]
AppMem_Set_Read_Resp_AT
                         0x800'5715   0xd0  Code  Gb  user_app_mem.o [1]
AppMem_Task              0x800'5007   0xa2  Code  Gb  user_app_mem.o [1]
AppSim_GPS_Error         0x800'b78d   0xa8  Code  Gb  user_app_sim.o [1]
AppSim_GPS_Extract_Lat_Long
                         0x800'b5cf  0x192  Code  Gb  user_app_sim.o [1]
AppSim_GPS_OK            0x800'b4b9  0x116  Code  Gb  user_app_sim.o [1]
AppSim_Get_Data_From_Flash
                         0x800'b43b   0x62  Code  Gb  user_app_sim.o [1]
AppSim_Get_Firmware_Version
                         0x800'b435    0x6  Code  Gb  user_app_sim.o [1]
AppSim_Init              0x800'af8d   0x28  Code  Gb  user_app_sim.o [1]
AppSim_Process_AT_Event
                         0x800'b0b1  0x100  Code  Gb  user_app_sim.o [1]
AppSim_Process_Downl_Mess
                         0x800'b349   0x52  Code  Gb  user_app_sim.o [1]
AppSim_Process_Sms       0x800'b39b   0x18  Code  Gb  user_app_sim.o [1]
AppSim_Send_Mess         0x800'b03b   0x76  Code  Gb  user_app_sim.o [1]
AppSim_Start_Module_Sim
                         0x800'b835   0x18  Code  Gb  user_app_sim.o [1]
AppSim_Task              0x800'afb5   0x86  Code  Gb  user_app_sim.o [1]
AppSim_Unmark_Mess       0x800'b49d   0x1c  Code  Gb  user_app_sim.o [1]
Appmem_Check_Data_Read   0x800'54f5   0x4a  Code  Gb  user_app_mem.o [1]
BusFault_Handler         0x801'2caf    0x2  Code  Gb  stm32l1xx_it.o [1]
CAT24Mxx_Read_Array      0x800'f3f1   0x78  Code  Gb  cat24mxx.o [1]
CAT24Mxx_Write_Array     0x800'f2d1  0x120  Code  Gb  cat24mxx.o [1]
CSTACK$$Base            0x2000'43d8          --   Gb  - Linker created -
CSTACK$$Limit           0x2000'47d8          --   Gb  - Linker created -
Cal_Time                 0x800'1f53   0x12  Code  Gb  user_util.o [1]
Calculator_Scale         0x800'6739   0x54  Code  Gb  user_app_inverter.o [1]
Calculator_Scale_IVT     0x800'6795   0x20  Code  Gb  user_app_inverter.o [1]
Cb_TX_Timer_Event        0x800'3d9d   0x2c  Code  Lc  user_app_comm.o [1]
CheckList_AT_CONFIG      0x801'23c0  0x350  Data  Gb  user_at_serial.o [1]
Check_AT_User            0x800'18f5  0x1a8  Code  Gb  user_at_serial.o [1]
Check_CountBuffer_Complete_Uart
                         0x800'67bd   0x84  Code  Gb  user_app_inverter.o [1]
Check_CountBuffer_Complete_Uart::Get_systick
                        0x2000'4384    0x4  Data  Lc  user_app_inverter.o [1]
Check_CountBuffer_Complete_Uart::State_systick
                        0x2000'43ac    0x2  Data  Lc  user_app_inverter.o [1]
Check_CountBuffer_Complete_Uart::countBuffer_uart
                        0x2000'43aa    0x2  Data  Lc  user_app_inverter.o [1]
Check_Time_Out           0x800'1f35   0x1e  Code  Gb  user_util.o [1]
Check_update_Time        0x800'4067   0x56  Code  Gb  user_time.o [1]
Connect_Packet          0x2000'0bec   0x58  Data  Gb  user_mqtt.o [1]
Convert_Hex_To_String_Hex
                         0x800'22a1   0x90  Code  Gb  user_util.o [1]
Convert_String_To_Dec    0x800'2243   0x5e  Code  Gb  user_util.o [1]
Convert_Uint64_To_StringDec
                         0x800'1f65  0x128  Code  Gb  user_util.o [1]
Convert_sTime_ToGMT      0x800'40bd   0xb0  Code  Gb  user_time.o [1]
Copy_String              0x800'4b65   0x5e  Code  Gb  user_string.o [1]
Copy_String_2            0x800'4c53   0x36  Code  Gb  user_string.o [1]
Copy_String_section      0x800'4bc3   0x48  Code  Gb  user_string.o [1]
Cut_String               0x800'4c0b   0x48  Code  Gb  user_string.o [1]
DCU_Respond              0x800'1ddf   0xe6  Code  Gb  user_modem.o [1]
DataConack_8a           0x2000'0538    0x4  Data  Lc  user_ec200u.o [1]
DataPuback_8a           0x2000'0540    0x4  Data  Lc  user_ec200u.o [1]
DataSuback_8a           0x2000'053c    0x4  Data  Lc  user_ec200u.o [1]
DaysInMonth              0x801'41cc    0xc  Data  Lc  user_rtc.o [1]
DaysInMonth             0x2000'1090    0xc  Data  Lc  user_time.o [1]
DaysInMonthLeapYear      0x801'41d8    0xc  Data  Lc  user_rtc.o [1]
DaysInMonthLeapYear     0x2000'109c    0xc  Data  Lc  user_time.o [1]
DeInit_Uart_Sim_Rx_IT    0x800'7e23    0x2  Code  Gb  user_uart.o [1]
DebugMon_Handler         0x801'2cb5    0x2  Code  Gb  stm32l1xx_it.o [1]
EC200U_Check_Step_Long_Timeout
                         0x800'97c5   0x32  Code  Gb  user_ec200u.o [1]
EC200U_Check_Step_Skip_Error
                         0x800'9863   0x3c  Code  Gb  user_ec200u.o [1]
EC200U_Get_AT_Cmd        0x800'97f7    0xc  Code  Gb  user_ec200u.o [1]
EC200U_Get_Delay_2_AT    0x800'9803   0x26  Code  Gb  user_ec200u.o [1]
EC200U_Is_Step_Check_URC
                         0x800'9829   0x3a  Code  Gb  user_ec200u.o [1]
Erase_Firmware           0x800'87e9   0x1e  Code  Gb  onchipflash.o [1]
Error_Handler            0x800'cf0d    0x4  Code  Gb  main.o [1]
ExEEPROM_Task            0x800'c127   0x84  Code  Gb  user_external_eeprom.o [1]
FLASH_PageErase          0x800'd24d   0x22  Code  Gb  stm32l1xx_hal_flash_ex.o [1]
FLASH_SetErrorCode       0x800'd1a5   0x80  Code  Lc  stm32l1xx_hal_flash.o [1]
FLASH_WaitForLastOperation
                         0x800'd141   0x64  Code  Gb  stm32l1xx_hal_flash.o [1]
Find_String_V2           0x800'4975  0x130  Code  Gb  user_string.o [1]
Find_str_fix             0x800'4ac7   0x9e  Code  Gb  user_string.o [1]
Flash_Get_Infor          0x800'86af   0x46  Code  Gb  user_internal_mem.o [1]
Get_RTC                  0x800'3f99   0x4e  Code  Gb  user_time.o [1]
HAL_ADC_ConfigChannel    0x800'7bab  0x1d4  Code  Gb  stm32l1xx_hal_adc.o [1]
HAL_ADC_DeInit           0x800'7a85  0x126  Code  Gb  stm32l1xx_hal_adc.o [1]
HAL_ADC_Init             0x800'78c5  0x1c0  Code  Gb  stm32l1xx_hal_adc.o [1]
HAL_ADC_MspDeInit        0x800'cded   0x30  Code  Gb  adc.o [1]
HAL_ADC_MspInit          0x800'cd49   0xa4  Code  Gb  adc.o [1]
HAL_DBGMCU_DisableDBGSleepMode
                         0x800'f269    0xc  Code  Gb  stm32l1xx_hal.o [1]
HAL_DBGMCU_DisableDBGStandbyMode
                         0x800'f281    0xc  Code  Gb  stm32l1xx_hal.o [1]
HAL_DBGMCU_DisableDBGStopMode
                         0x800'f275    0xc  Code  Gb  stm32l1xx_hal.o [1]
HAL_DMA_Abort            0x800'c371   0x54  Code  Gb  stm32l1xx_hal_dma.o [1]
HAL_DMA_Abort_IT         0x800'c3c5   0x5e  Code  Gb  stm32l1xx_hal_dma.o [1]
HAL_Delay                0x800'ba31   0x28  Code  Wk  stm32l1xx_hal.o [1]
HAL_FLASH_Lock           0x800'd133    0xe  Code  Gb  stm32l1xx_hal_flash.o [1]
HAL_FLASH_Program        0x800'd0a5   0x54  Code  Gb  stm32l1xx_hal_flash.o [1]
HAL_FLASH_Unlock         0x800'd0f9   0x3a  Code  Gb  stm32l1xx_hal_flash.o [1]
HAL_GPIO_DeInit          0x800'6efd  0x16c  Code  Gb  stm32l1xx_hal_gpio.o [1]
HAL_GPIO_Init            0x800'6d35  0x1c8  Code  Gb  stm32l1xx_hal_gpio.o [1]
HAL_GPIO_TogglePin       0x800'7083   0x1a  Code  Gb  stm32l1xx_hal_gpio.o [1]
HAL_GPIO_WritePin        0x800'7069   0x1a  Code  Gb  stm32l1xx_hal_gpio.o [1]
HAL_GetTick              0x800'a265    0xc  Code  Wk  stm32l1xx_hal.o [1]
HAL_I2C_Init             0x801'0b55  0x1d2  Code  Gb  stm32l1xx_hal_i2c.o [1]
HAL_I2C_Mem_Read         0x801'0eb1  0x300  Code  Gb  stm32l1xx_hal_i2c.o [1]
HAL_I2C_Mem_Write        0x801'0d41  0x16e  Code  Gb  stm32l1xx_hal_i2c.o [1]
HAL_I2C_MspInit          0x800'fb1d   0x60  Code  Gb  i2c.o [1]
HAL_IncTick              0x801'2d05   0x18  Code  Wk  stm32l1xx_hal.o [1]
HAL_Init                 0x800'f245   0x24  Code  Gb  stm32l1xx_hal.o [1]
HAL_InitTick             0x800'f8bd   0x60  Code  Wk  stm32l1xx_hal.o [1]
HAL_MspInit              0x801'0b0d   0x48  Code  Gb  stm32l1xx_hal_msp.o [1]
HAL_NVIC_DisableIRQ      0x800'd061    0xe  Code  Gb  stm32l1xx_hal_cortex.o [1]
HAL_NVIC_EnableIRQ       0x800'd053    0xe  Code  Gb  stm32l1xx_hal_cortex.o [1]
HAL_NVIC_SetPriority     0x800'd029   0x2a  Code  Gb  stm32l1xx_hal_cortex.o [1]
HAL_NVIC_SetPriorityGrouping
                         0x800'd01d    0xc  Code  Gb  stm32l1xx_hal_cortex.o [1]
HAL_PWREx_DisableFastWakeUp
                         0x800'f169   0x14  Code  Gb  stm32l1xx_hal_pwr_ex.o [1]
HAL_PWREx_DisableUltraLowPower
                         0x800'f191   0x14  Code  Gb  stm32l1xx_hal_pwr_ex.o [1]
HAL_PWREx_EnableFastWakeUp
                         0x800'f155   0x14  Code  Gb  stm32l1xx_hal_pwr_ex.o [1]
HAL_PWREx_EnableUltraLowPower
                         0x800'f17d   0x14  Code  Gb  stm32l1xx_hal_pwr_ex.o [1]
HAL_PWR_EnterSLEEPMode   0x800'f1a9   0x2a  Code  Gb  stm32l1xx_hal_pwr.o [1]
HAL_PWR_EnterSTANDBYMode
                         0x800'f205   0x18  Code  Gb  stm32l1xx_hal_pwr.o [1]
HAL_PWR_EnterSTOPMode    0x800'f1d3   0x32  Code  Gb  stm32l1xx_hal_pwr.o [1]
HAL_RCCEx_PeriphCLKConfig
                         0x800'fb95  0x14a  Code  Gb  stm32l1xx_hal_rcc_ex.o [1]
HAL_RCC_ClockConfig      0x800'c94f  0x1c6  Code  Gb  stm32l1xx_hal_rcc.o [1]
HAL_RCC_GetHCLKFreq      0x800'cb93    0x6  Code  Gb  stm32l1xx_hal_rcc.o [1]
HAL_RCC_GetPCLK1Freq     0x800'cb99   0x16  Code  Gb  stm32l1xx_hal_rcc.o [1]
HAL_RCC_GetPCLK2Freq     0x800'cbaf   0x16  Code  Gb  stm32l1xx_hal_rcc.o [1]
HAL_RCC_GetSysClockFreq
[...]
_fSET_SAVE_BOX           0x800'0cfd   0x34  Code  Gb  user_at_serial.o [1]
_fSET_SERVER_BACKUP_INFO
                         0x800'07ed  0x1b4  Code  Gb  user_at_serial.o [1]
_fSET_SERVER_MAIN_INFO   0x800'0603  0x1b8  Code  Gb  user_at_serial.o [1]
_fTEST_LOG               0x800'1803   0x12  Code  Gb  user_at_serial.o [1]
_mDATA_EVENT             0x800'daa5   0x54  Code  Gb  user_mqtt.o [1]
_mDATA_GPS               0x800'daf9   0x54  Code  Gb  user_mqtt.o [1]
_mDATA_HANDSHAKE         0x800'd45f  0x434  Code  Gb  user_mqtt.o [1]
_mDATA_INTAN_TSVH        0x800'd93b   0x30  Code  Gb  user_mqtt.o [1]
_mDATA_ON_FLASH          0x800'd96b    0x6  Code  Gb  user_mqtt.o [1]
_mDATA_PING              0x800'da69   0x1a  Code  Gb  user_mqtt.o [1]
_mDATA_STATUS            0x800'da83   0x22  Code  Gb  user_mqtt.o [1]
_mDATA_TSVH_PACKET       0x800'd893   0x54  Code  Gb  user_mqtt.o [1]
_mDATA_TSVH_PACKET_OPERA
                         0x800'd8e7   0x54  Code  Gb  user_mqtt.o [1]
_mInsert_Ping_Payload    0x800'db4d  0x160  Code  Gb  user_mqtt.o [1]
_mPayload_Sim_ID         0x800'dcc7   0x90  Code  Gb  user_mqtt.o [1]
_mSEND_ALARM_EMERGENCY   0x800'da01   0x68  Code  Gb  user_mqtt.o [1]
_mSEND_EMPTY_MESS        0x800'dfbd   0x32  Code  Gb  user_mqtt.o [1]
_mSEND_HARDRS_MCU        0x800'd9d1   0x30  Code  Gb  user_mqtt.o [1]
_mSEND_RECONNECT_SERVER
                         0x800'd9a1   0x30  Code  Gb  user_mqtt.o [1]
_mSEND_RESPOND_FROM_RF   0x800'ddb3   0x5c  Code  Gb  user_mqtt.o [1]
_mSEND_RESPOND_SERVER    0x800'dd57   0x5c  Code  Gb  user_mqtt.o [1]
_mSEND_RESPOND_SERVER_ACK
                         0x800'de0f   0x5c  Code  Gb  user_mqtt.o [1]
_mSEND_SAVE_BOK_OK       0x800'df85   0x32  Code  Gb  user_mqtt.o [1]
_mSEND_SAVE_BOX_FAIL     0x800'df53   0x32  Code  Gb  user_mqtt.o [1]
_mSEND_SERVER_TIME_FAIL
                         0x800'df21   0x32  Code  Gb  user_mqtt.o [1]
_mSEND_SERVER_TIME_OK    0x800'deef   0x32  Code  Gb  user_mqtt.o [1]
_mSEND_SERVER_TIME_PENDING
                         0x800'debd   0x32  Code  Gb  user_mqtt.o [1]
_mSEND_SHUTTING_DOWN     0x800'd971   0x30  Code  Gb  user_mqtt.o [1]
_mSEND_SIM_ID            0x800'dcad   0x1a  Code  Gb  user_mqtt.o [1]
_mSEND_UPDATE_FIRM_FAIL
                         0x800'e041   0x8e  Code  Gb  user_mqtt.o [1]
_mSEND_UPDATE_FIRM_OK    0x800'dffd   0x3e  Code  Gb  user_mqtt.o [1]
_main                    0x801'355f         Code  Gb  cmain.o [4]
_rClear_Data_InFlash     0x800'e2f5    0x2  Code  Gb  user_mqtt.o [1]
_rINTAN_DATA             0x800'e0f1    0x2  Code  Gb  user_mqtt.o [1]
_rREQUEST_RESET          0x800'e0cf    0xa  Code  Gb  user_mqtt.o [1]
_rREQ_AT_CMD             0x800'e235   0x18  Code  Gb  user_mqtt.o [1]
_rREQ_AT_TO_RF           0x800'e251   0x18  Code  Gb  user_mqtt.o [1]
_rRESET_DATA             0x800'e219   0x1c  Code  Gb  user_mqtt.o [1]
_rUPDATE_FIRMWARE        0x800'e269   0x34  Code  Gb  user_mqtt.o [1]
_rUPDATE_TIME_SERVER     0x800'e0f3  0x126  Code  Gb  user_mqtt.o [1]
aALRM_EMERGENCY         0x2000'31c4  0x400  Data  Gb  user_modem.o [1]
aAPN                    0x2000'0d20   0x20  Data  Gb  user_sim_common.o [1]
aAPN_DIAL_STRING        0x2000'0d40   0x20  Data  Gb  user_sim_common.o [1]
aAPN_PASSWORD           0x2000'0d80   0x20  Data  Gb  user_sim_common.o [1]
aAPN_USERNAME           0x2000'0d60   0x20  Data  Gb  user_sim_common.o [1]
aAT_CMD                 0x2000'3ac4  0x100  Data  Gb  user_modem.o [1]
aConfig_IVT_Flash       0x2000'4124   0x2c  Data  Gb  user_app_inverter.o [1]
aConfig_IVT_Receive     0x2000'434c    0x8  Data  Gb  user_app_inverter.o [1]
aDATA_CONFIG            0x2000'3d28   0x80  Data  Gb  user_at_serial.o [1]
aDATA_EEPROM_READ       0x2000'37c4  0x100  Data  Lc  user_external_eeprom.o [1]
aDATA_FLASH_READ        0x2000'2dc4  0x400  Data  Lc  user_external_flash.o [1]
aDATA_FLASH_SIM         0x2000'35c4  0x100  Data  Gb  user_app_sim.o [1]
aDATA_GPS               0x2000'36c4  0x100  Data  Gb  user_app_sim.o [1]
aDATA_MQTT              0x2000'1b04  0x4b0  Data  Gb  user_mqtt.o [1]
aDATA_READ              0x2000'38c4  0x100  Data  Lc  user_internal_mem.o [1]
aDCU_ID                 0x2000'0a90   0x14  Data  Gb  user_modem.o [1]
aDefault_IVT_Receive    0x2000'4344    0x8  Data  Gb  user_app_inverter.o [1]
aFIRM_HTTP_URL          0x2000'0f28   0x50  Data  Gb  user_sim_common.o [1]
aFIRM_IP                0x2000'0ea8   0x20  Data  Gb  user_sim_common.o [1]
aFIRM_NAME              0x2000'0f08   0x20  Data  Gb  user_sim_common.o [1]
aFIRM_PATH              0x2000'0ee8   0x20  Data  Gb  user_sim_common.o [1]
aFIRM_PORT              0x2000'0ec8   0x20  Data  Gb  user_sim_common.o [1]
aFlashCmd               0x2000'06f4   0xb4  Data  Gb  user_external_flash.o [1]
aFlash_Erase_Chip_BlockCmd
                        0x2000'07d0   0x10  Data  Lc  user_external_flash.o [1]
aFlash_Erase_Sector_BlockCmd
                        0x2000'07a8   0x10  Data  Lc  user_external_flash.o [1]
aFlash_Read_Data_BlockCmd
                        0x2000'07cc    0x4  Data  Lc  user_external_flash.o [1]
aFlash_Write_Data_BlockCmd
                        0x2000'07b8   0x14  Data  Lc  user_external_flash.o [1]
aIP_SERVER_BACKUP       0x2000'0e24   0x28  Data  Gb  user_sim_common.o [1]
aIP_SERVER_MAIN         0x2000'0da0   0x28  Data  Gb  user_sim_common.o [1]
aPASS_MQTT_BACKUP       0x2000'0e80   0x28  Data  Gb  user_sim_common.o [1]
aPASS_MQTT_MAIN         0x2000'0dfc   0x28  Data  Gb  user_sim_common.o [1]
aPAYLOAD_MQTT           0x2000'1fb4  0x4b0  Data  Gb  user_mqtt.o [1]
aPORT_SERVER_BACKUP     0x2000'0e4c    0xc  Data  Gb  user_sim_common.o [1]
aPORT_SERVER_MAIN       0x2000'0dc8    0xc  Data  Gb  user_sim_common.o [1]
aPublish_Header         0x2000'40bc   0x34  Data  Gb  user_mqtt.o [1]
aQFlashStepControl      0x2000'3e18   0x64  Data  Lc  user_external_flash.o [1]
aQSimStepComtrol        0x2000'40f0   0x34  Data  Lc  user_sim.o [1]
aRESPONDSE_AT           0x2000'39c4  0x100  Data  Gb  user_modem.o [1]
aRun_IVT_Receive        0x2000'4354    0x8  Data  Gb  user_app_inverter.o [1]
aSERIAL_MODULESIM       0x2000'42ec   0x18  Data  Gb  user_sim_common.o [1]
aSIM_ID                 0x2000'0d08   0x18  Data  Gb  user_sim_common.o [1]
aSIM_STEP_PUBLISH       0x2000'0514    0x4  Data  Gb  user_ec200u.o [1]
aSIM_STEP_PUBLISH_FB    0x2000'0518    0x4  Data  Gb  user_ec200u.o [1]
aSimEC200UStep           0x801'17d8  0x758  Data  Gb  user_ec200u.o [1]
aSimStepBlockConnect    0x2000'0508    0xc  Data  Gb  user_ec200u.o [1]
aSimStepBlockDisConnect
                        0x2000'051c    0x4  Data  Gb  user_ec200u.o [1]
aSimStepBlockHttpInit   0x2000'0520   0x14  Data  Gb  user_ec200u.o [1]
aSimStepBlockHttpRead   0x2000'10b0    0x2  Data  Gb  user_ec200u.o [1]
aSimStepBlockInit       0x2000'04ec   0x10  Data  Gb  user_ec200u.o [1]
aSimStepBlockNework     0x2000'04fc    0xc  Data  Gb  user_ec200u.o [1]
aSimStepBlockSMS        0x2000'0534    0x4  Data  Gb  user_ec200u.o [1]
aSimUrc                  0x801'2ab0   0xf0  Data  Gb  user_ec200u.o [1]
aSubcribe_Header        0x2000'4088   0x34  Data  Gb  user_mqtt.o [1]
aUART_485_DATA          0x2000'4048   0x40  Data  Gb  user_app_inverter.o [1]
aUSER_MQTT_BACKUP       0x2000'0e58   0x28  Data  Gb  user_sim_common.o [1]
aUSER_MQTT_MAIN         0x2000'0dd4   0x28  Data  Gb  user_sim_common.o [1]
at_callback_failure      0x800'8caf   0x14  Code  Lc  user_ec200u.o [1]
at_callback_success      0x800'8ca9    0x6  Code  Lc  user_ec200u.o [1]
eFlash_Check_Data_Init_Pos
                         0x800'ab59   0x8e  Code  Gb  user_external_flash.o [1]
eFlash_Check_Pos_PartA   0x800'ac29   0x9a  Code  Gb  user_external_flash.o [1]
eFlash_Check_Pos_PartA::MarkDefaultVar
                        0x2000'43cc    0x1  Data  Lc  user_external_flash.o [1]
eFlash_Check_Pos_PartB   0x800'ace9   0xca  Code  Gb  user_external_flash.o [1]
eFlash_Check_Pos_PartB::MarkDefaultVar
                        0x2000'43cd    0x1  Data  Lc  user_external_flash.o [1]
eFlash_Check_Write_To_PartAB
                         0x800'abff    0x8  Code  Gb  user_external_flash.o [1]
eFlash_Default_Struct_Init_Pos
                         0x800'aa1d   0x16  Code  Gb  user_external_flash.o [1]
eFlash_Get_Step_From_Queue
                         0x800'a9e1   0x36  Code  Gb  user_external_flash.o [1]
eFlash_Init              0x800'a891   0x58  Code  Gb  user_external_flash.o [1]
eFlash_Is_Queue_Read_Empty
                         0x800'ab2b   0x14  Code  Gb  user_external_flash.o [1]
eFlash_Is_Queue_Write_Empty
                         0x800'ab3f   0x14  Code  Gb  user_external_flash.o [1]
eFlash_Push_Block_To_Queue
                         0x800'a9b1   0x30  Code  Gb  user_external_flash.o [1]
eFlash_Push_Step_Erase_Chip
                         0x800'aa41    0xe  Code  Gb  user_external_flash.o [1]
eFlash_Push_Step_Erase_Sector
                         0x800'aa33    0xe  Code  Gb  user_external_flash.o [1]
eFlash_Push_Step_To_Queue
                         0x800'a97b   0x36  Code  Gb  user_external_flash.o [1]
eFlash_Send_Address      0x800'a96f    0xc  Code  Gb  user_external_flash.o [1]
eFlash_Send_To_Queue_Read
                         0x800'abe7   0x18  Code  Gb  user_external_flash.o [1]
eFlash_Send_To_Queue_Write
                         0x800'ac07   0x18  Code  Gb  user_external_flash.o [1]
eFlash_Setup_Init        0x800'ab1b   0x10  Code  Gb  user_external_flash.o [1]
eFlash_Status            0x800'ab13    0x8  Code  Gb  user_external_flash.o [1]
eFlash_Task              0x800'a8e9   0x86  Code  Gb  user_external_flash.o [1]
eFlash_Test_Write        0x800'aa4f   0xc4  Code  Gb  user_external_flash.o [1]
eFlash_Test_Write::Retry
                        0x2000'43cb    0x1  Data  Lc  user_external_flash.o [1]
exit                     0x801'3567    0x4  Code  Gb  exit.o [2]
fPushBlockSimStepToQueue
                         0x800'2b6b   0x30  Code  Gb  user_sim.o [1]
fPushSimStepToQueue      0x800'2b23   0x48  Code  Gb  user_sim.o [1]
fevent_active            0x800'39cd   0x1e  Code  Gb  event_driven.o [1]
fevent_disable           0x800'3a0f   0x12  Code  Gb  event_driven.o [1]
fevent_enable            0x800'39eb   0x24  Code  Gb  event_driven.o [1]
fevent_sim_at_send_handler
                         0x800'2651  0x100  Code  Lc  user_sim.o [1]
fevent_sim_at_send_ok_handler
                         0x800'2751   0xf2  Code  Lc  user_sim.o [1]
fevent_sim_at_send_timeout_handler
                         0x800'2843   0x8c  Code  Lc  user_sim.o [1]
fevent_sim_dtr_pin_handler
                         0x800'2a6f   0x28  Code  Lc  user_sim.o [1]
fevent_sim_dtr_pin_handler::DTR_PIN_Control_u8
                        0x2000'43d1    0x1  Data  Lc  user_sim.o [1]
fevent_sim_hard_reset_handler
                         0x800'2a57   0x12  Code  Lc  user_sim.o [1]
fevent_sim_power_off_handler
                         0x800'2a97   0x8c  Code  Lc  user_sim.o [1]
fevent_sim_turn_on_handler
                         0x800'2937  0x120  Code  Lc  user_sim.o [1]
fevent_sim_uart_receive_handler
                         0x800'28cf   0x68  Code  Lc  user_sim.o [1]
fevent_sim_uart_receive_handler::LastLengthRecv
                        0x2000'43b2    0x2  Data  Lc  user_sim.o [1]
fevent_sim_uart_receive_handler::MarkFirst
                        0x2000'43d0    0x1  Data  Lc  user_sim.o [1]
fevent_sim_wake_up_handler
                         0x800'2a69    0x6  Code  Lc  user_sim.o [1]
frexp                    0x801'0129         Code  Gb  frexp.o [3]
frexpl                   0x801'0129         Code  Gb  frexp.o [3]
hadc                    0x2000'3ed4   0x54  Data  Gb  adc.o [1]
hi2c1                   0x2000'3f28   0x54  Data  Gb  i2c.o [1]
hrtc                    0x2000'4178   0x20  Data  Gb  rtc.o [1]
hspi2                   0x2000'3e7c   0x58  Data  Gb  spi.o [1]
huart1                  0x2000'3f7c   0x44  Data  Gb  usart.o [1]
huart2                  0x2000'3fc0   0x44  Data  Gb  usart.o [1]
huart3                  0x2000'4004   0x44  Data  Gb  usart.o [1]
ldexp                    0x801'01c9         Code  Gb  ldexp.o [3]
ldexpl                   0x801'01c9         Code  Gb  ldexp.o [3]
lnbias                   0x801'1fa0  0x420  Data  Lc  pow64.o [3]
mConnect_MQTT            0x800'e3cb   0x46  Code  Gb  user_mqtt.o [1]
mData_MQTT               0x800'd3e5   0x7a  Code  Gb  user_mqtt.o [1]
mInit_Header_Subcribe    0x800'e2f7   0xd4  Code  Gb  user_mqtt.o [1]
mPayload_Load_MesErr     0x800'de85   0x38  Code  Gb  user_mqtt.o [1]
mPayload_Update_Add      0x800'de6b   0x1a  Code  Gb  user_mqtt.o [1]
mPublish_MQTT            0x800'e431    0xa  Code  Gb  user_mqtt.o [1]
mSave_Index_Record       0x800'2625   0x2c  Code  Gb  user_modem_init.o [1]
mSend_Packet_MQTT        0x800'd3e3    0x2  Code  Gb  user_mqtt.o [1]
mSet_default_MQTT        0x800'd339   0x18  Code  Gb  user_mqtt.o [1]
mSubcribe_MQTT           0x800'e411   0x20  Code  Gb  user_mqtt.o [1]
mUpdate_Split_FTP        0x800'e29d   0x58  Code  Gb  user_mqtt.o [1]
main                     0x800'ce39   0x2c  Code  Gb  main.o [1]
memset                   0x800'39b9   0x14  Code  Gb  memset.o [4]
pFlash                  0x2000'41b4   0x18  Data  Gb  stm32l1xx_hal_flash.o [1]
pFunc_Log_To_Mem        0x2000'43a0    0x4  Data  Gb  user_util.o [1]
pModemProcessIRQTimer   0x2000'438c    0x4  Data  Gb  user_rtc.o [1]
pow                      0x800'e7b5  0x6d0  Code  Gb  pow64.o [3]
powl                     0x800'e7b5  0x6d0  Code  Gb  pow64.o [3]
qCopy_Data_From_Queue    0x800'a1ad   0x60  Code  Lc  queue_p.o [1]
qCopy_Data_To_Queue      0x800'a135   0x78  Code  Lc  queue_p.o [1]
qExEEPROMRead           0x2000'41e4   0x18  Data  Gb  user_external_eeprom.o [1]
qExEEPROMWrite          0x2000'41fc   0x18  Data  Gb  user_external_eeprom.o [1]
qFlashRead              0x2000'422c   0x18  Data  Gb  user_external_flash.o [1]
qFlashStep              0x2000'4214   0x18  Data  Gb  user_external_flash.o [1]
qFlashWrite             0x2000'4244   0x18  Data  Gb  user_external_flash.o [1]
qGet_Number_Items        0x800'a20d    0x4  Code  Gb  queue_p.o [1]
qOnFlashRead            0x2000'425c   0x18  Data  Gb  user_internal_mem.o [1]
qOnFlashWrite           0x2000'4274   0x18  Data  Gb  user_internal_mem.o [1]
qQueue_Back_Item         0x800'a211   0x54  Code  Gb  queue_p.o [1]
qQueue_Clear             0x800'a0db    0xe  Code  Gb  queue_p.o [1]
qQueue_Create            0x800'a0ad   0x2e  Code  Gb  queue_p.o [1]
qQueue_Receive           0x800'a113   0x22  Code  Gb  queue_p.o [1]
qQueue_Send              0x800'a0e9   0x2a  Code  Gb  queue_p.o [1]
qSimStep                0x2000'42d4   0x18  Data  Gb  user_sim.o [1]
read_flash_IVT_u8       0x2000'43ba    0x1  Data  Gb  user_app_inverter.o [1]
sAppMem                 0x2000'4304   0x10  Data  Gb  user_app_mem.o [1]
sAppSimVar              0x2000'0000  0x290  Data  Gb  user_app_sim.o [1]
sCheck_Config_485_Inverter
                        0x2000'4374    0x4  Data  Gb  user_app_inverter.o [1]
sConfig_IVT             0x2000'0384   0x18  Data  Gb  user_app_inverter.o [1]
sDefault_485_Inverter   0x2000'435c    0x8  Data  Gb  user_app_inverter.o [1]
sEventAppComm           0x2000'029c   0x60  Data  Gb  user_app_comm.o [1]
sEventAppIVT            0x2000'0304   0x80  Data  Gb  user_app_inverter.o [1]
sEventAppMem            0x2000'0434   0x60  Data  Gb  user_app_mem.o [1]
sEventAppSim            0x2000'0494   0x40  Data  Gb  user_app_sim.o [1]
sEventExEEPROM          0x2000'0544   0x30  Data  Gb  user_external_eeprom.o [1]
sEventExFlash           0x2000'06b4   0x40  Data  Gb  user_external_flash.o [1]
sEventOnChipFlash       0x2000'0920   0x30  Data  Gb  user_internal_mem.o [1]
sEventSim               0x2000'0c44   0x90  Data  Gb  user_sim.o [1]
sExEEPROM               0x2000'0574  0x140  Data  Gb  user_external_eeprom.o [1]
sExFlash                0x2000'07e0  0x140  Data  Gb  user_external_flash.o [1]
sExFlashInit            0x2000'4314    0xc  Data  Gb  user_external_flash.o [1]
sFROM_Manager           0x2000'436c    0x4  Data  Gb  cat24mxx.o [1]
sFileSys                0x2000'104c   0x44  Data  Gb  user_sim_common.o [1]
sFirmVersion            0x2000'02fc    0x8  Data  Gb  user_app_comm.o [1]
sFreqInfor              0x2000'0bd0    0xc  Data  Gb  user_modem.o [1]
sFuncCBModem            0x2000'4390    0x4  Data  Gb  user_sim.o [1]
sIVT_Recv               0x2000'03a4   0x28  Data  Gb  user_app_inverter.o [1]
sLPMFeatureHandler      0x2000'4388    0x4  Data  Gb  user_lpm.o [1]
sMQTT                   0x2000'3bc4   0xc4  Data  Gb  user_mqtt.o [1]
sMark_DCU_Type           0x801'1f30   0x6c  Data  Gb  user_mqtt.o [1]
sMark_MessageRecei_Type
                         0x801'2ba0   0x90  Data  Gb  user_mqtt.o [1]
sMark_MessageSend_Type   0x801'2900  0x1b0  Data  Gb  user_mqtt.o [1]
sModem                  0x2000'0b84   0x4c  Data  Gb  user_modem.o [1]
sModemCallBackToSimHandler
                        0x2000'04d4   0x18  Data  Gb  user_app_sim.o [1]
sModemLPMHandler        0x2000'0bdc   0x10  Data  Gb  user_modem.o [1]
sOnFlash                0x2000'0950  0x140  Data  Gb  user_internal_mem.o [1]
sParam_IVT              0x2000'039c    0x8  Data  Gb  user_app_inverter.o [1]
sQFlashRead             0x2000'3c88   0xa0  Data  Lc  user_external_flash.o [1]
sQFlashWrite            0x2000'10b4  0xa50  Data  Lc  user_external_flash.o [1]
sRTC                    0x2000'4338    0xc  Data  Gb  user_util.o [1]
sRTCSet                 0x2000'4320    0xc  Data  Gb  user_modem.o [1]
sRecEvent               0x2000'0adc   0x38  Data  Gb  user_modem.o [1]
sRecGPS                 0x2000'0b4c   0x38  Data  Gb  user_modem.o [1]
sRecLog                 0x2000'0b14   0x38  Data  Gb  user_modem.o [1]
sRecTSVH                0x2000'0aa4   0x38  Data  Gb  user_modem.o [1]
sRun_Stop_485_Inverter  0x2000'4364    0x8  Data  Gb  user_app_inverter.o [1]
sSimCallBackHandler     0x2000'0cf8   0x10  Data  Gb  user_sim.o [1]
sSimCommFuncCallBack    0x2000'4394    0x4  Data  Gb  user_sim_common.o [1]
sSimCommon              0x2000'3da8   0x70  Data  Gb  user_sim_common.o [1]
sSimFwUpdate            0x2000'0ffc   0x50  Data  Gb  user_sim_common.o [1]
sSimInfor               0x2000'0f78   0x84  Data  Gb  user_sim_common.o [1]
sSimVar                 0x2000'0cdc   0x1c  Data  Gb  user_sim.o [1]
sTempHumi               0x2000'03cc   0x54  Data  Gb  user_app_inverter.o [1]
sUart485                0x2000'0420    0x8  Data  Gb  user_app_inverter.o [1]
sUartDebug              0x2000'10a8    0x8  Data  Gb  user_uart.o [1]
sUartSim                0x2000'0cd4    0x8  Data  Gb  user_sim.o [1]
scalbln                  0x801'01c9         Code  Gb  ldexp.o [3]
scalblnl                 0x801'01c9         Code  Gb  ldexp.o [3]
scalbn                   0x801'01c9         Code  Gb  ldexp.o [3]
scalbnl                  0x801'01c9         Code  Gb  ldexp.o [3]
strchr                   0x800'fcf5         Code  Gb  strchr.o [4]
strlen                   0x800'840d         Code  Gb  strlen.o [4]
strstr                   0x800'd279   0x2c  Code  Gb  strstr.o [2]
topicString             0x2000'432c    0xc  Data  Gb  user_mqtt.o [1]
uartSimBuffReceive      0x2000'2464  0x4b0  Data  Gb  user_sim.o [1]
uwTick                  0x2000'4370    0x4  Data  Gb  stm32l1xx_hal.o [1]
uwTickFreq              0x2000'0294    0x4  Data  Gb  stm32l1xx_hal.o [1]
uwTickPrio              0x2000'0290    0x4  Data  Gb  stm32l1xx_hal.o [1]
writeCString             0x801'1741   0x34  Code  Gb  MQTTPacket.o [1]
writeChar                0x801'170b    0xc  Code  Gb  MQTTPacket.o [1]
writeInt                 0x801'1717   0x2a  Code  Gb  MQTTPacket.o [1]
writeMQTTString          0x801'1775   0x46  Code  Gb  MQTTPacket.o [1]


[1] = D:\Saoviet_Bitbucket\Saoviet_Container\EWARM\GSM_Container\Obj
[2] = dl7M_tlf.a
[3] = m7M_tl.a
[4] = rt7M_tl.a
[5] = shb_l.a

  72'702 bytes of readonly  code memory
  12'009 bytes of readonly  data memory
  18'388 bytes of readwrite data memory

Errors: none
Warnings: none
