###############################################################################
#
# IAR ELF Linker V8.40.2.214/W32 for ARM                  27/Jul/2023  10:05:05
# Copyright 2007-2019 IAR Systems AB.
#
#    Output file  =
#        D:\Saoviet_Bitbucket\Saoviet_Container\EWARM\GSM_Container\Exe\GSM_Container.out
#    Map file     =
#        D:\Saoviet_Bitbucket\Saoviet_Container\EWARM\GSM_Container\List\GSM_Container.map
#    Command line =
#        -f C:\Users\PC\AppData\Local\Temp\EW72A6.tmp
#        (D:\Saoviet_Bitbucket\Saoviet_Container\EWARM\GSM_Container\Obj\adc.o
#        D:\Saoviet_Bitbucket\Saoviet_Container\EWARM\GSM_Container\Obj\cat24mxx.o
#        D:\Saoviet_Bitbucket\Saoviet_Container\EWARM\GSM_Container\Obj\event_driven.o
#        D:\Saoviet_Bitbucket\Saoviet_Container\EWARM\GSM_Container\Obj\gpio.o
#        D:\Saoviet_Bitbucket\Saoviet_Container\EWARM\GSM_Container\Obj\i2c.o
#        D:\Saoviet_Bitbucket\Saoviet_Container\EWARM\GSM_Container\Obj\main.o
#        D:\Saoviet_Bitbucket\Saoviet_Container\EWARM\GSM_Container\Obj\MQTTConnectClient.o
#        D:\Saoviet_Bitbucket\Saoviet_Container\EWARM\GSM_Container\Obj\MQTTConnectServer.o
#        D:\Saoviet_Bitbucket\Saoviet_Container\EWARM\GSM_Container\Obj\MQTTDeserializePublish.o
#        D:\Saoviet_Bitbucket\Saoviet_Container\EWARM\GSM_Container\Obj\MQTTFormat.o
#        D:\Saoviet_Bitbucket\Saoviet_Container\EWARM\GSM_Container\Obj\MQTTPacket.o
#        D:\Saoviet_Bitbucket\Saoviet_Container\EWARM\GSM_Container\Obj\MQTTSerializePublish.o
#        D:\Saoviet_Bitbucket\Saoviet_Container\EWARM\GSM_Container\Obj\MQTTSubscribeClient.o
#        D:\Saoviet_Bitbucket\Saoviet_Container\EWARM\GSM_Container\Obj\MQTTSubscribeServer.o
#        D:\Saoviet_Bitbucket\Saoviet_Container\EWARM\GSM_Container\Obj\MQTTUnsubscribeClient.o
#        D:\Saoviet_Bitbucket\Saoviet_Container\EWARM\GSM_Container\Obj\MQTTUnsubscribeServer.o
#        D:\Saoviet_Bitbucket\Saoviet_Container\EWARM\GSM_Container\Obj\onchipflash.o
#        D:\Saoviet_Bitbucket\Saoviet_Container\EWARM\GSM_Container\Obj\queue_p.o
#        D:\Saoviet_Bitbucket\Saoviet_Container\EWARM\GSM_Container\Obj\rtc.o
#        D:\Saoviet_Bitbucket\Saoviet_Container\EWARM\GSM_Container\Obj\S25FL216K.o
#        D:\Saoviet_Bitbucket\Saoviet_Container\EWARM\GSM_Container\Obj\spi.o
#        D:\Saoviet_Bitbucket\Saoviet_Container\EWARM\GSM_Container\Obj\startup_stm32l151xc.o
#        D:\Saoviet_Bitbucket\Saoviet_Container\EWARM\GSM_Container\Obj\stm32l1xx_hal.o
#        D:\Saoviet_Bitbucket\Saoviet_Container\EWARM\GSM_Container\Obj\stm32l1xx_hal_adc.o
#        D:\Saoviet_Bitbucket\Saoviet_Container\EWARM\GSM_Container\Obj\stm32l1xx_hal_adc_ex.o
#        D:\Saoviet_Bitbucket\Saoviet_Container\EWARM\GSM_Container\Obj\stm32l1xx_hal_cortex.o
#        D:\Saoviet_Bitbucket\Saoviet_Container\EWARM\GSM_Container\Obj\stm32l1xx_hal_dma.o
#        D:\Saoviet_Bitbucket\Saoviet_Container\EWARM\GSM_Container\Obj\stm32l1xx_hal_exti.o
#        D:\Saoviet_Bitbucket\Saoviet_Container\EWARM\GSM_Container\Obj\stm32l1xx_hal_flash.o
#        D:\Saoviet_Bitbucket\Saoviet_Container\EWARM\GSM_Container\Obj\stm32l1xx_hal_flash_ex.o
#        D:\Saoviet_Bitbucket\Saoviet_Container\EWARM\GSM_Container\Obj\stm32l1xx_hal_flash_ramfunc.o
#        D:\Saoviet_Bitbucket\Saoviet_Container\EWARM\GSM_Container\Obj\stm32l1xx_hal_gpio.o
#        D:\Saoviet_Bitbucket\Saoviet_Container\EWARM\GSM_Container\Obj\stm32l1xx_hal_i2c.o
#        D:\Saoviet_Bitbucket\Saoviet_Container\EWARM\GSM_Container\Obj\stm32l1xx_hal_msp.o
#        D:\Saoviet_Bitbucket\Saoviet_Container\EWARM\GSM_Container\Obj\stm32l1xx_hal_pwr.o
#        D:\Saoviet_Bitbucket\Saoviet_Container\EWARM\GSM_Container\Obj\stm32l1xx_hal_pwr_ex.o
#        D:\Saoviet_Bitbucket\Saoviet_Container\EWARM\GSM_Container\Obj\stm32l1xx_hal_rcc.o
#        D:\Saoviet_Bitbucket\Saoviet_Container\EWARM\GSM_Container\Obj\stm32l1xx_hal_rcc_ex.o
#        D:\Saoviet_Bitbucket\Saoviet_Container\EWARM\GSM_Container\Obj\stm32l1xx_hal_rtc.o
#        D:\Saoviet_Bitbucket\Saoviet_Container\EWARM\GSM_Container\Obj\stm32l1xx_hal_rtc_ex.o
#        D:\Saoviet_Bitbucket\Saoviet_Container\EWARM\GSM_Container\Obj\stm32l1xx_hal_spi.o
#        D:\Saoviet_Bitbucket\Saoviet_Container\EWARM\GSM_Container\Obj\stm32l1xx_hal_tim.o
#        D:\Saoviet_Bitbucket\Saoviet_Container\EWARM\GSM_Container\Obj\stm32l1xx_hal_tim_ex.o
#        D:\Saoviet_Bitbucket\Saoviet_Container\EWARM\GSM_Container\Obj\stm32l1xx_hal_uart.o
#        D:\Saoviet_Bitbucket\Saoviet_Container\EWARM\GSM_Container\Obj\stm32l1xx_it.o
#        D:\Saoviet_Bitbucket\Saoviet_Container\EWARM\GSM_Container\Obj\system_stm32l1xx.o
#        D:\Saoviet_Bitbucket\Saoviet_Container\EWARM\GSM_Container\Obj\usart.o
#        D:\Saoviet_Bitbucket\Saoviet_Container\EWARM\GSM_Container\Obj\user_adc.o
#        D:\Saoviet_Bitbucket\Saoviet_Container\EWARM\GSM_Container\Obj\user_app_comm.o
#        D:\Saoviet_Bitbucket\Saoviet_Container\EWARM\GSM_Container\Obj\user_app_inverter.o
#        D:\Saoviet_Bitbucket\Saoviet_Container\EWARM\GSM_Container\Obj\user_app_mem.o
#        D:\Saoviet_Bitbucket\Saoviet_Container\EWARM\GSM_Container\Obj\user_app_sim.o
#        D:\Saoviet_Bitbucket\Saoviet_Container\EWARM\GSM_Container\Obj\user_at_serial.o
#        D:\Saoviet_Bitbucket\Saoviet_Container\EWARM\GSM_Container\Obj\user_ec200u.o
#        D:\Saoviet_Bitbucket\Saoviet_Container\EWARM\GSM_Container\Obj\user_external_eeprom.o
#        D:\Saoviet_Bitbucket\Saoviet_Container\EWARM\GSM_Container\Obj\user_external_flash.o
#        D:\Saoviet_Bitbucket\Saoviet_Container\EWARM\GSM_Container\Obj\user_internal_mem.o
#        D:\Saoviet_Bitbucket\Saoviet_Container\EWARM\GSM_Container\Obj\user_log.o
#        D:\Saoviet_Bitbucket\Saoviet_Container\EWARM\GSM_Container\Obj\user_lpm.o
#        D:\Saoviet_Bitbucket\Saoviet_Container\EWARM\GSM_Container\Obj\user_modbus_rtu.o
#        D:\Saoviet_Bitbucket\Saoviet_Container\EWARM\GSM_Container\Obj\user_modem.o
#        D:\Saoviet_Bitbucket\Saoviet_Container\EWARM\GSM_Container\Obj\user_modem_init.o
#        D:\Saoviet_Bitbucket\Saoviet_Container\EWARM\GSM_Container\Obj\user_mqtt.o
#        D:\Saoviet_Bitbucket\Saoviet_Container\EWARM\GSM_Container\Obj\user_obis_sv.o
#        D:\Saoviet_Bitbucket\Saoviet_Container\EWARM\GSM_Container\Obj\user_rtc.o
#        D:\Saoviet_Bitbucket\Saoviet_Container\EWARM\GSM_Container\Obj\user_sim.o
#        D:\Saoviet_Bitbucket\Saoviet_Container\EWARM\GSM_Container\Obj\user_sim_common.o
#        D:\Saoviet_Bitbucket\Saoviet_Container\EWARM\GSM_Container\Obj\user_string.o
#        D:\Saoviet_Bitbucket\Saoviet_Container\EWARM\GSM_Container\Obj\user_time.o
#        D:\Saoviet_Bitbucket\Saoviet_Container\EWARM\GSM_Container\Obj\user_timer.o
#        D:\Saoviet_Bitbucket\Saoviet_Container\EWARM\GSM_Container\Obj\user_uart.o
#        D:\Saoviet_Bitbucket\Saoviet_Container\EWARM\GSM_Container\Obj\user_util.o
#        --no_out_extension -o
#        D:\Saoviet_Bitbucket\Saoviet_Container\EWARM\GSM_Container\Exe\GSM_Container.out
#        --redirect _Printf=_PrintfFullNoMb --redirect _Scanf=_ScanfFullNoMb
#        --map
#        D:\Saoviet_Bitbucket\Saoviet_Container\EWARM\GSM_Container\List\GSM_Container.map
#        --config
#        D:\Saoviet_Bitbucket\Saoviet_Container\EWARM/stm32l151xc_flash.icf
#        --semihosting --entry __iar_program_start --vfe --text_out locale)
#
###############################################################################

*******************************************************************************
*** RUNTIME MODEL ATTRIBUTES
***

CppFlavor       = *
__SystemLibrary = DLib
__dlib_version  = 6


*******************************************************************************
*** HEAP SELECTION
***

The basic heap was selected because no calls to memory allocation
functions were found in the application outside of system library
functions, and there are calls to deallocation functions in the
application.


*******************************************************************************
*** PLACEMENT SUMMARY
***

"A0":  place at address 0x800'0000 { ro section .intvec };
"P1":  place in [from 0x800'0000 to 0x803'ffff] { ro };
define block CSTACK with size = 1K, alignment = 8 { };
define block HEAP with size = 512, alignment = 8 { };
"P2":  place in [from 0x2000'0000 to 0x2000'7fff] {
          rw, block CSTACK, block HEAP };
initialize by copy { rw };

  Section            Kind         Address    Size  Object
  -------            ----         -------    ----  ------
"A0":                                       0x124
  .intvec            ro code   0x800'0000   0x124  startup_stm32l151xc.o [1]
                             - 0x800'0124   0x124

"P1":                                      0xefc5
  .text              ro code   0x800'0124  0x1c0c  user_at_serial.o [1]
  .text              ro code   0x800'1d30   0x1ac  user_modem.o [1]
  .text              ro code   0x800'1edc   0x570  user_util.o [1]
  .text              ro code   0x800'244c    0xc8  user_modem_init.o [1]
  .text              ro code   0x800'2514   0xde4  user_sim.o [1]
  .text              ro code   0x800'32f8    0x14  memset.o [4]
  .text              ro code   0x800'330c    0x54  event_driven.o [1]
  .text              ro code   0x800'3360   0x26c  user_app_comm.o [1]
  .text              ro code   0x800'35cc    0xa6  ABImemcpy.o [4]
  .text              ro code   0x800'3672    0x3a  zero_init3.o [4]
  .text              ro code   0x800'36ac   0x1e4  user_time.o [1]
  .text              ro code   0x800'3890   0x740  stm32l1xx_hal_rtc.o [1]
  .text              ro code   0x800'3fd0   0x314  user_string.o [1]
  .text              ro code   0x800'42e4   0x698  user_app_mem.o [1]
  .text              ro code   0x800'497c  0x10e0  user_app_inverter.o [1]
  .text              ro code   0x800'5a5c   0x228  stm32l1xx_hal_gpio.o [1]
  .text              ro code   0x800'5c84   0x7b8  stm32l1xx_hal_uart.o [1]
  .text              ro code   0x800'643c    0x66  ABImemset.o [4]
  .rodata            const     0x800'64a2     0x2  user_ec200u.o [1]
  .text              ro code   0x800'64a4   0x230  I64DivMod.o [4]
  .text              ro code   0x800'66d4    0x36  strlen.o [4]
  .rodata            const     0x800'670a     0x2  user_ec200u.o [1]
  .text              ro code   0x800'670c   0x176  onchipflash.o [1]
  .text              ro code   0x800'6884   0x364  user_timer.o [1]
  .text              ro code   0x800'6be8   0xc04  user_ec200u.o [1]
  .text              ro code   0x800'77ec   0x7bc  user_sim_common.o [1]
  .text              ro code   0x800'7fa8   0x18a  queue_p.o [1]
  .text              ro code   0x800'8134   0x1f8  usart.o [1]
  .text              ro code   0x800'832c    0xf4  user_uart.o [1]
  .text              ro code   0x800'8420     0xc  stm32l1xx_hal.o [1]
  .text              ro code   0x800'842c   0xa40  user_external_flash.o [1]
  .text              ro code   0x800'8e6c   0x238  user_app_sim.o [1]
  .text              ro code   0x800'90a4    0x2c  rtc.o [1]
  .text              ro code   0x800'90d0   0x3a8  user_rtc.o [1]
  .text              ro code   0x800'9478     0x2  stm32l1xx_hal_rtc_ex.o [1]
  .text              ro code   0x800'947c    0xbc  spi.o [1]
  .text              ro code   0x800'9538    0xd8  user_modbus_rtu.o [1]
  .text              ro code   0x800'9610    0x28  stm32l1xx_hal.o [1]
  .text              ro code   0x800'9638    0xb2  stm32l1xx_hal_dma.o [1]
  .text              ro code   0x800'96ea     0x2  stm32l1xx_hal_uart.o [1]
  .text              ro code   0x800'96ec     0x2  stm32l1xx_hal_uart.o [1]
  .text              ro code   0x800'96ee     0x2  stm32l1xx_hal_uart.o [1]
  .text              ro code   0x800'96f0   0x86c  stm32l1xx_hal_rcc.o [1]
  .text              ro code   0x800'9f5c     0x2  I64DivZer.o [4]
  .text              ro code   0x800'9f60   0x1a8  stm32l1xx_hal_flash.o [1]
  .text              ro code   0x800'a108    0x2c  stm32l1xx_hal_flash_ex.o [1]
  .text              ro code   0x800'a134    0x2c  strstr.o [2]
  .text              ro code   0x800'a160    0xe0  main.o [1]
  .text              ro code   0x800'a240   0x158  stm32l1xx_hal_cortex.o [1]
  .text              ro code   0x800'a398    0x92  S25FL216K.o [1]
  .text              ro code   0x800'a42c    0x3e  stm32l1xx_hal_rtc_ex.o [1]
  .text              ro code   0x800'a46c   0x44c  stm32l1xx_hal_spi.o [1]
  .text              ro code   0x800'a8b8    0x60  stm32l1xx_hal.o [1]
  .text              ro code   0x800'a918    0x16  strchr.o [4]
  .text              ro code   0x800'a930    0x24  stm32l1xx_hal.o [1]
  .text              ro code   0x800'a954   0x1c8  gpio.o [1]
  .text              ro code   0x800'ab1c    0xb0  i2c.o [1]
  .text              ro code   0x800'abcc   0x174  adc.o [1]
  .text              ro code   0x800'ad40   0x160  stm32l1xx_hal_rcc_ex.o [1]
  .text              ro code   0x800'aea0    0x48  stm32l1xx_hal_msp.o [1]
  .text              ro code   0x800'aee8   0x1ec  stm32l1xx_hal_i2c.o [1]
  .text              ro code   0x800'b0d4   0x3b0  stm32l1xx_hal_adc.o [1]
  .text              ro code   0x800'b484  0x12f8  user_mqtt.o [1]
  .text              ro code   0x800'c77c    0xe0  MQTTSerializePublish.o [1]
  .text              ro code   0x800'c85c   0x11c  MQTTPacket.o [1]
  .rodata            const     0x800'c978   0x758  user_ec200u.o [1]
  .rodata            const     0x800'd0d0   0x350  user_at_serial.o [1]
  .rodata            const     0x800'd420   0x1b0  user_mqtt.o [1]
  .rodata            const     0x800'd5d0    0xf0  user_ec200u.o [1]
  .rodata            const     0x800'd6c0    0x90  user_mqtt.o [1]
  .text              ro code   0x800'd750    0x78  lz77_init_single.o [4]
  .rodata            const     0x800'd7c8    0x6c  user_mqtt.o [1]
  .text              ro code   0x800'd834    0x5c  stm32l1xx_it.o [1]
  .text              ro code   0x800'd890    0x18  stm32l1xx_hal.o [1]
  .rodata            const     0x800'd8a8    0x2c  user_ec200u.o [1]
  .rodata            const     0x800'd8d4    0x2c  user_rtc.o [1]
  .rodata            const     0x800'd900    0x28  user_ec200u.o [1]
  .rodata            const     0x800'd928    0x28  user_external_flash.o [1]
  .rodata            const     0x800'd950    0x28  user_external_flash.o [1]
  .rodata            const     0x800'd978    0x28  user_external_flash.o [1]
  .rodata            const     0x800'd9a0    0x28  user_external_flash.o [1]
  .rodata            const     0x800'd9c8    0x28  user_external_flash.o [1]
  .rodata            const     0x800'd9f0    0x28  user_external_flash.o [1]
  .text              ro code   0x800'da18    0x28  data_init.o [4]
  .rodata            const     0x800'da40    0x24  user_app_inverter.o [1]
  .rodata            const     0x800'da64    0x24  user_app_mem.o [1]
  .rodata            const     0x800'da88    0x24  user_app_mem.o [1]
  .rodata            const     0x800'daac    0x24  user_app_mem.o [1]
  .rodata            const     0x800'dad0    0x24  user_app_mem.o [1]
  .rodata            const     0x800'daf4    0x24  user_app_mem.o [1]
  .rodata            const     0x800'db18    0x24  user_app_mem.o [1]
  .rodata            const     0x800'db3c    0x24  user_app_mem.o [1]
  .rodata            const     0x800'db60    0x24  user_app_mem.o [1]
  .rodata            const     0x800'db84    0x24  user_app_mem.o [1]
  .rodata            const     0x800'dba8    0x24  user_external_flash.o [1]
  .rodata            const     0x800'dbcc    0x24  user_external_flash.o [1]
  .rodata            const     0x800'dbf0    0x24  user_mqtt.o [1]
  .iar.init_table    const     0x800'dc14    0x20  - Linker created -
  .rodata            const     0x800'dc34    0x20  user_app_mem.o [1]
  .rodata            const     0x800'dc54    0x20  user_at_serial.o [1]
  .rodata            const     0x800'dc74    0x20  user_ec200u.o [1]
  .rodata            const     0x800'dc94    0x20  user_ec200u.o [1]
  .rodata            const     0x800'dcb4    0x20  user_ec200u.o [1]
  .rodata            const     0x800'dcd4    0x20  user_ec200u.o [1]
  .rodata            const     0x800'dcf4    0x20  user_ec200u.o [1]
  .rodata            const     0x800'dd14    0x20  user_modem.o [1]
  .rodata            const     0x800'dd34    0x20  user_mqtt.o [1]
  .text              ro code   0x800'dd54    0x1e  cmain.o [4]
  .text              ro code   0x800'dd72     0x4  low_level_init.o [2]
  .text              ro code   0x800'dd76     0x4  exit.o [2]
  .text              ro code   0x800'dd7c     0xa  cexit.o [4]
  .text              ro code   0x800'dd88    0x14  exit.o [5]
  .rodata            const     0x800'dd9c    0x1c  user_app_inverter.o [1]
  .rodata            const     0x800'ddb8    0x1c  user_ec200u.o [1]
  .rodata            const     0x800'ddd4    0x1c  user_ec200u.o [1]
  .rodata            const     0x800'ddf0    0x1c  user_ec200u.o [1]
  .rodata            const     0x800'de0c    0x1c  user_ec200u.o [1]
  .rodata            const     0x800'de28    0x1c  user_external_flash.o [1]
  .rodata            const     0x800'de44    0x1c  user_external_flash.o [1]
  .rodata            const     0x800'de60    0x1c  user_mqtt.o [1]
  .rodata            const     0x800'de7c    0x18  user_ec200u.o [1]
  .rodata            const     0x800'de94    0x18  user_ec200u.o [1]
  .rodata            const     0x800'deac    0x18  user_ec200u.o [1]
  .rodata            const     0x800'dec4    0x18  user_ec200u.o [1]
  .rodata            const     0x800'dedc    0x18  user_ec200u.o [1]
  .rodata            const     0x800'def4    0x18  user_mqtt.o [1]
  .rodata            const     0x800'df0c    0x18  user_sim.o [1]
  .rodata            const     0x800'df24    0x14  user_at_serial.o [1]
  .rodata            const     0x800'df38    0x14  user_at_serial.o [1]
  .rodata            const     0x800'df4c    0x14  user_at_serial.o [1]
  .rodata            const     0x800'df60    0x14  user_at_serial.o [1]
  .rodata            const     0x800'df74    0x14  user_ec200u.o [1]
  .rodata            const     0x800'df88    0x14  user_ec200u.o [1]
  .rodata            const     0x800'df9c    0x14  user_ec200u.o [1]
  .rodata            const     0x800'dfb0    0x14  user_ec200u.o [1]
  .rodata            const     0x800'dfc4    0x14  user_ec200u.o [1]
  .rodata            const     0x800'dfd8    0x14  user_ec200u.o [1]
  .rodata            const     0x800'dfec    0x14  user_ec200u.o [1]
  .rodata            const     0x800'e000    0x14  user_ec200u.o [1]
  .rodata            const     0x800'e014    0x14  user_ec200u.o [1]
  .rodata            const     0x800'e028    0x14  user_ec200u.o [1]
  .rodata            const     0x800'e03c    0x14  user_ec200u.o [1]
  .rodata            const     0x800'e050    0x14  user_ec200u.o [1]
  .rodata            const     0x800'e064    0x14  user_external_flash.o [1]
  .rodata            const     0x800'e078    0x14  user_external_flash.o [1]
  .rodata            const     0x800'e08c    0x14  user_external_flash.o [1]
  .rodata            const     0x800'e0a0    0x14  user_external_flash.o [1]
  .rodata            const     0x800'e0b4    0x14  user_external_flash.o [1]
  .rodata            const     0x800'e0c8    0x14  user_modem.o [1]
  .rodata            const     0x800'e0dc    0x14  user_mqtt.o [1]
  .rodata            const     0x800'e0f0    0x14  user_mqtt.o [1]
  .rodata            const     0x800'e104    0x14  user_mqtt.o [1]
  .rodata            const     0x800'e118    0x14  user_mqtt.o [1]
  .rodata            const     0x800'e12c    0x14  user_mqtt.o [1]
  .rodata            const     0x800'e140    0x14  user_mqtt.o [1]
  .rodata            const     0x800'e154    0x14  user_mqtt.o [1]
  .rodata            const     0x800'e168    0x14  user_mqtt.o [1]
  .rodata            const     0x800'e17c    0x14  user_sim.o [1]
  .rodata            const     0x800'e190    0x14  user_sim.o [1]
  .rodata            const     0x800'e1a4    0x10  system_stm32l1xx.o [1]
  .rodata            const     0x800'e1b4    0x10  user_app_comm.o [1]
  .rodata            const     0x800'e1c4    0x10  user_at_serial.o [1]
  .rodata            const     0x800'e1d4    0x10  user_at_serial.o [1]
  .rodata            const     0x800'e1e4    0x10  user_at_serial.o [1]
  .rodata            const     0x800'e1f4    0x10  user_at_serial.o [1]
  .rodata            const     0x800'e204    0x10  user_at_serial.o [1]
  .rodata            const     0x800'e214    0x10  user_at_serial.o [1]
  .rodata            const     0x800'e224    0x10  user_at_serial.o [1]
  .rodata            const     0x800'e234    0x10  user_at_serial.o [1]
  .rodata            const     0x800'e244    0x10  user_at_serial.o [1]
  .rodata            const     0x800'e254    0x10  user_at_serial.o [1]
  .rodata            const     0x800'e264    0x10  user_at_serial.o [1]
  .rodata            const     0x800'e274    0x10  user_at_serial.o [1]
  .rodata            const     0x800'e284    0x10  user_at_serial.o [1]
  .rodata            const     0x800'e294    0x10  user_at_serial.o [1]
  .rodata            const     0x800'e2a4    0x10  user_at_serial.o [1]
  .rodata            const     0x800'e2b4    0x10  user_at_serial.o [1]
  .rodata            const     0x800'e2c4    0x10  user_at_serial.o [1]
  .rodata            const     0x800'e2d4    0x10  user_at_serial.o [1]
  .rodata            const     0x800'e2e4    0x10  user_at_serial.o [1]
  .rodata            const     0x800'e2f4    0x10  user_at_serial.o [1]
  .rodata            const     0x800'e304    0x10  user_at_serial.o [1]
  .rodata            const     0x800'e314    0x10  user_at_serial.o [1]
  .rodata            const     0x800'e324    0x10  user_at_serial.o [1]
  .rodata            const     0x800'e334    0x10  user_at_serial.o [1]
  .rodata            const     0x800'e344    0x10  user_at_serial.o [1]
  .rodata            const     0x800'e354    0x10  user_at_serial.o [1]
  .rodata            const     0x800'e364    0x10  user_at_serial.o [1]
  .rodata            const     0x800'e374    0x10  user_ec200u.o [1]
  .rodata            const     0x800'e384    0x10  user_ec200u.o [1]
  .rodata            const     0x800'e394    0x10  user_ec200u.o [1]
  .rodata            const     0x800'e3a4    0x10  user_ec200u.o [1]
  .rodata            const     0x800'e3b4    0x10  user_ec200u.o [1]
  .rodata            const     0x800'e3c4    0x10  user_ec200u.o [1]
  .rodata            const     0x800'e3d4    0x10  user_ec200u.o [1]
  .rodata            const     0x800'e3e4    0x10  user_ec200u.o [1]
  .rodata            const     0x800'e3f4    0x10  user_ec200u.o [1]
  .rodata            const     0x800'e404    0x10  user_ec200u.o [1]
  .rodata            const     0x800'e414    0x10  user_ec200u.o [1]
  .rodata            const     0x800'e424    0x10  user_ec200u.o [1]
  .rodata            const     0x800'e434    0x10  user_ec200u.o [1]
  .rodata            const     0x800'e444    0x10  user_ec200u.o [1]
  .rodata            const     0x800'e454    0x10  user_ec200u.o [1]
  .rodata            const     0x800'e464    0x10  user_ec200u.o [1]
  .rodata            const     0x800'e474    0x10  user_ec200u.o [1]
  .rodata            const     0x800'e484    0x10  user_ec200u.o [1]
  .rodata            const     0x800'e494    0x10  user_ec200u.o [1]
  .rodata            const     0x800'e4a4    0x10  user_external_flash.o [1]
  .rodata            const     0x800'e4b4    0x10  user_external_flash.o [1]
  .rodata            const     0x800'e4c4    0x10  user_external_flash.o [1]
  .rodata            const     0x800'e4d4    0x10  user_external_flash.o [1]
  .rodata            const     0x800'e4e4    0x10  user_mqtt.o [1]
  .rodata            const     0x800'e4f4    0x10  user_mqtt.o [1]
  .rodata            const     0x800'e504    0x10  user_mqtt.o [1]
  .rodata            const     0x800'e514    0x10  user_mqtt.o [1]
  .rodata            const     0x800'e524    0x10  user_mqtt.o [1]
  .rodata            const     0x800'e534    0x10  user_mqtt.o [1]
  .rodata            const     0x800'e544    0x10  user_mqtt.o [1]
  .rodata            const     0x800'e554    0x10  user_mqtt.o [1]
  .rodata            const     0x800'e564    0x10  user_mqtt.o [1]
  .rodata            const     0x800'e574    0x10  user_mqtt.o [1]
  .rodata            const     0x800'e584    0x10  user_mqtt.o [1]
  .rodata            const     0x800'e594    0x10  user_mqtt.o [1]
  .rodata            const     0x800'e5a4    0x10  user_mqtt.o [1]
  .rodata            const     0x800'e5b4    0x10  user_mqtt.o [1]
  .rodata            const     0x800'e5c4    0x10  user_sim_common.o [1]
  .text              ro code   0x800'e5d4    0x10  startup_stm32l151xc.o [1]
  .rodata            const     0x800'e5e4     0xc  system_stm32l1xx.o [1]
  .rodata            const     0x800'e5f0     0xc  user_at_serial.o [1]
  .rodata            const     0x800'e5fc     0xc  user_at_serial.o [1]
  .rodata            const     0x800'e608     0xc  user_at_serial.o [1]
  .rodata            const     0x800'e614     0xc  user_at_serial.o [1]
  .rodata            const     0x800'e620     0xc  user_at_serial.o [1]
  .rodata            const     0x800'e62c     0xc  user_at_serial.o [1]
  .rodata            const     0x800'e638     0xc  user_at_serial.o [1]
  .rodata            const     0x800'e644     0xc  user_at_serial.o [1]
  .rodata            const     0x800'e650     0xc  user_at_serial.o [1]
  .rodata            const     0x800'e65c     0xc  user_at_serial.o [1]
  .rodata            const     0x800'e668     0xc  user_at_serial.o [1]
  .rodata            const     0x800'e674     0xc  user_at_serial.o [1]
  .rodata            const     0x800'e680     0xc  user_at_serial.o [1]
  .rodata            const     0x800'e68c     0xc  user_at_serial.o [1]
  .rodata            const     0x800'e698     0xc  user_at_serial.o [1]
  .rodata            const     0x800'e6a4     0xc  user_at_serial.o [1]
  .rodata            const     0x800'e6b0     0xc  user_at_serial.o [1]
  .rodata            const     0x800'e6bc     0xc  user_at_serial.o [1]
  .rodata            const     0x800'e6c8     0xc  user_at_serial.o [1]
  .rodata            const     0x800'e6d4     0xc  user_at_serial.o [1]
  .rodata            const     0x800'e6e0     0xc  user_at_serial.o [1]
  .rodata            const     0x800'e6ec     0xc  user_at_serial.o [1]
  .rodata            const     0x800'e6f8     0xc  user_at_serial.o [1]
  .rodata            const     0x800'e704     0xc  user_ec200u.o [1]
  .rodata            const     0x800'e710     0xc  user_ec200u.o [1]
  .rodata            const     0x800'e71c     0xc  user_ec200u.o [1]
  .rodata            const     0x800'e728     0xc  user_ec200u.o [1]
  .rodata            const     0x800'e734     0xc  user_ec200u.o [1]
  .rodata            const     0x800'e740     0xc  user_ec200u.o [1]
  .rodata            const     0x800'e74c     0xc  user_ec200u.o [1]
  .rodata            const     0x800'e758     0xc  user_ec200u.o [1]
  .rodata            const     0x800'e764     0xc  user_ec200u.o [1]
  .rodata            const     0x800'e770     0xc  user_ec200u.o [1]
  .rodata            const     0x800'e77c     0xc  user_ec200u.o [1]
  .rodata            const     0x800'e788     0xc  user_ec200u.o [1]
  .rodata            const     0x800'e794     0xc  user_ec200u.o [1]
  .rodata            const     0x800'e7a0     0xc  user_ec200u.o [1]
  .rodata            const     0x800'e7ac     0xc  user_ec200u.o [1]
  .rodata            const     0x800'e7b8     0xc  user_ec200u.o [1]
  .rodata            const     0x800'e7c4     0xc  user_ec200u.o [1]
  .rodata            const     0x800'e7d0     0xc  user_ec200u.o [1]
  .rodata            const     0x800'e7dc     0xc  user_ec200u.o [1]
  .rodata            const     0x800'e7e8     0xc  user_ec200u.o [1]
  .rodata            const     0x800'e7f4     0xc  user_ec200u.o [1]
  .rodata            const     0x800'e800     0xc  user_ec200u.o [1]
  .rodata            const     0x800'e80c     0xc  user_ec200u.o [1]
  .rodata            const     0x800'e818     0xc  user_ec200u.o [1]
  .rodata            const     0x800'e824     0xc  user_ec200u.o [1]
  .rodata            const     0x800'e830     0xc  user_ec200u.o [1]
  .rodata            const     0x800'e83c     0xc  user_ec200u.o [1]
  .rodata            const     0x800'e848     0xc  user_ec200u.o [1]
  .rodata            const     0x800'e854     0xc  user_ec200u.o [1]
  .rodata            const     0x800'e860     0xc  user_ec200u.o [1]
  .rodata            const     0x800'e86c     0xc  user_ec200u.o [1]
  .rodata            const     0x800'e878     0xc  user_ec200u.o [1]
  .rodata            const     0x800'e884     0xc  user_ec200u.o [1]
  .rodata            const     0x800'e890     0xc  user_ec200u.o [1]
  .rodata            const     0x800'e89c     0xc  user_ec200u.o [1]
  .rodata            const     0x800'e8a8     0xc  user_mqtt.o [1]
  .rodata            const     0x800'e8b4     0xc  user_rtc.o [1]
  .rodata            const     0x800'e8c0     0xc  user_rtc.o [1]
  .rodata            const     0x800'e8cc     0xc  user_sim_common.o [1]
  .text              ro code   0x800'e8d8     0xc  cstartup_M.o [4]
  .rodata            const     0x800'e8e4     0x8  system_stm32l1xx.o [1]
  .rodata            const     0x800'e8ec     0x8  user_app_inverter.o [1]
  .rodata            const     0x800'e8f4     0x8  user_app_inverter.o [1]
  .rodata            const     0x800'e8fc     0x8  user_app_mem.o [1]
  .rodata            const     0x800'e904     0x8  user_at_serial.o [1]
  .rodata            const     0x800'e90c     0x8  user_at_serial.o [1]
  .rodata            const     0x800'e914     0x8  user_at_serial.o [1]
  .rodata            const     0x800'e91c     0x8  user_at_serial.o [1]
  .rodata            const     0x800'e924     0x8  user_at_serial.o [1]
  .rodata            const     0x800'e92c     0x8  user_at_serial.o [1]
  .rodata            const     0x800'e934     0x8  user_at_serial.o [1]
  .rodata            const     0x800'e93c     0x8  user_at_serial.o [1]
  .rodata            const     0x800'e944     0x8  user_at_serial.o [1]
  .rodata            const     0x800'e94c     0x8  user_at_serial.o [1]
  .rodata            const     0x800'e954     0x8  user_at_serial.o [1]
  .rodata            const     0x800'e95c     0x8  user_at_serial.o [1]
  .rodata            const     0x800'e964     0x8  user_at_serial.o [1]
  .rodata            const     0x800'e96c     0x8  user_at_serial.o [1]
  .rodata            const     0x800'e974     0x8  user_at_serial.o [1]
  .rodata            const     0x800'e97c     0x8  user_at_serial.o [1]
  .rodata            const     0x800'e984     0x8  user_at_serial.o [1]
  .rodata            const     0x800'e98c     0x8  user_at_serial.o [1]
  .rodata            const     0x800'e994     0x8  user_at_serial.o [1]
  .rodata            const     0x800'e99c     0x8  user_at_serial.o [1]
  .rodata            const     0x800'e9a4     0x8  user_at_serial.o [1]
  .rodata            const     0x800'e9ac     0x8  user_at_serial.o [1]
  .rodata            const     0x800'e9b4     0x8  user_at_serial.o [1]
  .rodata            const     0x800'e9bc     0x8  user_at_serial.o [1]
  .rodata            const     0x800'e9c4     0x8  user_at_serial.o [1]
  .rodata            const     0x800'e9cc     0x8  user_ec200u.o [1]
  .rodata            const     0x800'e9d4     0x8  user_ec200u.o [1]
  .rodata            const     0x800'e9dc     0x8  user_ec200u.o [1]
  .rodata            const     0x800'e9e4     0x8  user_ec200u.o [1]
  .rodata            const     0x800'e9ec     0x8  user_ec200u.o [1]
  .rodata            const     0x800'e9f4     0x8  user_ec200u.o [1]
  .rodata            const     0x800'e9fc     0x8  user_ec200u.o [1]
  .rodata            const     0x800'ea04     0x8  user_ec200u.o [1]
  .rodata            const     0x800'ea0c     0x8  user_ec200u.o [1]
  .rodata            const     0x800'ea14     0x8  user_ec200u.o [1]
  .rodata            const     0x800'ea1c     0x8  user_ec200u.o [1]
  .rodata            const     0x800'ea24     0x8  user_ec200u.o [1]
  .rodata            const     0x800'ea2c     0x8  user_ec200u.o [1]
  .rodata            const     0x800'ea34     0x8  user_ec200u.o [1]
  .rodata            const     0x800'ea3c     0x8  user_ec200u.o [1]
  .rodata            const     0x800'ea44     0x8  user_ec200u.o [1]
  .rodata            const     0x800'ea4c     0x8  user_ec200u.o [1]
  .rodata            const     0x800'ea54     0x8  user_ec200u.o [1]
  .rodata            const     0x800'ea5c     0x8  user_ec200u.o [1]
  .rodata            const     0x800'ea64     0x8  user_ec200u.o [1]
  .rodata            const     0x800'ea6c     0x8  user_ec200u.o [1]
  .rodata            const     0x800'ea74     0x8  user_ec200u.o [1]
  .rodata            const     0x800'ea7c     0x8  user_ec200u.o [1]
  .rodata            const     0x800'ea84     0x8  user_ec200u.o [1]
  .rodata            const     0x800'ea8c     0x8  user_ec200u.o [1]
  .rodata            const     0x800'ea94     0x8  user_ec200u.o [1]
  .rodata            const     0x800'ea9c     0x8  user_ec200u.o [1]
  .rodata            const     0x800'eaa4     0x8  user_ec200u.o [1]
  .rodata            const     0x800'eaac     0x8  user_mqtt.o [1]
  .rodata            const     0x800'eab4     0x8  user_mqtt.o [1]
  .rodata            const     0x800'eabc     0x8  user_mqtt.o [1]
  .rodata            const     0x800'eac4     0x8  user_mqtt.o [1]
  .rodata            const     0x800'eacc     0x8  user_mqtt.o [1]
  .rodata            const     0x800'ead4     0x8  user_mqtt.o [1]
  .rodata            const     0x800'eadc     0x8  user_mqtt.o [1]
  .rodata            const     0x800'eae4     0x8  user_mqtt.o [1]
  .rodata            const     0x800'eaec     0x8  user_mqtt.o [1]
  .rodata            const     0x800'eaf4     0x8  user_mqtt.o [1]
  .rodata            const     0x800'eafc     0x8  user_mqtt.o [1]
  .rodata            const     0x800'eb04     0x8  user_mqtt.o [1]
  .rodata            const     0x800'eb0c     0x8  user_mqtt.o [1]
  .rodata            const     0x800'eb14     0x8  user_mqtt.o [1]
  .rodata            const     0x800'eb1c     0x8  user_mqtt.o [1]
  .rodata            const     0x800'eb24     0x8  user_mqtt.o [1]
  .rodata            const     0x800'eb2c     0x8  user_mqtt.o [1]
  .rodata            const     0x800'eb34     0x8  user_mqtt.o [1]
  .rodata            const     0x800'eb3c     0x8  user_mqtt.o [1]
  .rodata            const     0x800'eb44     0x8  user_mqtt.o [1]
  .rodata            const     0x800'eb4c     0x8  user_mqtt.o [1]
  .rodata            const     0x800'eb54     0x8  user_mqtt.o [1]
  .rodata            const     0x800'eb5c     0x8  user_mqtt.o [1]
  .rodata            const     0x800'eb64     0x8  user_mqtt.o [1]
  .rodata            const     0x800'eb6c     0x8  user_mqtt.o [1]
  .rodata            const     0x800'eb74     0x8  user_mqtt.o [1]
  .rodata            const     0x800'eb7c     0x8  user_mqtt.o [1]
  .rodata            const     0x800'eb84     0x8  user_mqtt.o [1]
  .rodata            const     0x800'eb8c     0x8  user_mqtt.o [1]
  .rodata            const     0x800'eb94     0x8  user_mqtt.o [1]
  .rodata            const     0x800'eb9c     0x8  user_mqtt.o [1]
  .rodata            const     0x800'eba4     0x8  user_mqtt.o [1]
  .rodata            const     0x800'ebac     0x8  user_mqtt.o [1]
  .rodata            const     0x800'ebb4     0x8  user_sim.o [1]
  .rodata            const     0x800'ebbc     0x8  user_sim_common.o [1]
  .rodata            const     0x800'ebc4     0x8  user_sim_common.o [1]
  .rodata            const     0x800'ebcc     0x8  user_sim_common.o [1]
  .rodata            const     0x800'ebd4     0x8  user_sim_common.o [1]
  .rodata            const     0x800'ebdc     0x8  user_util.o [1]
  .rodata            const     0x800'ebe4     0x8  user_util.o [1]
  .rodata            const     0x800'ebec     0x8  user_util.o [1]
  .rodata            const     0x800'ebf4     0x4  MQTTSerializePublish.o [1]
  .rodata            const     0x800'ebf8     0x4  user_at_serial.o [1]
  .rodata            const     0x800'ebfc     0x4  user_ec200u.o [1]
  .rodata            const     0x800'ec00     0x4  user_ec200u.o [1]
  .rodata            const     0x800'ec04     0x4  user_ec200u.o [1]
  .rodata            const     0x800'ec08     0x4  user_ec200u.o [1]
  .rodata            const     0x800'ec0c     0x4  user_ec200u.o [1]
  .rodata            const     0x800'ec10     0x4  user_sim_common.o [1]
  .text              ro code   0x800'ec14     0x4  startup_stm32l151xc.o [1]
  .text              ro code   0x800'ec18     0x4  startup_stm32l151xc.o [1]
  .text              ro code   0x800'ec1c     0x4  startup_stm32l151xc.o [1]
  .text              ro code   0x800'ec20     0x4  startup_stm32l151xc.o [1]
  .text              ro code   0x800'ec24     0x4  startup_stm32l151xc.o [1]
  .text              ro code   0x800'ec28     0x4  startup_stm32l151xc.o [1]
  .text              ro code   0x800'ec2c     0x4  startup_stm32l151xc.o [1]
  .text              ro code   0x800'ec30     0x4  startup_stm32l151xc.o [1]
  .text              ro code   0x800'ec34     0x4  startup_stm32l151xc.o [1]
  .text              ro code   0x800'ec38     0x4  startup_stm32l151xc.o [1]
  .text              ro code   0x800'ec3c     0x4  startup_stm32l151xc.o [1]
  .text              ro code   0x800'ec40     0x4  startup_stm32l151xc.o [1]
  .text              ro code   0x800'ec44     0x4  startup_stm32l151xc.o [1]
  .text              ro code   0x800'ec48     0x4  startup_stm32l151xc.o [1]
  .text              ro code   0x800'ec4c     0x4  startup_stm32l151xc.o [1]
  .text              ro code   0x800'ec50     0x4  startup_stm32l151xc.o [1]
  .text              ro code   0x800'ec54     0x4  startup_stm32l151xc.o [1]
  .text              ro code   0x800'ec58     0x4  startup_stm32l151xc.o [1]
  .text              ro code   0x800'ec5c     0x4  startup_stm32l151xc.o [1]
  .text              ro code   0x800'ec60     0x4  startup_stm32l151xc.o [1]
  .text              ro code   0x800'ec64     0x4  startup_stm32l151xc.o [1]
  .text              ro code   0x800'ec68     0x4  startup_stm32l151xc.o [1]
  .text              ro code   0x800'ec6c     0x4  startup_stm32l151xc.o [1]
  .text              ro code   0x800'ec70     0x4  startup_stm32l151xc.o [1]
  .text              ro code   0x800'ec74     0x4  startup_stm32l151xc.o [1]
  .text              ro code   0x800'ec78     0x4  startup_stm32l151xc.o [1]
  .text              ro code   0x800'ec7c     0x4  startup_stm32l151xc.o [1]
  .text              ro code   0x800'ec80     0x4  startup_stm32l151xc.o [1]
  .text              ro code   0x800'ec84     0x4  startup_stm32l151xc.o [1]
  .text              ro code   0x800'ec88     0x4  startup_stm32l151xc.o [1]
  .text              ro code   0x800'ec8c     0x4  startup_stm32l151xc.o [1]
  .text              ro code   0x800'ec90     0x4  startup_stm32l151xc.o [1]
  .text              ro code   0x800'ec94     0x4  startup_stm32l151xc.o [1]
  .text              ro code   0x800'ec98     0x4  startup_stm32l151xc.o [1]
  .text              ro code   0x800'ec9c     0x4  startup_stm32l151xc.o [1]
  .text              ro code   0x800'eca0     0x4  startup_stm32l151xc.o [1]
  .text              ro code   0x800'eca4     0x4  startup_stm32l151xc.o [1]
  .text              ro code   0x800'eca8     0x4  startup_stm32l151xc.o [1]
  .text              ro code   0x800'ecac     0x4  startup_stm32l151xc.o [1]
  .text              ro code   0x800'ecb0     0x4  startup_stm32l151xc.o [1]
  .text              ro code   0x800'ecb4     0x4  startup_stm32l151xc.o [1]
  .text              ro code   0x800'ecb8     0x4  startup_stm32l151xc.o [1]
  .text              ro code   0x800'ecbc     0x4  startup_stm32l151xc.o [1]
  .text              ro code   0x800'ecc0     0x4  startup_stm32l151xc.o [1]
  .text              ro code   0x800'ecc4     0x4  startup_stm32l151xc.o [1]
  .text              ro code   0x800'ecc8     0x4  startup_stm32l151xc.o [1]
  .text              ro code   0x800'eccc     0x4  startup_stm32l151xc.o [1]
  .text              ro code   0x800'ecd0     0x4  startup_stm32l151xc.o [1]
  .text              ro code   0x800'ecd4     0x2  system_stm32l1xx.o [1]
  .rodata            const     0x800'ecd6     0x0  zero_init3.o [4]
  .rodata            const     0x800'ecd6     0x0  lz77_init_single.o [4]
  Initializer bytes  const     0x800'ecd6   0x413  <for P2-1>
                             - 0x800'f0e9  0xefc5

"P2", part 1 of 3:                          0xd0a
  P2-1                        0x2000'0000   0xd0a  <Init block>
    .data            inited   0x2000'0000   0x290  user_app_sim.o [1]
    .data            inited   0x2000'0290     0x4  stm32l1xx_hal.o [1]
    .data            inited   0x2000'0294     0x4  stm32l1xx_hal.o [1]
    .data            inited   0x2000'0298     0x4  system_stm32l1xx.o [1]
    .data            inited   0x2000'029c    0x60  user_app_comm.o [1]
    .data            inited   0x2000'02fc     0x8  user_app_comm.o [1]
    .data            inited   0x2000'0304    0x80  user_app_inverter.o [1]
    .data            inited   0x2000'0384     0x8  user_app_inverter.o [1]
    .data            inited   0x2000'038c    0x28  user_app_inverter.o [1]
    .data            inited   0x2000'03b4    0x54  user_app_inverter.o [1]
    .data            inited   0x2000'0408     0x8  user_app_inverter.o [1]
    .data            inited   0x2000'0410     0xc  user_app_inverter.o [1]
    .data            inited   0x2000'041c    0x60  user_app_mem.o [1]
    .data            inited   0x2000'047c    0x40  user_app_sim.o [1]
    .data            inited   0x2000'04bc    0x10  user_ec200u.o [1]
    .data            inited   0x2000'04cc     0xc  user_ec200u.o [1]
    .data            inited   0x2000'04d8     0xc  user_ec200u.o [1]
    .data            inited   0x2000'04e4     0x4  user_ec200u.o [1]
    .data            inited   0x2000'04e8     0x4  user_ec200u.o [1]
    .data            inited   0x2000'04ec    0x14  user_ec200u.o [1]
    .data            inited   0x2000'0500     0x4  user_ec200u.o [1]
    .data            inited   0x2000'0504     0x4  user_ec200u.o [1]
    .data            inited   0x2000'0508     0x4  user_ec200u.o [1]
    .data            inited   0x2000'050c    0x40  user_external_flash.o [1]
    .data            inited   0x2000'054c    0xb4  user_external_flash.o [1]
    .data            inited   0x2000'0600    0x10  user_external_flash.o [1]
    .data            inited   0x2000'0610    0x14  user_external_flash.o [1]
    .data            inited   0x2000'0624     0x4  user_external_flash.o [1]
    .data            inited   0x2000'0628    0x10  user_external_flash.o [1]
    .data            inited   0x2000'0638   0x140  user_external_flash.o [1]
    .data            inited   0x2000'0778    0x14  user_modem.o [1]
    .data            inited   0x2000'078c    0x38  user_modem.o [1]
    .data            inited   0x2000'07c4    0x38  user_modem.o [1]
    .data            inited   0x2000'07fc    0x38  user_modem.o [1]
    .data            inited   0x2000'0834    0x38  user_modem.o [1]
    .data            inited   0x2000'086c    0x4c  user_modem.o [1]
    .data            inited   0x2000'08b8     0xc  user_modem.o [1]
    .data            inited   0x2000'08c4    0x90  user_sim.o [1]
    .data            inited   0x2000'0954     0x8  user_sim.o [1]
    .data            inited   0x2000'095c    0x1c  user_sim.o [1]
    .data            inited   0x2000'0978    0x18  user_sim_common.o [1]
    .data            inited   0x2000'0990    0x20  user_sim_common.o [1]
    .data            inited   0x2000'09b0    0x20  user_sim_common.o [1]
    .data            inited   0x2000'09d0    0x20  user_sim_common.o [1]
    .data            inited   0x2000'09f0    0x20  user_sim_common.o [1]
    .data            inited   0x2000'0a10    0x28  user_sim_common.o [1]
    .data            inited   0x2000'0a38     0xc  user_sim_common.o [1]
    .data            inited   0x2000'0a44    0x28  user_sim_common.o [1]
    .data            inited   0x2000'0a6c    0x28  user_sim_common.o [1]
    .data            inited   0x2000'0a94    0x28  user_sim_common.o [1]
    .data            inited   0x2000'0abc     0xc  user_sim_common.o [1]
    .data            inited   0x2000'0ac8    0x28  user_sim_common.o [1]
    .data            inited   0x2000'0af0    0x28  user_sim_common.o [1]
    .data            inited   0x2000'0b18    0x20  user_sim_common.o [1]
    .data            inited   0x2000'0b38    0x20  user_sim_common.o [1]
    .data            inited   0x2000'0b58    0x20  user_sim_common.o [1]
    .data            inited   0x2000'0b78    0x20  user_sim_common.o [1]
    .data            inited   0x2000'0b98    0x50  user_sim_common.o [1]
    .data            inited   0x2000'0be8    0x84  user_sim_common.o [1]
    .data            inited   0x2000'0c6c    0x50  user_sim_common.o [1]
    .data            inited   0x2000'0cbc    0x44  user_sim_common.o [1]
    .data            inited   0x2000'0d00     0x8  user_uart.o [1]
    .data            inited   0x2000'0d08     0x2  user_ec200u.o [1]
                            - 0x2000'0d0a   0xd0a

"P2", part 2 of 3:                         0x24fc
  .bss               zero     0x2000'0d0c   0x4b0  user_mqtt.o [1]
  .bss               zero     0x2000'11bc   0x4b0  user_mqtt.o [1]
  .bss               zero     0x2000'166c   0x4b0  user_sim.o [1]
  .bss               zero     0x2000'1b1c   0x4b0  user_uart.o [1]
  .bss               zero     0x2000'1fcc   0x400  user_external_flash.o [1]
  .bss               zero     0x2000'23cc   0x400  user_modem.o [1]
  .bss               zero     0x2000'27cc   0x100  user_app_sim.o [1]
  .bss               zero     0x2000'28cc   0x100  user_app_sim.o [1]
  .bss               zero     0x2000'29cc   0x100  user_modem.o [1]
  .bss               zero     0x2000'2acc   0x100  user_modem.o [1]
  .bss               zero     0x2000'2bcc    0xc4  user_mqtt.o [1]
  .bss               zero     0x2000'2c90    0x80  user_at_serial.o [1]
  .bss               zero     0x2000'2d10    0x70  user_sim_common.o [1]
  .bss               zero     0x2000'2d80    0x58  spi.o [1]
  .bss               zero     0x2000'2dd8    0x54  adc.o [1]
  .bss               zero     0x2000'2e2c    0x54  i2c.o [1]
  .bss               zero     0x2000'2e80    0x44  usart.o [1]
  .bss               zero     0x2000'2ec4    0x44  usart.o [1]
  .bss               zero     0x2000'2f08    0x44  usart.o [1]
  .bss               zero     0x2000'2f4c    0x40  user_app_inverter.o [1]
  .bss               zero     0x2000'2f8c    0x34  user_mqtt.o [1]
  .bss               zero     0x2000'2fc0    0x2c  user_app_inverter.o [1]
  .bss               zero     0x2000'2fec    0x28  user_rtc.o [1]
  .bss               zero     0x2000'3014    0x20  rtc.o [1]
  .bss               zero     0x2000'3034    0x1c  user_rtc.o [1]
  .bss               zero     0x2000'3050    0x18  stm32l1xx_hal_flash.o [1]
  .bss               zero     0x2000'3068    0x18  user_app_comm.o [1]
  .bss               zero     0x2000'3080    0x18  user_external_flash.o [1]
  .bss               zero     0x2000'3098    0x18  user_external_flash.o [1]
  .bss               zero     0x2000'30b0    0x18  user_external_flash.o [1]
  .bss               zero     0x2000'30c8    0x18  user_sim.o [1]
  .bss               zero     0x2000'30e0    0x18  user_sim.o [1]
  .bss               zero     0x2000'30f8    0x18  user_sim.o [1]
  .bss               zero     0x2000'3110    0x18  user_sim.o [1]
  .bss               zero     0x2000'3128    0x18  user_sim_common.o [1]
  .bss               zero     0x2000'3140    0x10  user_app_mem.o [1]
  .bss               zero     0x2000'3150     0xc  user_external_flash.o [1]
  .bss               zero     0x2000'315c     0xc  user_modem.o [1]
  .bss               zero     0x2000'3168     0xc  user_mqtt.o [1]
  .bss               zero     0x2000'3174     0xc  user_util.o [1]
  .bss               zero     0x2000'3180     0x8  user_app_inverter.o [1]
  .bss               zero     0x2000'3188     0x8  user_app_inverter.o [1]
  .bss               zero     0x2000'3190     0x8  user_app_inverter.o [1]
  .bss               zero     0x2000'3198     0x8  user_app_inverter.o [1]
  .bss               zero     0x2000'31a0     0x8  user_app_inverter.o [1]
  .bss               zero     0x2000'31a8     0x4  main.o [1]
  .bss               zero     0x2000'31ac     0x4  stm32l1xx_hal.o [1]
  .bss               zero     0x2000'31b0     0x4  user_app_inverter.o [1]
  .bss               zero     0x2000'31b4     0x4  user_app_inverter.o [1]
  .bss               zero     0x2000'31b8     0x4  user_app_inverter.o [1]
  .bss               zero     0x2000'31bc     0x4  user_app_inverter.o [1]
  .bss               zero     0x2000'31c0     0x4  user_app_inverter.o [1]
  .bss               zero     0x2000'31c4     0x4  user_rtc.o [1]
  .bss               zero     0x2000'31c8     0x4  user_sim.o [1]
  .bss               zero     0x2000'31cc     0x4  user_sim_common.o [1]
  .bss               zero     0x2000'31d0     0x4  user_timer.o [1]
  .bss               zero     0x2000'31d4     0x4  user_util.o [1]
  .bss               zero     0x2000'31d8     0x4  user_util.o [1]
  .bss               zero     0x2000'31dc     0x2  user_app_comm.o [1]
  .bss               zero     0x2000'31de     0x2  user_app_inverter.o [1]
  .bss               zero     0x2000'31e0     0x2  user_app_inverter.o [1]
  .bss               zero     0x2000'31e2     0x2  user_app_inverter.o [1]
  .bss               zero     0x2000'31e4     0x2  user_app_inverter.o [1]
  .bss               zero     0x2000'31e6     0x2  user_app_mem.o [1]
  .bss               zero     0x2000'31e8     0x2  user_external_flash.o [1]
  .bss               zero     0x2000'31ea     0x2  user_sim.o [1]
  .bss               zero     0x2000'31ec     0x1  user_app_comm.o [1]
  .bss               zero     0x2000'31ed     0x1  user_app_comm.o [1]
  .bss               zero     0x2000'31ee     0x1  user_app_comm.o [1]
  .bss               zero     0x2000'31ef     0x1  user_app_comm.o [1]
  .bss               zero     0x2000'31f0     0x1  user_app_inverter.o [1]
  .bss               zero     0x2000'31f1     0x1  user_app_inverter.o [1]
  .bss               zero     0x2000'31f2     0x1  user_app_inverter.o [1]
  .bss               zero     0x2000'31f3     0x1  user_app_inverter.o [1]
  .bss               zero     0x2000'31f4     0x1  user_app_inverter.o [1]
  .bss               zero     0x2000'31f5     0x1  user_app_inverter.o [1]
  .bss               zero     0x2000'31f6     0x1  user_app_inverter.o [1]
  .bss               zero     0x2000'31f7     0x1  user_app_inverter.o [1]
  .bss               zero     0x2000'31f8     0x1  user_app_inverter.o [1]
  .bss               zero     0x2000'31f9     0x1  user_app_inverter.o [1]
  .bss               zero     0x2000'31fa     0x1  user_app_mem.o [1]
  .bss               zero     0x2000'31fb     0x1  user_app_mem.o [1]
  .bss               zero     0x2000'31fc     0x1  user_app_sim.o [1]
  .bss               zero     0x2000'31fd     0x1  user_at_serial.o [1]
  .bss               zero     0x2000'31fe     0x1  user_external_flash.o [1]
  .bss               zero     0x2000'31ff     0x1  user_external_flash.o [1]
  .bss               zero     0x2000'3200     0x1  user_external_flash.o [1]
  .bss               zero     0x2000'3201     0x1  user_rtc.o [1]
  .bss               zero     0x2000'3202     0x1  user_sim.o [1]
  .bss               zero     0x2000'3203     0x1  user_sim.o [1]
  .bss               zero     0x2000'3204     0x1  user_uart.o [1]
  .bss               zero     0x2000'3205     0x1  user_uart.o [1]
  .bss               zero     0x2000'3206     0x1  user_uart.o [1]
                            - 0x2000'3207  0x24fb

"P2", part 3 of 3:                          0x400
  CSTACK                      0x2000'3208   0x400  <Block>
    CSTACK           uninit   0x2000'3208   0x400  <Block tail>
                            - 0x2000'3608   0x400

Unused ranges:

         From           To      Size
         ----           --      ----
   0x800'f0e9   0x803'ffff  0x3'0f17
  0x2000'0d0a  0x2000'0d0b       0x2
  0x2000'3608  0x2000'7fff    0x49f8


*******************************************************************************
*** INIT TABLE
***

          Address      Size
          -------      ----
Zero (__iar_zero_init3)
    1 destination range, total size 0x24fb:
          0x2000'0d0c  0x24fb

Copy/lz77 (__iar_lz77_init_single3)
    1 source range, total size 0x413 (31% of destination):
           0x800'ecd6   0x413
    1 destination range, total size 0xd0a:
          0x2000'0000   0xd0a



*******************************************************************************
*** MODULE SUMMARY
***

    Module                    ro code  ro data  rw data
    ------                    -------  -------  -------
command line/config:
    ---------------------------------------------------
    Total:

D:\Saoviet_Bitbucket\Saoviet_Container\EWARM\GSM_Container\Obj: [1]
    MQTTPacket.o                  284
    MQTTSerializePublish.o        224        4
    S25FL216K.o                   146
    adc.o                         372                84
    event_driven.o                 84
    gpio.o                        456
    i2c.o                         176                84
    main.o                        224                 4
    onchipflash.o                 374
    queue_p.o                     394
    rtc.o                          44                32
    spi.o                         188                88
    startup_stm32l151xc.o         500
    stm32l1xx_hal.o               208        3       12
    stm32l1xx_hal_adc.o           944
    stm32l1xx_hal_cortex.o        344
    stm32l1xx_hal_dma.o           178
    stm32l1xx_hal_flash.o         424                24
    stm32l1xx_hal_flash_ex.o       44
    stm32l1xx_hal_gpio.o          552
    stm32l1xx_hal_i2c.o           492
    stm32l1xx_hal_msp.o            72
    stm32l1xx_hal_rcc.o         2'156
    stm32l1xx_hal_rcc_ex.o        352
    stm32l1xx_hal_rtc.o         1'856
    stm32l1xx_hal_rtc_ex.o         64
    stm32l1xx_hal_spi.o         1'100
    stm32l1xx_hal_uart.o        1'982
    stm32l1xx_it.o                 92
    system_stm32l1xx.o              2       37        4
    usart.o                       504               204
    user_app_comm.o               620       49      134
    user_app_inverter.o         4'320      167      466
    user_app_mem.o              1'688      394      116
    user_app_sim.o                568      224    1'233
    user_at_serial.o            7'180    1'872      129
    user_ec200u.o               3'076    3'834       82
    user_external_flash.o       2'624      726    1'733
    user_modbus_rtu.o             216
    user_modem.o                  428      156    1'880
    user_modem_init.o             200
    user_mqtt.o                 4'856    1'464    2'660
    user_rtc.o                    936       68       73
    user_sim.o                  3'556      128    1'484
    user_sim_common.o           1'980      346    1'044
    user_string.o                 788
    user_time.o                   484
    user_timer.o                  868                 4
    user_uart.o                   244        3    1'211
    user_util.o                 1'392       24       20
    ---------------------------------------------------
    Total:                     50'856    9'499   12'805

dl7M_tlf.a: [2]
    exit.o                          4
    low_level_init.o                4
    strstr.o                       44
    ---------------------------------------------------
    Total:                         52

m7M_tl.a: [3]
    ---------------------------------------------------
    Total:

rt7M_tl.a: [4]
    ABImemcpy.o                   166
    ABImemset.o                   102
    I64DivMod.o                   560
    I64DivZer.o                     2
    cexit.o                        10
    cmain.o                        30
    cstartup_M.o                   12
    data_init.o                    40
    lz77_init_single.o            120
    memset.o                       20
    strchr.o                       22
    strlen.o                       54
    zero_init3.o                   58
    ---------------------------------------------------
    Total:                      1'196

shb_l.a: [5]
    exit.o                         20
    ---------------------------------------------------
    Total:                         20

    Gaps                           18
    Linker created                          32    1'024
-------------------------------------------------------
    Grand Total:               52'142    9'531   13'829


*******************************************************************************
*** ENTRY LIST
***

Entry                       Address   Size  Type      Object
-----                       -------   ----  ----      ------
.iar.init_table$$Base    0x800'dc14          --   Gb  - Linker created -
.iar.init_table$$Limit   0x800'dc34          --   Gb  - Linker created -
?main                    0x800'dd55         Code  Gb  cmain.o [4]
AHBPrescTable            0x800'e1a4   0x10  Data  Gb  system_stm32l1xx.o [1]
APBPrescTable            0x800'e8e4    0x8  Data  Gb  system_stm32l1xx.o [1]
AppCom_Calcu_Period_To_RoudTime
                         0x800'34d1   0x3a  Code  Lc  user_app_comm.o [1]
AppComm_Set_Next_TxTimer
                         0x800'350d   0x78  Code  Gb  user_app_comm.o [1]
AppComm_Set_Next_TxTimer::CountMessInit
                        0x2000'31ef    0x1  Data  Lc  user_app_comm.o [1]
AppIVT_Clear_Before_Recv
                         0x800'5965    0xa  Code  Gb  user_app_inverter.o [1]
AppIVT_Log_Data_TSVH     0x800'582d   0x2c  Code  Gb  user_app_inverter.o [1]
AppIVT_Packet_TSVH       0x800'55a9  0x11e  Code  Gb  user_app_inverter.o [1]
AppIVT_Save_Slave_ID     0x800'5865   0x70  Code  Gb  user_app_inverter.o [1]
AppIVT_Set_Mode_Led      0x800'57d1   0x4c  Code  Gb  user_app_inverter.o [1]
AppMem_Check_New_Record
                         0x800'493b   0x1c  Code  Gb  user_app_mem.o [1]
AppMem_PowerOff_ExFlash
                         0x800'48e5   0x26  Code  Gb  user_app_mem.o [1]
AppMem_PowerOn_ExFlash   0x800'4911   0x2a  Code  Gb  user_app_mem.o [1]
AppMem_Push_Mess_To_Queue_Write
                         0x800'4663  0x10a  Code  Gb  user_app_mem.o [1]
AppMem_Push_To_Read_Queue
                         0x800'476d   0x60  Code  Gb  user_app_mem.o [1]
AppMem_Set_Read_Resp_AT
                         0x800'47d5   0xd0  Code  Gb  user_app_mem.o [1]
AppSim_Send_Mess         0x800'8fcd   0x76  Code  Gb  user_app_sim.o [1]
AppSim_Start_Module_Sim
                         0x800'907d   0x18  Code  Gb  user_app_sim.o [1]
AppSim_Unmark_Mess       0x800'9043   0x1c  Code  Gb  user_app_sim.o [1]
BusFault_Handler         0x800'd83b    0x2  Code  Gb  stm32l1xx_it.o [1]
CSTACK$$Base            0x2000'3208          --   Gb  - Linker created -
CSTACK$$Limit           0x2000'3608          --   Gb  - Linker created -
Cal_Time                 0x800'1efb   0x12  Code  Gb  user_util.o [1]
Calculator_Scale         0x800'5489   0x54  Code  Gb  user_app_inverter.o [1]
Calculator_Scale_IVT     0x800'54e5   0x20  Code  Gb  user_app_inverter.o [1]
CheckList_AT_CONFIG      0x800'd0d0  0x350  Data  Gb  user_at_serial.o [1]
Check_AT_User            0x800'18f5  0x1a8  Code  Gb  user_at_serial.o [1]
Check_CountBuffer_Complete_Uart
                         0x800'5509   0x84  Code  Gb  user_app_inverter.o [1]
Check_CountBuffer_Complete_Uart::Get_systick
                        0x2000'31c0    0x4  Data  Lc  user_app_inverter.o [1]
Check_CountBuffer_Complete_Uart::State_systick
                        0x2000'31e4    0x2  Data  Lc  user_app_inverter.o [1]
Check_CountBuffer_Complete_Uart::countBuffer_uart
                        0x2000'31e2    0x2  Data  Lc  user_app_inverter.o [1]
Check_Time_Out           0x800'1edd   0x1e  Code  Gb  user_util.o [1]
Check_update_Time        0x800'377b   0x56  Code  Gb  user_time.o [1]
Convert_Hex_To_String_Hex
                         0x800'2249   0x90  Code  Gb  user_util.o [1]
Convert_String_To_Dec    0x800'21eb   0x5e  Code  Gb  user_util.o [1]
Convert_Uint64_To_StringDec
                         0x800'1f0d  0x128  Code  Gb  user_util.o [1]
Copy_String              0x800'41c1   0x5e  Code  Gb  user_string.o [1]
Copy_String_2            0x800'42af   0x36  Code  Gb  user_string.o [1]
Copy_String_section      0x800'421f   0x48  Code  Gb  user_string.o [1]
Cut_String               0x800'4267   0x48  Code  Gb  user_string.o [1]
DCU_Respond              0x800'1dd3   0xe6  Code  Gb  user_modem.o [1]
DataConack_8a           0x2000'0500    0x4  Data  Lc  user_ec200u.o [1]
DataPuback_8a           0x2000'0508    0x4  Data  Lc  user_ec200u.o [1]
DataSuback_8a           0x2000'0504    0x4  Data  Lc  user_ec200u.o [1]
DaysInMonth              0x800'e8b4    0xc  Data  Lc  user_rtc.o [1]
DaysInMonthLeapYear      0x800'e8c0    0xc  Data  Lc  user_rtc.o [1]
DebugMon_Handler         0x800'd841    0x2  Code  Gb  stm32l1xx_it.o [1]
EC200U_Check_Step_Long_Timeout
                         0x800'7705   0x32  Code  Gb  user_ec200u.o [1]
EC200U_Get_AT_Cmd        0x800'7737    0xc  Code  Gb  user_ec200u.o [1]
EC200U_Get_Delay_2_AT    0x800'7743   0x26  Code  Gb  user_ec200u.o [1]
EC200U_Is_Step_Check_URC
                         0x800'7769   0x3a  Code  Gb  user_ec200u.o [1]
Erase_Firmware           0x800'67e1   0x1e  Code  Gb  onchipflash.o [1]
Error_Handler            0x800'a23d    0x4  Code  Gb  main.o [1]
FLASH_PageErase          0x800'a109   0x22  Code  Gb  stm32l1xx_hal_flash_ex.o [1]
FLASH_SetErrorCode       0x800'a061   0x80  Code  Lc  stm32l1xx_hal_flash.o [1]
FLASH_WaitForLastOperation
                         0x800'9ffd   0x64  Code  Gb  stm32l1xx_hal_flash.o [1]
Find_String_V2           0x800'3fd1  0x130  Code  Gb  user_string.o [1]
Find_str_fix             0x800'4123   0x9e  Code  Gb  user_string.o [1]
Get_RTC                  0x800'36ad   0x4e  Code  Gb  user_time.o [1]
HAL_ADC_ConfigChannel    0x800'b295  0x1d4  Code  Gb  stm32l1xx_hal_adc.o [1]
HAL_ADC_Init             0x800'b0d5  0x1c0  Code  Gb  stm32l1xx_hal_adc.o [1]
HAL_ADC_MspInit          0x800'ac81   0xa4  Code  Gb  adc.o [1]
HAL_DMA_Abort            0x800'9639   0x54  Code  Gb  stm32l1xx_hal_dma.o [1]
HAL_DMA_Abort_IT         0x800'968d   0x5e  Code  Gb  stm32l1xx_hal_dma.o [1]
HAL_Delay                0x800'9611   0x28  Code  Wk  stm32l1xx_hal.o [1]
HAL_FLASH_Lock           0x800'9fef    0xe  Code  Gb  stm32l1xx_hal_flash.o [1]
HAL_FLASH_Program        0x800'9f61   0x54  Code  Gb  stm32l1xx_hal_flash.o [1]
HAL_FLASH_Unlock         0x800'9fb5   0x3a  Code  Gb  stm32l1xx_hal_flash.o [1]
HAL_GPIO_Init            0x800'5a5d  0x1c8  Code  Gb  stm32l1xx_hal_gpio.o [1]
HAL_GPIO_TogglePin       0x800'5c3f   0x1a  Code  Gb  stm32l1xx_hal_gpio.o [1]
HAL_GPIO_WritePin        0x800'5c25   0x1a  Code  Gb  stm32l1xx_hal_gpio.o [1]
HAL_GetTick              0x800'8421    0xc  Code  Wk  stm32l1xx_hal.o [1]
HAL_I2C_Init             0x800'aee9  0x1d2  Code  Gb  stm32l1xx_hal_i2c.o [1]
HAL_I2C_MspInit          0x800'ab55   0x60  Code  Gb  i2c.o [1]
HAL_IncTick              0x800'd891   0x18  Code  Wk  stm32l1xx_hal.o [1]
HAL_Init                 0x800'a931   0x24  Code  Gb  stm32l1xx_hal.o [1]
HAL_InitTick             0x800'a8b9   0x60  Code  Wk  stm32l1xx_hal.o [1]
HAL_MspInit              0x800'aea1   0x48  Code  Gb  stm32l1xx_hal_msp.o [1]
HAL_NVIC_EnableIRQ       0x800'a35d    0xe  Code  Gb  stm32l1xx_hal_cortex.o [1]
HAL_NVIC_SetPriority     0x800'a333   0x2a  Code  Gb  stm32l1xx_hal_cortex.o [1]
HAL_NVIC_SetPriorityGrouping
                         0x800'a327    0xc  Code  Gb  stm32l1xx_hal_cortex.o [1]
HAL_RCCEx_PeriphCLKConfig
                         0x800'ad41  0x14a  Code  Gb  stm32l1xx_hal_rcc_ex.o [1]
HAL_RCC_ClockConfig      0x800'9c17  0x1c6  Code  Gb  stm32l1xx_hal_rcc.o [1]
HAL_RCC_GetHCLKFreq      0x800'9e5b    0x6  Code  Gb  stm32l1xx_hal_rcc.o [1]
HAL_RCC_GetPCLK1Freq     0x800'9e61   0x16  Code  Gb  stm32l1xx_hal_rcc.o [1]
HAL_RCC_GetPCLK2Freq     0x800'9e77   0x16  Code  Gb  stm32l1xx_hal_rcc.o [1]
HAL_RCC_GetSysClockFreq
                         0x800'9ddd   0x7e  Code  Gb  stm32l1xx_hal_rcc.o [1]
HAL_RCC_OscConfig        0x800'96f1  0x526  Code  Gb  stm32l1xx_hal_rcc.o [1]
HAL_RTCEx_AlarmBEventCallback
                         0x800'9479    0x2  Code  Wk  stm32l1xx_hal_rtc_ex.o [1]
HAL_RTCEx_EnableBypassShadow
                         0x800'a42d   0x3e  Code  Gb  stm32l1xx_hal_rtc_ex.o [1]
HAL_RTC_AlarmAEventCallback
                         0x800'9231    0xc  Code  Gb  user_rtc.o [1]
HAL_RTC_AlarmIRQHandler
                         0x800'3eb5   0x5e  Code  Gb  stm32l1xx_hal_rtc.o [1]
HAL_RTC_DeactivateAlarm
                         0x800'3ded   0xc8  Code  Gb  stm32l1xx_hal_rtc.o [1]
HAL_RTC_GetDate          0x800'3bad   0x52  Code  Gb  stm32l1xx_hal_rtc.o [1]
HAL_RTC_GetTime          0x800'3a61   0x68  Code  Gb  stm32l1xx_hal_rtc.o [1]
HAL_RTC_Init             0x800'3891   0xcc  Code  Gb  stm32l1xx_hal_rtc.o [1]
HAL_RTC_MspInit          0x800'90a5   0x24  Code  Gb  rtc.o [1]
HAL_RTC_SetAlarm_IT      0x800'3bff  0x1ee  Code  Gb  stm32l1xx_hal_rtc.o [1]
HAL_RTC_SetDate          0x800'3ac9   0xe4  Code  Gb  stm32l1xx_hal_rtc.o [1]
HAL_RTC_SetTime          0x800'395d  0x104  Code  Gb  stm32l1xx_hal_rtc.o [1]
HAL_RTC_WaitForSynchro   0x800'3f2d   0x3c  Code  Gb  stm32l1xx_hal_rtc.o [1]
HAL_SPI_Init             0x800'a46d   0xce  Code  Gb  stm32l1xx_hal_spi.o [1]
HAL_SPI_MspInit          0x800'94c3   0x62  Code  Gb  spi.o [1]
HAL_SPI_TransmitReceive
                         0x800'a53b  0x23c  Code  Gb  stm32l1xx_hal_spi.o [1]
HAL_SYSTICK_Config       0x800'a36b    0xc  Code  Gb  stm32l1xx_hal_cortex.o [1]
HAL_UART_IRQHandler      0x800'5e1b  0x242  Code  Gb  stm32l1xx_hal_uart.o [1]
HAL_UART_Init            0x800'5c85   0x76  Code  Gb  stm32l1xx_hal_uart.o [1]
HAL_UART_MspInit         0x800'81d1  0x130  Code  Gb  usart.o [1]
HAL_UART_Receive_IT      0x800'5dd3   0x48  Code  Gb  stm32l1xx_hal_uart.o [1]
HAL_UART_RxCpltCallback
                         0x800'8349   0xa6  Code  Gb  user_uart.o [1]
HAL_UART_Transmit        0x800'5cfb   0xd8  Code  Gb  stm32l1xx_hal_uart.o [1]
HW_RTC_GetCalendarValue_Second
                         0x800'37d1   0x9e  Code  Gb  user_time.o [1]
HardFault_Handler        0x800'd837    0x2  Code  Gb  stm32l1xx_it.o [1]
Init_Uart_485_Rx_IT      0x800'833b    0xe  Code  Gb  user_uart.o [1]
Init_Uart_Sim_Rx_IT      0x800'832d    0xe  Code  Gb  user_uart.o [1]
LED_Off                  0x800'59b9   0x20  Code  Gb  user_app_inverter.o [1]
LED_On                   0x800'5999   0x20  Code  Gb  user_app_inverter.o [1]
LED_PIN                  0x800'e8ec    0x8  Data  Lc  user_app_inverter.o [1]
LED_PORT                0x2000'0410    0xc  Data  Lc  user_app_inverter.o [1]
LED_Toggle               0x800'596f   0x1e  Code  Gb  user_app_inverter.o [1]
MQTTPacket_encode        0x800'c85d   0x2a  Code  Gb  MQTTPacket.o [1]
MQTTPacket_len           0x800'c887   0x24  Code  Gb  MQTTPacket.o [1]
MQTTSerialize_publish    0x800'c79d   0xbc  Code  Gb  MQTTSerializePublish.o [1]
MQTTSerialize_publishLength
                         0x800'c77d   0x20  Code  Gb  MQTTSerializePublish.o [1]
MQTTstrlen               0x800'c95b   0x1a  Code  Gb  MQTTPacket.o [1]
MX_ADC_Init              0x800'abcd   0xb4  Code  Gb  adc.o [1]
MX_GPIO_Init             0x800'a955  0x1c8  Code  Gb  gpio.o [1]
MX_I2C1_Init             0x800'ab1d   0x38  Code  Gb  i2c.o [1]
MX_SPI2_Init             0x800'947d   0x46  Code  Gb  spi.o [1]
MX_USART1_UART_Init      0x800'8135   0x34  Code  Gb  usart.o [1]
MX_USART2_UART_Init      0x800'8169   0x34  Code  Gb  usart.o [1]
MX_USART3_UART_Init      0x800'819d   0x34  Code  Gb  usart.o [1]
MemManage_Handler        0x800'd839    0x2  Code  Gb  stm32l1xx_it.o [1]
ModRTU_CRC               0x800'9539   0x3c  Code  Gb  user_modbus_rtu.o [1]
ModRTU_Master_Read_Frame
                         0x800'9575   0x9c  Code  Gb  user_modbus_rtu.o [1]
Modem_Log_And_Send_Emergency
                         0x800'1d83   0x50  Code  Gb  user_modem.o [1]
NMI_Handler              0x800'd835    0x2  Code  Gb  stm32l1xx_it.o [1]
NVIC_EncodePriority      0x800'a2b7   0x40  Code  Lc  stm32l1xx_hal_cortex.o [1]
OnchipFlashPageErase     0x800'6791   0x48  Code  Gb  onchipflash.o [1]
OnchipFlashWriteData     0x800'670d   0x84  Code  Gb  onchipflash.o [1]
PLLMulTable              0x800'e5e4    0xc  Data  Gb  system_stm32l1xx.o [1]
PendSV_Handler           0x800'd843    0x2  Code  Gb  stm32l1xx_it.o [1]
PortConfig              0x2000'31fd    0x1  Data  Gb  user_at_serial.o [1]
RC                       0x800'4101   0x22  Code  Gb  user_string.o [1]
RCC_SetFlashLatencyFromMSIRange
                         0x800'9e8d   0x86  Code  Lc  stm32l1xx_hal_rcc.o [1]
RTC_AlarmStructure      0x2000'2fec   0x28  Data  Lc  user_rtc.o [1]
RTC_Alarm_IRQHandler     0x800'd873    0xa  Code  Gb  stm32l1xx_it.o [1]
RTC_Bcd2ToByte           0x800'3fbd   0x14  Code  Gb  stm32l1xx_hal_rtc.o [1]
RTC_ByteToBcd2           0x800'3fa1   0x1c  Code  Gb  stm32l1xx_hal_rtc.o [1]
RTC_EnterInitMode        0x800'3f69   0x38  Code  Gb  stm32l1xx_hal_rtc.o [1]
RTC_GetCalendarValue     0x800'93b5   0x90  Code  Lc  user_rtc.o [1]
RTC_IF_Convert_Tick2ms   0x800'9221   0x10  Code  Gb  user_rtc.o [1]
RTC_IF_Convert_ms2Tick   0x800'920f   0x12  Code  Gb  user_rtc.o [1]
RTC_IF_GetMinimumTimeout
                         0x800'920b    0x4  Code  Gb  user_rtc.o [1]
RTC_IF_GetTimerContext   0x800'91d1    0x6  Code  Gb  user_rtc.o [1]
RTC_IF_GetTimerElapsedTime
                         0x800'91d7   0x16  Code  Gb  user_rtc.o [1]
RTC_IF_GetTimerValue     0x800'91ed   0x1e  Code  Gb  user_rtc.o [1]
RTC_IF_Init              0x800'915f   0x30  Code  Gb  user_rtc.o [1]
RTC_IF_SetTimerContext   0x800'91bd   0x14  Code  Gb  user_rtc.o [1]
RTC_IF_StartTimer        0x800'918f    0xe  Code  Gb  user_rtc.o [1]
RTC_IF_StopTimer         0x800'919d   0x20  Code  Gb  user_rtc.o [1]
RTC_Initalized          0x2000'3201    0x1  Data  Lc  user_rtc.o [1]
RTC_StartWakeUpAlarm     0x800'923d  0x178  Code  Lc  user_rtc.o [1]
Read_Array_Flash         0x800'4e1d   0x56  Code  Gb  user_app_inverter.o [1]
Read_Flash_U16           0x800'5475   0x14  Code  Gb  user_app_inverter.o [1]
Region$$Table$$Base      0x800'dc14          --   Gb  - Linker created -
Region$$Table$$Limit     0x800'dc34          --   Gb  - Linker created -
Reset_Buff               0x800'21c7   0x24  Code  Gb  user_util.o [1]
Reset_Chip               0x800'1d4b   0x1c  Code  Gb  user_modem.o [1]
Reset_Chip_Immediately   0x800'1d67   0x1c  Code  Gb  user_modem.o [1]
Respond_Flash            0x800'4d4b   0x7a  Code  Gb  user_app_inverter.o [1]
Respond_Parameter        0x800'4dc5   0x58  Code  Gb  user_app_inverter.o [1]
RtCountSystick_u32      0x2000'31d4    0x4  Data  Gb  user_util.o [1]
RtcTimerContext         0x2000'3034   0x1c  Data  Lc  user_rtc.o [1]
S25FL_ChipSelect         0x800'a399   0x46  Code  Gb  S25FL216K.o [1]
S25FL_Send_Address       0x800'a409   0x22  Code  Gb  S25FL216K.o [1]
S25FL_Send_Byte          0x800'a3df   0x22  Code  Gb  S25FL216K.o [1]
SERIAL_Get_Num           0x800'1aa5   0x78  Code  Gb  user_at_serial.o [1]
SIM_POWER_ON             0x800'2c35   0xf6  Code  Gb  user_sim.o [1]
SPI_EndRxTxTransaction   0x800'a851   0x5e  Code  Lc  stm32l1xx_hal_spi.o [1]
SPI_WaitFlagStateUntilTimeout
                         0x800'a777   0xda  Code  Lc  stm32l1xx_hal_spi.o [1]
SVC_Handler              0x800'd83f    0x2  Code  Gb  stm32l1xx_it.o [1]
Save_Array               0x800'67ff   0x84  Code  Gb  onchipflash.o [1]
Save_DCU_ID              0x800'244d   0x58  Code  Gb  user_modem_init.o [1]
Save_Freq_Send_Data      0x800'24a5   0x60  Code  Gb  user_modem_init.o [1]
Save_Server_BackUp_Infor
                         0x800'31a5   0xf0  Code  Gb  user_sim.o [1]
Save_Server_Infor        0x800'30ad   0xee  Code  Gb  user_sim.o [1]
Scale_String_Dec         0x800'2035  0x192  Code  Gb  user_util.o [1]
Send_Command_IVT         0x800'58d9   0x8c  Code  Gb  user_app_inverter.o [1]
Set_RTC                  0x800'36fb   0x80  Code  Gb  user_time.o [1]
Setup_Addr_Register_Default_IVT
                         0x800'49f3   0x52  Code  Gb  user_app_inverter.o [1]
Setup_Addr_Register_Run_Stop_IVT
                         0x800'498f   0x64  Code  Gb  user_app_inverter.o [1]
Sim_Back_Current_AT      0x800'2bc7   0x14  Code  Gb  user_sim.o [1]
Sim_Check_Response       0x800'2a5f  0x112  Code  Gb  user_sim.o [1]
Sim_Clear_Queue_Step     0x800'329d   0x10  Code  Gb  user_sim.o [1]
Sim_Common_Get_CSQ       0x800'7913   0xac  Code  Gb  user_sim_common.o [1]
Sim_Common_Get_Imei      0x800'79bf   0x7a  Code  Gb  user_sim_common.o [1]
Sim_Common_Get_Sim_ID    0x800'77ed  0x126  Code  Gb  user_sim_common.o [1]
Sim_Common_Get_Stime_BTS
                         0x800'7a39  0x12e  Code  Gb  user_sim_common.o [1]
Sim_Common_Http_Read_Data
                         0x800'7b67  0x300  Code  Gb  user_sim_common.o [1]
Sim_Common_Init_Struct_FileSys
                         0x800'7f65   0x1a  Code  Gb  user_sim_common.o [1]
Sim_Common_Init_Struct_UpdateFw
                         0x800'7ed7   0x2a  Code  Gb  user_sim_common.o [1]
Sim_Common_Init_UpdateFw
                         0x800'7f01   0x1e  Code  Gb  user_sim_common.o [1]
Sim_Common_Init_Var_Default
                         0x800'7f1f   0x20  Code  Gb  user_sim_common.o [1]
Sim_Common_Send_AT_Cmd   0x800'7f3f   0x26  Code  Gb  user_sim_common.o [1]
Sim_Common_URC_Calling   0x800'7ead    0xe  Code  Gb  user_sim_common.o [1]
Sim_Common_URC_Closed    0x800'7e83    0xe  Code  Gb  user_sim_common.o [1]
Sim_Common_URC_Error     0x800'7e91    0xe  Code  Gb  user_sim_common.o [1]
Sim_Common_URC_Lost_Card
                         0x800'7e75    0xe  Code  Gb  user_sim_common.o [1]
Sim_Common_URC_Recv_Server
                         0x800'7e9f    0xe  Code  Gb  user_sim_common.o [1]
Sim_Common_URC_Reset     0x800'7e67    0xe  Code  Gb  user_sim_common.o [1]
Sim_Common_URC_Sms_Content
                         0x800'7ebb    0xe  Code  Gb  user_sim_common.o [1]
Sim_Common_URC_Sms_Indication
                         0x800'7ec9    0xe  Code  Gb  user_sim_common.o [1]
Sim_Disable_All_Event    0x800'2bdb   0x4c  Code  Gb  user_sim.o [1]
Sim_Get_Server_Infor_Backup
                         0x800'2fe1   0xac  Code  Gb  user_sim.o [1]
Sim_Get_Server_Infor_Main
                         0x800'2e39   0xaa  Code  Gb  user_sim.o [1]
Sim_Get_Step_From_Queue
                         0x800'2b91   0x36  Code  Gb  user_sim.o [1]
Sim_Push_AT_Publish      0x800'2d2b    0xe  Code  Gb  user_sim.o [1]
Sim_Push_AT_Publish_Fb   0x800'2d3d    0xe  Code  Gb  user_sim.o [1]
Sim_Set_Server_Infor_Backup
                         0x800'2eed   0xe2  Code  Gb  user_sim.o [1]
Sim_Set_Server_Infor_Main
                         0x800'2d55   0xde  Code  Gb  user_sim.o [1]
Sim_event_active         0x800'2b71   0x20  Code  Gb  user_sim.o [1]
SysTick_Config           0x800'a2f7   0x30  Code  Lc  stm32l1xx_hal_cortex.o [1]
SysTick_Handler          0x800'd845   0x10  Code  Gb  stm32l1xx_it.o [1]
SystemClock_Config       0x800'a191   0xa2  Code  Gb  main.o [1]
SystemCoreClock         0x2000'0298    0x4  Data  Gb  system_stm32l1xx.o [1]
SystemInit               0x800'ecd5    0x2  Code  Gb  system_stm32l1xx.o [1]
Task_ConfigIVT           0x800'5237   0xb6  Code  Gb  user_app_inverter.o [1]
Task_ConfigIVT::addr_register
                        0x2000'31de    0x2  Data  Lc  user_app_inverter.o [1]
Task_ConfigIVT::handle_once
                        0x2000'31f7    0x1  Data  Lc  user_app_inverter.o [1]
Task_ConfigIVT::infor_register
                        0x2000'31e0    0x2  Data  Lc  user_app_inverter.o [1]
Task_ConfigIVT::step    0x2000'31f6    0x1  Data  Lc  user_app_inverter.o [1]
TimerControlBC66        0x2000'30f8   0x18  Data  Lc  user_sim.o [1]
TimerExists              0x800'6a9d   0x1a  Code  Gb  user_timer.o [1]
TimerInsertNewHeadTimer
                         0x800'6b11   0x1c  Code  Gb  user_timer.o [1]
TimerInsertTimer         0x800'6ae3   0x2e  Code  Gb  user_timer.o [1]
TimerListHead           0x2000'31d0    0x4  Data  Lc  user_timer.o [1]
TimerNextSendAT         0x2000'30e0   0x18  Data  Lc  user_sim.o [1]
TimerSendTimeout        0x2000'30c8   0x18  Data  Lc  user_sim.o [1]
TimerSetTimeout          0x800'6ab7   0x2c  Code  Gb  user_timer.o [1]
TimerTx                 0x2000'3068   0x18  Data  Lc  user_app_comm.o [1]
UART_DMAAbortOnError     0x800'6149   0x16  Code  Lc  stm32l1xx_hal_uart.o [1]
UART_EndRxTransfer       0x800'610f   0x36  Code  Lc  stm32l1xx_hal_uart.o [1]
UART_EndTransmit_IT      0x800'61c7   0x20  Code  Lc  stm32l1xx_hal_uart.o [1]
UART_Receive_IT          0x800'61e7   0xe2  Code  Lc  stm32l1xx_hal_uart.o [1]
UART_SetConfig           0x800'62c9  0x16c  Code  Lc  stm32l1xx_hal_uart.o [1]
UART_Start_Receive_IT    0x800'60cb   0x44  Code  Gb  stm32l1xx_hal_uart.o [1]
UART_Transmit_IT         0x800'6161   0x66  Code  Lc  stm32l1xx_hal_uart.o [1]
UART_WaitOnFlagUntilTimeout
                         0x800'605d   0x6e  Code  Lc  stm32l1xx_hal_uart.o [1]
USART1_IRQHandler        0x800'd855    0xa  Code  Gb  stm32l1xx_it.o [1]
USART2_IRQHandler        0x800'd85f    0xa  Code  Gb  stm32l1xx_it.o [1]
USART3_IRQHandler        0x800'd869    0xa  Code  Gb  stm32l1xx_it.o [1]
UTIL_Log                 0x800'2393   0x2a  Code  Gb  user_util.o [1]
UTIL_Log_Str             0x800'23bd   0x34  Code  Gb  user_util.o [1]
UTIL_MEM_set             0x800'22d9   0x18  Code  Gb  user_util.o [1]
UTIL_Printf              0x800'22f1   0x22  Code  Gb  user_util.o [1]
UTIL_Printf_Dec          0x800'23f1   0x42  Code  Gb  user_util.o [1]
UTIL_Printf_Hex          0x800'232f   0x64  Code  Gb  user_util.o [1]
UTIL_Printf_Str          0x800'2313   0x1c  Code  Gb  user_util.o [1]
UTIL_Set_RTC             0x800'6b2d   0xb4  Code  Gb  user_timer.o [1]
UTIL_TIMER_IRQ_Handler   0x800'69eb   0xb2  Code  Gb  user_timer.o [1]
UTIL_TIMER_SetPeriod     0x800'69b1   0x3a  Code  Gb  user_timer.o [1]
UTIL_TIMER_Start         0x800'6885   0x92  Code  Gb  user_timer.o [1]
UTIL_TIMER_Stop          0x800'6917   0x9a  Code  Gb  user_timer.o [1]
UTIL_TimerDriver         0x800'd8d4   0x2c  Data  Gb  user_rtc.o [1]
Uart485RxByte           0x2000'3206    0x1  Data  Gb  user_uart.o [1]
UartDebugBuff           0x2000'1b1c  0x4b0  Data  Gb  user_uart.o [1]
UartDebugRxByte         0x2000'3205    0x1  Data  Gb  user_uart.o [1]
UartSimRxByte           0x2000'3204    0x1  Data  Gb  user_uart.o [1]
UsageFault_Handler       0x800'd83d    0x2  Code  Gb  stm32l1xx_it.o [1]
User_RTC_Init            0x800'90d1   0x8e  Code  Lc  user_rtc.o [1]
Write_485_Complete_Command_IVT
                         0x800'5301  0x160  Code  Gb  user_app_inverter.o [1]
Write_485_Complete_Command_IVT::count_disconnect
                        0x2000'31f9    0x1  Data  Lc  user_app_inverter.o [1]
Write_485_Complete_Command_IVT::gettick
                        0x2000'31bc    0x4  Data  Lc  user_app_inverter.o [1]
Write_485_Complete_Command_IVT::step
                        0x2000'31f8    0x1  Data  Lc  user_app_inverter.o [1]
Write_publish_header     0x800'b49d   0x92  Code  Gb  user_mqtt.o [1]
_CbAT_APN_ACTIVE         0x800'6cc3    0x6  Code  Lc  user_ec200u.o [1]
_CbAT_APN_AUTH           0x800'6c5d   0x66  Code  Lc  user_ec200u.o [1]
_CbAT_CHECK_RSSI         0x800'6c11   0x22  Code  Lc  user_ec200u.o [1]
_CbAT_CHECK_SIM          0x800'6d39   0x12  Code  Lc  user_ec200u.o [1]
_CbAT_GET_CLOCK          0x800'6d13   0x26  Code  Lc  user_ec200u.o [1]
[...]
_fGET_URLHTTP_FIRM       0x800'1441  0x1c6  Code  Gb  user_at_serial.o [1]
_fQUERY_ALL_LOG          0x800'1815    0x2  Code  Gb  user_at_serial.o [1]
_fQUERY_BAT_THRESH       0x800'0e65    0x2  Code  Gb  user_at_serial.o [1]
_fQUERY_CALIB_LEVEL      0x800'188d   0x18  Code  Gb  user_at_serial.o [1]
_fQUERY_DEV_SERIAL       0x800'05cb   0x1c  Code  Gb  user_at_serial.o [1]
_fQUERY_DUTY_READ_DA     0x800'0ae9   0xc4  Code  Gb  user_at_serial.o [1]
_fQUERY_FIRM_VER         0x800'1419   0x1c  Code  Gb  user_at_serial.o [1]
_fQUERY_FLOW_THRESH      0x800'0e5d    0x2  Code  Gb  user_at_serial.o [1]
_fQUERY_FREQ_ONLINE      0x800'0c45   0x4c  Code  Gb  user_at_serial.o [1]
_fQUERY_GPS_LOC          0x800'18ad   0x38  Code  Gb  user_at_serial.o [1]
_fQUERY_INDEX_LOG        0x800'1799   0x6a  Code  Gb  user_at_serial.o [1]
_fQUERY_INVERTER_READ    0x800'0229   0x6a  Code  Gb  user_at_serial.o [1]
_fQUERY_LEVEL_THRESH     0x800'18ab    0x2  Code  Gb  user_at_serial.o [1]
_fQUERY_LIST_ID_SLAVE    0x800'1c21   0xb4  Code  Gb  user_at_serial.o [1]
_fQUERY_PULSE_VALUE      0x800'0edb    0x2  Code  Gb  user_at_serial.o [1]
_fQUERY_QUAN_THRESH      0x800'0e61    0x2  Code  Gb  user_at_serial.o [1]
_fQUERY_RTC              0x800'11f1  0x1d8  Code  Gb  user_at_serial.o [1]
_fQUERY_SERVER_BACKUP_INFO
                         0x800'09a1   0x30  Code  Gb  user_at_serial.o [1]
_fQUERY_SERVER_MAIN_INFO
                         0x800'07bb   0x32  Code  Gb  user_at_serial.o [1]
_fQUERY_SIM_ID           0x800'05e7   0x1c  Code  Gb  user_at_serial.o [1]
_fREAD_OLD_DATA          0x800'0cfb    0x2  Code  Gb  user_at_serial.o [1]
_fREQ_SWITCH_SERVER      0x800'09d1   0x52  Code  Gb  user_at_serial.o [1]
_fRESET_MODEM            0x800'13cb   0x1c  Code  Gb  user_at_serial.o [1]
_fSET_BAT_THRESH         0x800'0e63    0x2  Code  Gb  user_at_serial.o [1]
_fSET_CALIB_LEVEL        0x800'186d   0x18  Code  Gb  user_at_serial.o [1]
_fSET_DATAPULSE_DEFAUL   0x800'0c95    0x2  Code  Gb  user_at_serial.o [1]
_fSET_DEV_SERIAL         0x800'052f   0x9c  Code  Gb  user_at_serial.o [1]
_fSET_DUTY_READ_DATA     0x800'0a29   0xc0  Code  Gb  user_at_serial.o [1]
_fSET_FLOW_THRESH        0x800'0d35  0x11e  Code  Gb  user_at_serial.o [1]
_fSET_FREQ_ONLINE        0x800'0bad   0x98  Code  Gb  user_at_serial.o [1]
_fSET_INVERTER_CONFIG    0x800'0125   0x7e  Code  Gb  user_at_serial.o [1]
_fSET_INVERTER_CONTROL   0x800'01a3   0x86  Code  Gb  user_at_serial.o [1]
_fSET_INVERTER_WRITE     0x800'0293  0x29c  Code  Gb  user_at_serial.o [1]
_fSET_LEVEL_THRESH       0x800'18a9    0x2  Code  Gb  user_at_serial.o [1]
_fSET_LIST_ID_SLAVE      0x800'1b1d  0x104  Code  Gb  user_at_serial.o [1]
_fSET_NUM_WAKEUP_DEV     0x800'0c97   0x64  Code  Gb  user_at_serial.o [1]
_fSET_PULSE_VALUE        0x800'0e67   0x74  Code  Gb  user_at_serial.o [1]
_fSET_QUAN_THRESH        0x800'0e5f    0x2  Code  Gb  user_at_serial.o [1]
_fSET_RF_RQ_STIME        0x800'13c9    0x2  Code  Gb  user_at_serial.o [1]
_fSET_RTC                0x800'10a5  0x13c  Code  Gb  user_at_serial.o [1]
_fSET_RTC_DATE           0x800'0fad   0xdc  Code  Gb  user_at_serial.o [1]
_fSET_RTC_TIME           0x800'0edd   0xca  Code  Gb  user_at_serial.o [1]
_fSET_SAVE_BOX           0x800'0cfd   0x34  Code  Gb  user_at_serial.o [1]
_fSET_SERVER_BACKUP_INFO
                         0x800'07ed  0x1b4  Code  Gb  user_at_serial.o [1]
_fSET_SERVER_MAIN_INFO   0x800'0603  0x1b8  Code  Gb  user_at_serial.o [1]
_fTEST_LOG               0x800'1803   0x12  Code  Gb  user_at_serial.o [1]
_mDATA_EVENT             0x800'bbef   0x54  Code  Gb  user_mqtt.o [1]
_mDATA_GPS               0x800'bc43   0x54  Code  Gb  user_mqtt.o [1]
_mDATA_HANDSHAKE         0x800'b5a9  0x434  Code  Gb  user_mqtt.o [1]
_mDATA_INTAN_TSVH        0x800'ba85   0x30  Code  Gb  user_mqtt.o [1]
_mDATA_ON_FLASH          0x800'bab5    0x6  Code  Gb  user_mqtt.o [1]
_mDATA_PING              0x800'bbb3   0x1a  Code  Gb  user_mqtt.o [1]
_mDATA_STATUS            0x800'bbcd   0x22  Code  Gb  user_mqtt.o [1]
_mDATA_TSVH_PACKET       0x800'b9dd   0x54  Code  Gb  user_mqtt.o [1]
_mDATA_TSVH_PACKET_OPERA
                         0x800'ba31   0x54  Code  Gb  user_mqtt.o [1]
_mInsert_Ping_Payload    0x800'bc97  0x160  Code  Gb  user_mqtt.o [1]
_mPayload_Sim_ID         0x800'be11   0x90  Code  Gb  user_mqtt.o [1]
_mSEND_ALARM_EMERGENCY   0x800'bb4b   0x68  Code  Gb  user_mqtt.o [1]
_mSEND_EMPTY_MESS        0x800'c109   0x32  Code  Gb  user_mqtt.o [1]
_mSEND_HARDRS_MCU        0x800'bb1b   0x30  Code  Gb  user_mqtt.o [1]
_mSEND_RECONNECT_SERVER
                         0x800'baeb   0x30  Code  Gb  user_mqtt.o [1]
_mSEND_RESPOND_FROM_RF   0x800'befd   0x5c  Code  Gb  user_mqtt.o [1]
_mSEND_RESPOND_SERVER    0x800'bea1   0x5c  Code  Gb  user_mqtt.o [1]
_mSEND_RESPOND_SERVER_ACK
                         0x800'bf59   0x5c  Code  Gb  user_mqtt.o [1]
_mSEND_SAVE_BOK_OK       0x800'c0cf   0x32  Code  Gb  user_mqtt.o [1]
_mSEND_SAVE_BOX_FAIL     0x800'c09d   0x32  Code  Gb  user_mqtt.o [1]
_mSEND_SERVER_TIME_FAIL
                         0x800'c06b   0x32  Code  Gb  user_mqtt.o [1]
_mSEND_SERVER_TIME_OK    0x800'c039   0x32  Code  Gb  user_mqtt.o [1]
_mSEND_SERVER_TIME_PENDING
                         0x800'c007   0x32  Code  Gb  user_mqtt.o [1]
_mSEND_SHUTTING_DOWN     0x800'babb   0x30  Code  Gb  user_mqtt.o [1]
_mSEND_SIM_ID            0x800'bdf7   0x1a  Code  Gb  user_mqtt.o [1]
_mSEND_UPDATE_FIRM_FAIL
                         0x800'c18d   0x8e  Code  Gb  user_mqtt.o [1]
_mSEND_UPDATE_FIRM_OK    0x800'c149   0x3e  Code  Gb  user_mqtt.o [1]
_main                    0x800'dd6f         Code  Gb  cmain.o [4]
_rClear_Data_InFlash     0x800'c441    0x2  Code  Gb  user_mqtt.o [1]
_rINTAN_DATA             0x800'c23d    0x2  Code  Gb  user_mqtt.o [1]
_rREQUEST_RESET          0x800'c21b    0xa  Code  Gb  user_mqtt.o [1]
_rREQ_AT_CMD             0x800'c381   0x18  Code  Gb  user_mqtt.o [1]
_rREQ_AT_TO_RF           0x800'c39d   0x18  Code  Gb  user_mqtt.o [1]
_rRESET_DATA             0x800'c365   0x1c  Code  Gb  user_mqtt.o [1]
_rUPDATE_FIRMWARE        0x800'c3b5   0x34  Code  Gb  user_mqtt.o [1]
_rUPDATE_TIME_SERVER     0x800'c23f  0x126  Code  Gb  user_mqtt.o [1]
aALRM_EMERGENCY         0x2000'23cc  0x400  Data  Gb  user_modem.o [1]
aAPN                    0x2000'0990   0x20  Data  Gb  user_sim_common.o [1]
aAPN_DIAL_STRING        0x2000'09b0   0x20  Data  Gb  user_sim_common.o [1]
aAPN_PASSWORD           0x2000'09f0   0x20  Data  Gb  user_sim_common.o [1]
aAPN_USERNAME           0x2000'09d0   0x20  Data  Gb  user_sim_common.o [1]
aAT_CMD                 0x2000'2acc  0x100  Data  Gb  user_modem.o [1]
aConfig_IVT_Flash       0x2000'2fc0   0x2c  Data  Gb  user_app_inverter.o [1]
aConfig_IVT_Receive     0x2000'3188    0x8  Data  Gb  user_app_inverter.o [1]
aDATA_CONFIG            0x2000'2c90   0x80  Data  Gb  user_at_serial.o [1]
aDATA_FLASH_READ        0x2000'1fcc  0x400  Data  Lc  user_external_flash.o [1]
aDATA_FLASH_SIM         0x2000'27cc  0x100  Data  Gb  user_app_sim.o [1]
aDATA_GPS               0x2000'28cc  0x100  Data  Gb  user_app_sim.o [1]
aDATA_MQTT              0x2000'0d0c  0x4b0  Data  Gb  user_mqtt.o [1]
aDCU_ID                 0x2000'0778   0x14  Data  Gb  user_modem.o [1]
aDefault_IVT_Receive    0x2000'3180    0x8  Data  Gb  user_app_inverter.o [1]
aFIRM_HTTP_URL          0x2000'0b98   0x50  Data  Gb  user_sim_common.o [1]
aFIRM_IP                0x2000'0b18   0x20  Data  Gb  user_sim_common.o [1]
aFIRM_NAME              0x2000'0b78   0x20  Data  Gb  user_sim_common.o [1]
aFIRM_PATH              0x2000'0b58   0x20  Data  Gb  user_sim_common.o [1]
aFIRM_PORT              0x2000'0b38   0x20  Data  Gb  user_sim_common.o [1]
aFlashCmd               0x2000'054c   0xb4  Data  Gb  user_external_flash.o [1]
aFlash_Erase_Chip_BlockCmd
                        0x2000'0628   0x10  Data  Lc  user_external_flash.o [1]
aFlash_Erase_Sector_BlockCmd
                        0x2000'0600   0x10  Data  Lc  user_external_flash.o [1]
aFlash_Read_Data_BlockCmd
                        0x2000'0624    0x4  Data  Lc  user_external_flash.o [1]
aFlash_Write_Data_BlockCmd
                        0x2000'0610   0x14  Data  Lc  user_external_flash.o [1]
aIP_SERVER_BACKUP       0x2000'0a94   0x28  Data  Gb  user_sim_common.o [1]
aIP_SERVER_MAIN         0x2000'0a10   0x28  Data  Gb  user_sim_common.o [1]
aPASS_MQTT_BACKUP       0x2000'0af0   0x28  Data  Gb  user_sim_common.o [1]
aPASS_MQTT_MAIN         0x2000'0a6c   0x28  Data  Gb  user_sim_common.o [1]
aPAYLOAD_MQTT           0x2000'11bc  0x4b0  Data  Gb  user_mqtt.o [1]
aPORT_SERVER_BACKUP     0x2000'0abc    0xc  Data  Gb  user_sim_common.o [1]
aPORT_SERVER_MAIN       0x2000'0a38    0xc  Data  Gb  user_sim_common.o [1]
aPublish_Header         0x2000'2f8c   0x34  Data  Gb  user_mqtt.o [1]
aRESPONDSE_AT           0x2000'29cc  0x100  Data  Gb  user_modem.o [1]
aRun_IVT_Receive        0x2000'3190    0x8  Data  Gb  user_app_inverter.o [1]
aSERIAL_MODULESIM       0x2000'3128   0x18  Data  Gb  user_sim_common.o [1]
aSIM_ID                 0x2000'0978   0x18  Data  Gb  user_sim_common.o [1]
aSIM_STEP_PUBLISH       0x2000'04e4    0x4  Data  Gb  user_ec200u.o [1]
aSIM_STEP_PUBLISH_FB    0x2000'04e8    0x4  Data  Gb  user_ec200u.o [1]
aSimEC200UStep           0x800'c978  0x758  Data  Gb  user_ec200u.o [1]
aSimStepBlockConnect    0x2000'04d8    0xc  Data  Gb  user_ec200u.o [1]
aSimStepBlockHttpInit   0x2000'04ec   0x14  Data  Gb  user_ec200u.o [1]
aSimStepBlockHttpRead   0x2000'0d08    0x2  Data  Gb  user_ec200u.o [1]
aSimStepBlockInit       0x2000'04bc   0x10  Data  Gb  user_ec200u.o [1]
aSimStepBlockNework     0x2000'04cc    0xc  Data  Gb  user_ec200u.o [1]
aSimUrc                  0x800'd5d0   0xf0  Data  Gb  user_ec200u.o [1]
aUART_485_DATA          0x2000'2f4c   0x40  Data  Gb  user_app_inverter.o [1]
aUSER_MQTT_BACKUP       0x2000'0ac8   0x28  Data  Gb  user_sim_common.o [1]
aUSER_MQTT_MAIN         0x2000'0a44   0x28  Data  Gb  user_sim_common.o [1]
at_callback_failure      0x800'6bef   0x14  Code  Lc  user_ec200u.o [1]
at_callback_success      0x800'6be9    0x6  Code  Lc  user_ec200u.o [1]
eFlash_Check_Pos_PartA   0x800'8c7d   0x9a  Code  Gb  user_external_flash.o [1]
eFlash_Check_Pos_PartA::MarkDefaultVar
                        0x2000'31ff    0x1  Data  Lc  user_external_flash.o [1]
eFlash_Check_Pos_PartB   0x800'8d3d   0xca  Code  Gb  user_external_flash.o [1]
eFlash_Check_Pos_PartB::MarkDefaultVar
                        0x2000'3200    0x1  Data  Lc  user_external_flash.o [1]
eFlash_Check_Write_To_PartAB
                         0x800'8c51    0x8  Code  Gb  user_external_flash.o [1]
eFlash_Default_Struct_Init_Pos
                         0x800'8afd   0x16  Code  Gb  user_external_flash.o [1]
eFlash_Get_Step_From_Queue
                         0x800'8abf   0x36  Code  Gb  user_external_flash.o [1]
eFlash_Is_Queue_Read_Empty
                         0x800'8c0b   0x14  Code  Gb  user_external_flash.o [1]
eFlash_Is_Queue_Write_Empty
                         0x800'8c1f   0x14  Code  Gb  user_external_flash.o [1]
eFlash_Push_Block_To_Queue
                         0x800'8a8f   0x30  Code  Gb  user_external_flash.o [1]
eFlash_Push_Step_Erase_Chip
                         0x800'8b21    0xe  Code  Gb  user_external_flash.o [1]
eFlash_Push_Step_Erase_Sector
                         0x800'8b13    0xe  Code  Gb  user_external_flash.o [1]
eFlash_Push_Step_To_Queue
                         0x800'8a59   0x36  Code  Gb  user_external_flash.o [1]
eFlash_Send_Address      0x800'8a4d    0xc  Code  Gb  user_external_flash.o [1]
eFlash_Send_To_Queue_Read
                         0x800'8c39   0x18  Code  Gb  user_external_flash.o [1]
eFlash_Send_To_Queue_Write
                         0x800'8c59   0x18  Code  Gb  user_external_flash.o [1]
eFlash_Setup_Init        0x800'8bfb   0x10  Code  Gb  user_external_flash.o [1]
eFlash_Status            0x800'8bf3    0x8  Code  Gb  user_external_flash.o [1]
eFlash_Test_Write        0x800'8b2f   0xc4  Code  Gb  user_external_flash.o [1]
eFlash_Test_Write::Retry
                        0x2000'31fe    0x1  Data  Lc  user_external_flash.o [1]
exit                     0x800'dd77    0x4  Code  Gb  exit.o [2]
fPushBlockSimStepToQueue
                         0x800'2a2f   0x30  Code  Gb  user_sim.o [1]
fPushSimStepToQueue      0x800'29e7   0x48  Code  Gb  user_sim.o [1]
fevent_active            0x800'330d   0x1e  Code  Gb  event_driven.o [1]
fevent_disable           0x800'334f   0x12  Code  Gb  event_driven.o [1]
fevent_enable            0x800'332b   0x24  Code  Gb  event_driven.o [1]
fevent_sim_at_send_handler
                         0x800'2515  0x100  Code  Lc  user_sim.o [1]
fevent_sim_at_send_ok_handler
                         0x800'2615   0xf2  Code  Lc  user_sim.o [1]
fevent_sim_at_send_timeout_handler
                         0x800'2707   0x8c  Code  Lc  user_sim.o [1]
fevent_sim_dtr_pin_handler
                         0x800'2933   0x28  Code  Lc  user_sim.o [1]
fevent_sim_dtr_pin_handler::DTR_PIN_Control_u8
                        0x2000'3203    0x1  Data  Lc  user_sim.o [1]
fevent_sim_hard_reset_handler
                         0x800'291b   0x12  Code  Lc  user_sim.o [1]
fevent_sim_power_off_handler
                         0x800'295b   0x8c  Code  Lc  user_sim.o [1]
fevent_sim_turn_on_handler
                         0x800'27fb  0x120  Code  Lc  user_sim.o [1]
fevent_sim_uart_receive_handler
                         0x800'2793   0x68  Code  Lc  user_sim.o [1]
fevent_sim_uart_receive_handler::LastLengthRecv
                        0x2000'31ea    0x2  Data  Lc  user_sim.o [1]
fevent_sim_uart_receive_handler::MarkFirst
                        0x2000'3202    0x1  Data  Lc  user_sim.o [1]
fevent_sim_wake_up_handler
                         0x800'292d    0x6  Code  Lc  user_sim.o [1]
hadc                    0x2000'2dd8   0x54  Data  Gb  adc.o [1]
hi2c1                   0x2000'2e2c   0x54  Data  Gb  i2c.o [1]
hrtc                    0x2000'3014   0x20  Data  Gb  rtc.o [1]
hspi2                   0x2000'2d80   0x58  Data  Gb  spi.o [1]
huart1                  0x2000'2e80   0x44  Data  Gb  usart.o [1]
huart2                  0x2000'2ec4   0x44  Data  Gb  usart.o [1]
huart3                  0x2000'2f08   0x44  Data  Gb  usart.o [1]
mData_MQTT               0x800'b52f   0x7a  Code  Gb  user_mqtt.o [1]
mPayload_Load_MesErr     0x800'bfcf   0x38  Code  Gb  user_mqtt.o [1]
mPayload_Update_Add      0x800'bfb5   0x1a  Code  Gb  user_mqtt.o [1]
mSet_default_MQTT        0x800'b485   0x18  Code  Gb  user_mqtt.o [1]
mUpdate_Split_FTP        0x800'c3e9   0x58  Code  Gb  user_mqtt.o [1]
main                     0x800'a161   0x30  Code  Gb  main.o [1]
memset                   0x800'32f9   0x14  Code  Gb  memset.o [4]
pFlash                  0x2000'3050   0x18  Data  Gb  stm32l1xx_hal_flash.o [1]
pFunc_Log_To_Mem        0x2000'31d8    0x4  Data  Gb  user_util.o [1]
pModemProcessIRQTimer   0x2000'31c4    0x4  Data  Gb  user_rtc.o [1]
qCopy_Data_From_Queue    0x800'807b   0x60  Code  Lc  queue_p.o [1]
qCopy_Data_To_Queue      0x800'8003   0x78  Code  Lc  queue_p.o [1]
qFlashRead              0x2000'3098   0x18  Data  Gb  user_external_flash.o [1]
qFlashStep              0x2000'3080   0x18  Data  Gb  user_external_flash.o [1]
qFlashWrite             0x2000'30b0   0x18  Data  Gb  user_external_flash.o [1]
qGet_Number_Items        0x800'80db    0x4  Code  Gb  queue_p.o [1]
qQueue_Back_Item         0x800'80df   0x54  Code  Gb  queue_p.o [1]
qQueue_Clear             0x800'7fa9    0xe  Code  Gb  queue_p.o [1]
qQueue_Receive           0x800'7fe1   0x22  Code  Gb  queue_p.o [1]
qQueue_Send              0x800'7fb7   0x2a  Code  Gb  queue_p.o [1]
qSimStep                0x2000'3110   0x18  Data  Gb  user_sim.o [1]
read_flash_IVT_u8       0x2000'31f0    0x1  Data  Gb  user_app_inverter.o [1]
sAppMem                 0x2000'3140   0x10  Data  Gb  user_app_mem.o [1]
sAppSimVar              0x2000'0000  0x290  Data  Gb  user_app_sim.o [1]
sCheck_Config_485_Inverter
                        0x2000'31b0    0x4  Data  Gb  user_app_inverter.o [1]
sDefault_485_Inverter   0x2000'3198    0x8  Data  Gb  user_app_inverter.o [1]
sEventAppComm           0x2000'029c   0x60  Data  Gb  user_app_comm.o [1]
sEventAppIVT            0x2000'0304   0x80  Data  Gb  user_app_inverter.o [1]
sEventAppMem            0x2000'041c   0x60  Data  Gb  user_app_mem.o [1]
sEventAppSim            0x2000'047c   0x40  Data  Gb  user_app_sim.o [1]
sEventExFlash           0x2000'050c   0x40  Data  Gb  user_external_flash.o [1]
sEventSim               0x2000'08c4   0x90  Data  Gb  user_sim.o [1]
sExFlash                0x2000'0638  0x140  Data  Gb  user_external_flash.o [1]
sExFlashInit            0x2000'3150    0xc  Data  Gb  user_external_flash.o [1]
sFileSys                0x2000'0cbc   0x44  Data  Gb  user_sim_common.o [1]
sFirmVersion            0x2000'02fc    0x8  Data  Gb  user_app_comm.o [1]
sFreqInfor              0x2000'08b8    0xc  Data  Gb  user_modem.o [1]
sFuncCBModem            0x2000'31c8    0x4  Data  Gb  user_sim.o [1]
sIVT_Recv               0x2000'038c   0x28  Data  Gb  user_app_inverter.o [1]
sMQTT                   0x2000'2bcc   0xc4  Data  Gb  user_mqtt.o [1]
sMark_DCU_Type           0x800'd7c8   0x6c  Data  Gb  user_mqtt.o [1]
sMark_MessageRecei_Type
                         0x800'd6c0   0x90  Data  Gb  user_mqtt.o [1]
sMark_MessageSend_Type   0x800'd420  0x1b0  Data  Gb  user_mqtt.o [1]
sModem                  0x2000'086c   0x4c  Data  Gb  user_modem.o [1]
sParam_IVT              0x2000'0384    0x8  Data  Gb  user_app_inverter.o [1]
sRTC                    0x2000'3174    0xc  Data  Gb  user_util.o [1]
sRTCSet                 0x2000'315c    0xc  Data  Gb  user_modem.o [1]
sRecEvent               0x2000'07c4   0x38  Data  Gb  user_modem.o [1]
sRecGPS                 0x2000'0834   0x38  Data  Gb  user_modem.o [1]
sRecLog                 0x2000'07fc   0x38  Data  Gb  user_modem.o [1]
sRecTSVH                0x2000'078c   0x38  Data  Gb  user_modem.o [1]
sRun_Stop_485_Inverter  0x2000'31a0    0x8  Data  Gb  user_app_inverter.o [1]
sSimCommFuncCallBack    0x2000'31cc    0x4  Data  Gb  user_sim_common.o [1]
sSimCommon              0x2000'2d10   0x70  Data  Gb  user_sim_common.o [1]
sSimFwUpdate            0x2000'0c6c   0x50  Data  Gb  user_sim_common.o [1]
sSimInfor               0x2000'0be8   0x84  Data  Gb  user_sim_common.o [1]
sSimVar                 0x2000'095c   0x1c  Data  Gb  user_sim.o [1]
sTempHumi               0x2000'03b4   0x54  Data  Gb  user_app_inverter.o [1]
sUart485                0x2000'0408    0x8  Data  Gb  user_app_inverter.o [1]
sUartDebug              0x2000'0d00    0x8  Data  Gb  user_uart.o [1]
sUartSim                0x2000'0954    0x8  Data  Gb  user_sim.o [1]
strchr                   0x800'a919         Code  Gb  strchr.o [4]
strlen                   0x800'66d5         Code  Gb  strlen.o [4]
strstr                   0x800'a135   0x2c  Code  Gb  strstr.o [2]
systick_ms              0x2000'31a8    0x4  Data  Gb  main.o [1]
topicString             0x2000'3168    0xc  Data  Gb  user_mqtt.o [1]
uartSimBuffReceive      0x2000'166c  0x4b0  Data  Gb  user_sim.o [1]
uwTick                  0x2000'31ac    0x4  Data  Gb  stm32l1xx_hal.o [1]
uwTickFreq              0x2000'0294    0x4  Data  Gb  stm32l1xx_hal.o [1]
uwTickPrio              0x2000'0290    0x4  Data  Gb  stm32l1xx_hal.o [1]
writeCString             0x800'c8e1   0x34  Code  Gb  MQTTPacket.o [1]
writeChar                0x800'c8ab    0xc  Code  Gb  MQTTPacket.o [1]
writeInt                 0x800'c8b7   0x2a  Code  Gb  MQTTPacket.o [1]
writeMQTTString          0x800'c915   0x46  Code  Gb  MQTTPacket.o [1]


[1] = D:\Saoviet_Bitbucket\Saoviet_Container\EWARM\GSM_Container\Obj
[2] = dl7M_tlf.a
[3] = m7M_tl.a
[4] = rt7M_tl.a
[5] = shb_l.a

  52'142 bytes of readonly  code memory
   9'531 bytes of readonly  data memory
  13'829 bytes of readwrite data memory

Errors: none
Warnings: none
